Component: ARM Compiler 5.06 update 6 (build 750) Tool: armlink [4d35ed]

==============================================================================

Section Cross References

    startup_stm32l433xx.o(STACK) refers (Special) to heapauxi.o(.text) for __use_two_region_memory
    startup_stm32l433xx.o(HEAP) refers (Special) to heapauxi.o(.text) for __use_two_region_memory
    startup_stm32l433xx.o(RESET) refers (Special) to heapauxi.o(.text) for __use_two_region_memory
    startup_stm32l433xx.o(RESET) refers to startup_stm32l433xx.o(STACK) for __initial_sp
    startup_stm32l433xx.o(RESET) refers to startup_stm32l433xx.o(.text) for Reset_Handler
    startup_stm32l433xx.o(RESET) refers to stm32l4xx_it.o(i.NMI_Handler) for NMI_Handler
    startup_stm32l433xx.o(RESET) refers to stm32l4xx_it.o(i.HardFault_Handler) for HardFault_Handler
    startup_stm32l433xx.o(RESET) refers to stm32l4xx_it.o(i.MemManage_Handler) for MemManage_Handler
    startup_stm32l433xx.o(RESET) refers to stm32l4xx_it.o(i.BusFault_Handler) for BusFault_Handler
    startup_stm32l433xx.o(RESET) refers to stm32l4xx_it.o(i.UsageFault_Handler) for UsageFault_Handler
    startup_stm32l433xx.o(RESET) refers to port.o(.emb_text) for SVC_Handler
    startup_stm32l433xx.o(RESET) refers to stm32l4xx_it.o(i.DebugMon_Handler) for DebugMon_Handler
    startup_stm32l433xx.o(RESET) refers to port.o(i.SysTick_Handler) for SysTick_Handler
    startup_stm32l433xx.o(RESET) refers to stm32l4xx_it.o(i.CAN1_TX_IRQHandler) for CAN1_TX_IRQHandler
    startup_stm32l433xx.o(RESET) refers to stm32l4xx_it.o(i.CAN1_RX0_IRQHandler) for CAN1_RX0_IRQHandler
    startup_stm32l433xx.o(RESET) refers to stm32l4xx_it.o(i.CAN1_RX1_IRQHandler) for CAN1_RX1_IRQHandler
    startup_stm32l433xx.o(RESET) refers to stm32l4xx_it.o(i.CAN1_SCE_IRQHandler) for CAN1_SCE_IRQHandler
    startup_stm32l433xx.o(RESET) refers to stm32l4xx_it.o(i.TIM1_UP_TIM16_IRQHandler) for TIM1_UP_TIM16_IRQHandler
    startup_stm32l433xx.o(.text) refers (Special) to heapauxi.o(.text) for __use_two_region_memory
    startup_stm32l433xx.o(.text) refers to system_stm32l4xx.o(i.SystemInit) for SystemInit
    startup_stm32l433xx.o(.text) refers to __main.o(!!!main) for __main
    startup_stm32l433xx.o(.text) refers to startup_stm32l433xx.o(HEAP) for Heap_Mem
    startup_stm32l433xx.o(.text) refers to startup_stm32l433xx.o(STACK) for Stack_Mem
    main_1.o(i.HAL_TIM_PeriodElapsedCallback) refers to stm32l4xx_hal.o(i.HAL_IncTick) for HAL_IncTick
    main_1.o(i._Z12MX_CAN1_Initv) refers to stm32l4xx_hal_can.o(i.HAL_CAN_Init) for HAL_CAN_Init
    main_1.o(i._Z12MX_CAN1_Initv) refers to main_1.o(i.Error_Handler) for Error_Handler
    main_1.o(i._Z12MX_CAN1_Initv) refers to main_1.o(.bss) for hcan1
    main_1.o(i._Z12MX_GPIO_Initv) refers to rt_memclr_w.o(.text) for __aeabi_memclr4
    main_1.o(i._Z12MX_GPIO_Initv) refers to stm32l4xx_hal_gpio.o(i.HAL_GPIO_Init) for HAL_GPIO_Init
    main_1.o(i._Z15MX_USB_PCD_Initv) refers to stm32l4xx_hal_pcd.o(i.HAL_PCD_Init) for HAL_PCD_Init
    main_1.o(i._Z15MX_USB_PCD_Initv) refers to main_1.o(i.Error_Handler) for Error_Handler
    main_1.o(i._Z15MX_USB_PCD_Initv) refers to main_1.o(.bss) for hpcd_USB_FS
    main_1.o(i._Z17MX_SDMMC1_SD_Initv) refers to main_1.o(.bss) for hsd1
    main_1.o(i._Z18SystemClock_Configv) refers to rt_memclr_w.o(.text) for __aeabi_memclr4
    main_1.o(i._Z18SystemClock_Configv) refers to stm32l4xx_hal_rcc.o(i.HAL_RCC_OscConfig) for HAL_RCC_OscConfig
    main_1.o(i._Z18SystemClock_Configv) refers to main_1.o(i.Error_Handler) for Error_Handler
    main_1.o(i._Z18SystemClock_Configv) refers to stm32l4xx_hal_rcc.o(i.HAL_RCC_ClockConfig) for HAL_RCC_ClockConfig
    main_1.o(i._Z18SystemClock_Configv) refers to stm32l4xx_hal_rcc_ex.o(i.HAL_RCCEx_PeriphCLKConfig) for HAL_RCCEx_PeriphCLKConfig
    main_1.o(i._Z18SystemClock_Configv) refers to stm32l4xx_hal_pwr_ex.o(i.HAL_PWREx_ControlVoltageScaling) for HAL_PWREx_ControlVoltageScaling
    main_1.o(i._Z19MX_USART1_UART_Initv) refers to stm32l4xx_hal_uart.o(i.HAL_UART_Init) for HAL_UART_Init
    main_1.o(i._Z19MX_USART1_UART_Initv) refers to main_1.o(i.Error_Handler) for Error_Handler
    main_1.o(i._Z19MX_USART1_UART_Initv) refers to main_1.o(.bss) for huart1
    main_1.o(i._Z19StartDataCollectionPKv) refers to datacollect.o(i._Z9storeDatav) for storeData()
    main_1.o(i._Z19StartDataCollectionPKv) refers to cmsis_os.o(i.osDelay) for osDelay
    main_1.o(i._Z21StartInternetServicesPKv) refers to internetconnect.o(i._Z15internetConnectv) for internetConnect()
    main_1.o(i._Z21StartInternetServicesPKv) refers to cmsis_os.o(i.osDelay) for osDelay
    main_1.o(i._Z9StartInitPKv) refers to cmsis_os.o(i.osDelay) for osDelay
    main_1.o(i.main) refers to stm32l4xx_hal.o(i.HAL_Init) for HAL_Init
    main_1.o(i.main) refers to main_1.o(i._Z18SystemClock_Configv) for SystemClock_Config()
    main_1.o(i.main) refers to main_1.o(i._Z12MX_GPIO_Initv) for MX_GPIO_Init()
[...]
    i.vPortSetupTimerInterrupt               0x08005a24   Section        0  port.o(i.vPortSetupTimerInterrupt)
    i.vPortValidateInterruptPriority         0x08005a4c   Section        0  port.o(i.vPortValidateInterruptPriority)
    i.vTaskDelay                             0x08005ac4   Section        0  tasks.o(i.vTaskDelay)
    i.vTaskInternalSetTimeOutState           0x08005b20   Section        0  tasks.o(i.vTaskInternalSetTimeOutState)
    i.vTaskMissedYield                       0x08005b38   Section        0  tasks.o(i.vTaskMissedYield)
    i.vTaskPlaceOnEventList                  0x08005b44   Section        0  tasks.o(i.vTaskPlaceOnEventList)
    i.vTaskStartScheduler                    0x08005b7c   Section        0  tasks.o(i.vTaskStartScheduler)
    i.vTaskSuspendAll                        0x08005c2c   Section        0  tasks.o(i.vTaskSuspendAll)
    i.vTaskSwitchContext                     0x08005c3c   Section        0  tasks.o(i.vTaskSwitchContext)
    i.xPortStartScheduler                    0x08005cc8   Section        0  port.o(i.xPortStartScheduler)
    i.xQueueGenericCreate                    0x08005e30   Section        0  queue.o(i.xQueueGenericCreate)
    i.xQueueGenericCreateStatic              0x08005e90   Section        0  queue.o(i.xQueueGenericCreateStatic)
    i.xQueueGenericReset                     0x08005f70   Section        0  queue.o(i.xQueueGenericReset)
    i.xQueueGenericSend                      0x08006008   Section        0  queue.o(i.xQueueGenericSend)
    i.xQueueGenericSendFromISR               0x080061b0   Section        0  queue.o(i.xQueueGenericSendFromISR)
    i.xQueueReceive                          0x080062b0   Section        0  queue.o(i.xQueueReceive)
    i.xQueueReceiveFromISR                   0x08006418   Section        0  queue.o(i.xQueueReceiveFromISR)
    i.xTaskCheckForTimeOut                   0x080064e8   Section        0  tasks.o(i.xTaskCheckForTimeOut)
    i.xTaskCreate                            0x08006574   Section        0  tasks.o(i.xTaskCreate)
    i.xTaskCreateStatic                      0x080065de   Section        0  tasks.o(i.xTaskCreateStatic)
    i.xTaskGetSchedulerState                 0x080066a0   Section        0  tasks.o(i.xTaskGetSchedulerState)
    i.xTaskGetTickCount                      0x080066c0   Section        0  tasks.o(i.xTaskGetTickCount)
    i.xTaskGetTickCountFromISR               0x080066cc   Section        0  tasks.o(i.xTaskGetTickCountFromISR)
    i.xTaskIncrementTick                     0x080066e0   Section        0  tasks.o(i.xTaskIncrementTick)
    i.xTaskPriorityDisinherit                0x08006828   Section        0  tasks.o(i.xTaskPriorityDisinherit)
    i.xTaskRemoveFromEventList               0x080068f0   Section        0  tasks.o(i.xTaskRemoveFromEventList)
    i.xTaskResumeAll                         0x08006988   Section        0  tasks.o(i.xTaskResumeAll)
    x$fpl$fpinit                             0x08006a8c   Section       10  fpinit.o(x$fpl$fpinit)
    $v0                                      0x08006a8c   Number         0  fpinit.o(x$fpl$fpinit)
    .constdata                               0x08006a98   Section       84  main_1.o(.constdata)
    .constdata                               0x08006aec   Section       36  sd_diskio.o(.constdata)
    .constdata                               0x08006b10   Section       72  system_stm32l4xx.o(.constdata)
    .conststring                             0x08006b58   Section       33  main_1.o(.conststring)
    .data                                    0x20000000   Section       12  main_1.o(.data)
    .data                                    0x2000000c   Section        8  sd_diskio.o(.data)
    Stat                                     0x2000000c   Data           1  sd_diskio.o(.data)
    SDQueueID                                0x20000010   Data           4  sd_diskio.o(.data)
    .data                                    0x20000014   Section        5  fatfs.o(.data)
    .data                                    0x2000001c   Section        9  stm32l4xx_hal.o(.data)
    .data                                    0x20000028   Section        4  system_stm32l4xx.o(.data)
    .data                                    0x2000002c   Section       60  tasks.o(.data)
    pxDelayedTaskList                        0x20000030   Data           4  tasks.o(.data)
    pxOverflowDelayedTaskList                0x20000034   Data           4  tasks.o(.data)
    uxDeletedTasksWaitingCleanUp             0x20000038   Data           4  tasks.o(.data)
    uxCurrentNumberOfTasks                   0x2000003c   Data           4  tasks.o(.data)
    xTickCount                               0x20000040   Data           4  tasks.o(.data)
    uxTopReadyPriority                       0x20000044   Data           4  tasks.o(.data)
    xSchedulerRunning                        0x20000048   Data           4  tasks.o(.data)
    uxPendedTicks                            0x2000004c   Data           4  tasks.o(.data)
    xYieldPending                            0x20000050   Data           4  tasks.o(.data)
    xNumOfOverflows                          0x20000054   Data           4  tasks.o(.data)
    uxTaskNumber                             0x20000058   Data           4  tasks.o(.data)
    xNextTaskUnblockTime                     0x2000005c   Data           4  tasks.o(.data)
    xIdleTaskHandle                          0x20000060   Data           4  tasks.o(.data)
    uxSchedulerSuspended                     0x20000064   Data           4  tasks.o(.data)
    .data                                    0x20000068   Section       24  heap_4.o(.data)
    xStart                                   0x20000068   Data           8  heap_4.o(.data)
    pxEnd                                    0x20000070   Data           4  heap_4.o(.data)
    xFreeBytesRemaining                      0x20000074   Data           4  heap_4.o(.data)
    xMinimumEverFreeBytesRemaining           0x20000078   Data           4  heap_4.o(.data)
    xBlockAllocatedBit                       0x2000007c   Data           4  heap_4.o(.data)
    .data                                    0x20000080   Section       12  port.o(.data)
    uxCriticalNesting                        0x20000080   Data           4  port.o(.data)
    ucMaxSysCallPriority                     0x20000084   Data           1  port.o(.data)
    ulMaxPRIGROUPValue                       0x20000088   Data           4  port.o(.data)
    .bss                                     0x2000008c   Section     1056  main_1.o(.bss)
    .bss                                     0x200004ac   Section      596  freertos.o(.bss)
    xIdleTaskTCBBuffer                       0x200004ac   Data          84  freertos.o(.bss)
    xIdleStack                               0x20000500   Data         512  freertos.o(.bss)
    .bss                                     0x20000700   Section       76  stm32l4xx_hal_timebase_tim.o(.bss)
    .bss                                     0x2000074c   Section       12  ff_gen_drv.o(.bss)
    .bss                                     0x20000758   Section      240  tasks.o(.bss)
    pxReadyTasksLists                        0x20000758   Data         140  tasks.o(.bss)
    xDelayedTaskList1                        0x200007e4   Data          20  tasks.o(.bss)
    xDelayedTaskList2                        0x200007f8   Data          20  tasks.o(.bss)
    xPendingReadyList                        0x2000080c   Data          20  tasks.o(.bss)
    xTasksWaitingTermination                 0x20000820   Data          20  tasks.o(.bss)
    xSuspendedTaskList                       0x20000834   Data          20  tasks.o(.bss)
    .bss                                     0x20000848   Section     3000  heap_4.o(.bss)
    ucHeap                                   0x20000848   Data        3000  heap_4.o(.bss)
    .bss                                     0x20001400   Section       96  libspace.o(.bss)
    HEAP                                     0x20001460   Section      512  startup_stm32l433xx.o(HEAP)
    Heap_Mem                                 0x20001460   Data         512  startup_stm32l433xx.o(HEAP)
    STACK                                    0x20001660   Section     1024  startup_stm32l433xx.o(STACK)
    Stack_Mem                                0x20001660   Data        1024  startup_stm32l433xx.o(STACK)
    __initial_sp                             0x20001a60   Data           0  startup_stm32l433xx.o(STACK)

    Global Symbols

    Symbol Name                              Value     Ov Type        Size  Object(Section)

    BuildAttributes$$THM_ISAv4$E$P$D$K$B$S$7EM$VFPi3$EXTD16$VFPS$VFMA$PE$A:L22UL41UL21$X:L11$S22US41US21$IEEE1$IW$USESV6$~STKCKD$USESV7$~SHL$OSPACE$ROPI$EBA8$UX$STANDARDLIB$REQ8$PRES8$EABIv2 0x00000000   Number         0  anon$$obj.o ABSOLUTE
    __ARM_use_no_argv                        0x00000000   Number         0  main_1.o ABSOLUTE
    __ARM_exceptions_init                     - Undefined Weak Reference
    __alloca_initialize                       - Undefined Weak Reference
    __arm_preinit_                            - Undefined Weak Reference
    __cpp_initialize__aeabi_                  - Undefined Weak Reference
    __cxa_finalize                            - Undefined Weak Reference
    __rt_locale                               - Undefined Weak Reference
    __sigvec_lookup                           - Undefined Weak Reference
    _atexit_init                              - Undefined Weak Reference
    _call_atexit_fns                          - Undefined Weak Reference
    _clock_init                               - Undefined Weak Reference
    _fp_trap_init                             - Undefined Weak Reference
    _fp_trap_shutdown                         - Undefined Weak Reference
    _get_lc_collate                           - Undefined Weak Reference
    _get_lc_ctype                             - Undefined Weak Reference
    _get_lc_monetary                          - Undefined Weak Reference
    _get_lc_numeric                           - Undefined Weak Reference
    _get_lc_time                              - Undefined Weak Reference
    _getenv_init                              - Undefined Weak Reference
    _handle_redirection                       - Undefined Weak Reference
    _init_alloc                               - Undefined Weak Reference
    _init_user_alloc                          - Undefined Weak Reference
    _initio                                   - Undefined Weak Reference
    _rand_init                                - Undefined Weak Reference
    _signal_finish                            - Undefined Weak Reference
    _signal_init                              - Undefined Weak Reference
    _terminate_alloc                          - Undefined Weak Reference
    _terminate_user_alloc                     - Undefined Weak Reference
    _terminateio                              - Undefined Weak Reference
    __Vectors_Size                           0x0000018c   Number         0  startup_stm32l433xx.o ABSOLUTE
    __Vectors                                0x08000000   Data           4  startup_stm32l433xx.o(RESET)
    __Vectors_End                            0x0800018c   Data           0  startup_stm32l433xx.o(RESET)
    __main                                   0x0800018d   Thumb Code     8  __main.o(!!!main)
    __scatterload                            0x08000195   Thumb Code     0  __scatter.o(!!!scatter)
    __scatterload_rt2                        0x08000195   Thumb Code    44  __scatter.o(!!!scatter)
    __scatterload_rt2_thumb_only             0x08000195   Thumb Code     0  __scatter.o(!!!scatter)
    __scatterload_null                       0x080001a3   Thumb Code     0  __scatter.o(!!!scatter)
    __scatterload_copy                       0x080001c9   Thumb Code    26  __scatter_copy.o(!!handler_copy)
    __scatterload_zeroinit                   0x080001e5   Thumb Code    28  __scatter_zi.o(!!handler_zi)
    __rt_lib_init                            0x08000201   Thumb Code     0  libinit.o(.ARM.Collect$$libinit$$00000000)
    __rt_lib_init_fp_1                       0x08000203   Thumb Code     0  libinit2.o(.ARM.Collect$$libinit$$00000001)
    __rt_lib_init_alloca_1                   0x08000207   Thumb Code     0  libinit2.o(.ARM.Collect$$libinit$$0000002E)
    __rt_lib_init_argv_1                     0x08000207   Thumb Code     0  libinit2.o(.ARM.Collect$$libinit$$0000002C)
    __rt_lib_init_atexit_1                   0x08000207   Thumb Code     0  libinit2.o(.ARM.Collect$$libinit$$0000001B)
    __rt_lib_init_clock_1                    0x08000207   Thumb Code     0  libinit2.o(.ARM.Collect$$libinit$$00000021)
    __rt_lib_init_cpp_1                      0x08000207   Thumb Code     0  libinit2.o(.ARM.Collect$$libinit$$00000032)
    __rt_lib_init_exceptions_1               0x08000207   Thumb Code     0  libinit2.o(.ARM.Collect$$libinit$$00000030)
    __rt_lib_init_fp_trap_1                  0x08000207   Thumb Code     0  libinit2.o(.ARM.Collect$$libinit$$0000001F)
    __rt_lib_init_getenv_1                   0x08000207   Thumb Code     0  libinit2.o(.ARM.Collect$$libinit$$00000023)
    __rt_lib_init_heap_1                     0x08000207   Thumb Code     0  libinit2.o(.ARM.Collect$$libinit$$0000000A)
    __rt_lib_init_lc_collate_1               0x08000207   Thumb Code     0  libinit2.o(.ARM.Collect$$libinit$$00000011)
    __rt_lib_init_lc_ctype_1                 0x08000207   Thumb Code     0  libinit2.o(.ARM.Collect$$libinit$$00000013)
    __rt_lib_init_lc_monetary_1              0x08000207   Thumb Code     0  libinit2.o(.ARM.Collect$$libinit$$00000015)
    __rt_lib_init_lc_numeric_1               0x08000207   Thumb Code     0  libinit2.o(.ARM.Collect$$libinit$$00000017)
    __rt_lib_init_lc_time_1                  0x08000207   Thumb Code     0  libinit2.o(.ARM.Collect$$libinit$$00000019)
    __rt_lib_init_preinit_1                  0x08000207   Thumb Code     0  libinit2.o(.ARM.Collect$$libinit$$00000004)
    __rt_lib_init_rand_1                     0x08000207   Thumb Code     0  libinit2.o(.ARM.Collect$$libinit$$0000000E)
    __rt_lib_init_return                     0x08000207   Thumb Code     0  libinit2.o(.ARM.Collect$$libinit$$00000033)
    __rt_lib_init_signal_1                   0x08000207   Thumb Code     0  libinit2.o(.ARM.Collect$$libinit$$0000001D)
    __rt_lib_init_stdio_1                    0x08000207   Thumb Code     0  libinit2.o(.ARM.Collect$$libinit$$00000025)
    __rt_lib_init_user_alloc_1               0x08000207   Thumb Code     0  libinit2.o(.ARM.Collect$$libinit$$0000000C)
    __rt_lib_shutdown                        0x08000209   Thumb Code     0  libshutdown.o(.ARM.Collect$$libshutdown$$00000000)
    __rt_lib_shutdown_cpp_1                  0x0800020b   Thumb Code     0  libshutdown2.o(.ARM.Collect$$libshutdown$$00000002)
    __rt_lib_shutdown_fp_trap_1              0x0800020b   Thumb Code     0  libshutdown2.o(.ARM.Collect$$libshutdown$$00000007)
    __rt_lib_shutdown_heap_1                 0x0800020b   Thumb Code     0  libshutdown2.o(.ARM.Collect$$libshutdown$$0000000F)
    __rt_lib_shutdown_return                 0x0800020b   Thumb Code     0  libshutdown2.o(.ARM.Collect$$libshutdown$$00000010)
    __rt_lib_shutdown_signal_1               0x0800020b   Thumb Code     0  libshutdown2.o(.ARM.Collect$$libshutdown$$0000000A)
    __rt_lib_shutdown_stdio_1                0x0800020b   Thumb Code     0  libshutdown2.o(.ARM.Collect$$libshutdown$$00000004)
    __rt_lib_shutdown_user_alloc_1           0x0800020b   Thumb Code     0  libshutdown2.o(.ARM.Collect$$libshutdown$$0000000C)
    __rt_entry                               0x0800020d   Thumb Code     0  __rtentry.o(.ARM.Collect$$rtentry$$00000000)
    __rt_entry_presh_1                       0x0800020d   Thumb Code     0  __rtentry2.o(.ARM.Collect$$rtentry$$00000002)
    __rt_entry_sh                            0x0800020d   Thumb Code     0  __rtentry4.o(.ARM.Collect$$rtentry$$00000004)
    __rt_entry_li                            0x08000213   Thumb Code     0  __rtentry2.o(.ARM.Collect$$rtentry$$0000000A)
    __rt_entry_postsh_1                      0x08000213   Thumb Code     0  __rtentry2.o(.ARM.Collect$$rtentry$$00000009)
    __rt_entry_main                          0x08000217   Thumb Code     0  __rtentry2.o(.ARM.Collect$$rtentry$$0000000D)
    __rt_entry_postli_1                      0x08000217   Thumb Code     0  __rtentry2.o(.ARM.Collect$$rtentry$$0000000C)
    __rt_exit                                0x0800021f   Thumb Code     0  rtexit.o(.ARM.Collect$$rtexit$$00000000)
    __rt_exit_ls                             0x08000221   Thumb Code     0  rtexit2.o(.ARM.Collect$$rtexit$$00000003)
    __rt_exit_prels_1                        0x08000221   Thumb Code     0  rtexit2.o(.ARM.Collect$$rtexit$$00000002)
    __rt_exit_exit                           0x08000225   Thumb Code     0  rtexit2.o(.ARM.Collect$$rtexit$$00000004)
    SVC_Handler                              0x0800022d   Thumb Code    28  port.o(.emb_text)
    __asm___6_port_c_39a90d8d__prvStartFirstTask 0x0800024d   Thumb Code    36  port.o(.emb_text)
    __asm___6_port_c_39a90d8d__prvEnableVFP  0x08000275   Thumb Code    16  port.o(.emb_text)
    PendSV_Handler                           0x08000289   Thumb Code    88  port.o(.emb_text)
    vPortGetIPSR                             0x080002e5   Thumb Code     6  port.o(.emb_text)
    Reset_Handler                            0x0800030d   Thumb Code     8  startup_stm32l433xx.o(.text)
    ADC1_IRQHandler                          0x08000327   Thumb Code     0  startup_stm32l433xx.o(.text)
    COMP_IRQHandler                          0x08000327   Thumb Code     0  startup_stm32l433xx.o(.text)
    CRS_IRQHandler                           0x08000327   Thumb Code     0  startup_stm32l433xx.o(.text)
    DMA1_Channel1_IRQHandler                 0x08000327   Thumb Code     0  startup_stm32l433xx.o(.text)
    DMA1_Channel2_IRQHandler                 0x08000327   Thumb Code     0  startup_stm32l433xx.o(.text)
    DMA1_Channel3_IRQHandler                 0x08000327   Thumb Code     0  startup_stm32l433xx.o(.text)
    DMA1_Channel4_IRQHandler                 0x08000327   Thumb Code     0  startup_stm32l433xx.o(.text)
    DMA1_Channel5_IRQHandler                 0x08000327   Thumb Code     0  startup_stm32l433xx.o(.text)
    DMA1_Channel6_IRQHandler                 0x08000327   Thumb Code     0  startup_stm32l433xx.o(.text)
    DMA1_Channel7_IRQHandler                 0x08000327   Thumb Code     0  startup_stm32l433xx.o(.text)
    DMA2_Channel1_IRQHandler                 0x08000327   Thumb Code     0  startup_stm32l433xx.o(.text)
    DMA2_Channel2_IRQHandler                 0x08000327   Thumb Code     0  startup_stm32l433xx.o(.text)
    DMA2_Channel3_IRQHandler                 0x08000327   Thumb Code     0  startup_stm32l433xx.o(.text)
    DMA2_Channel4_IRQHandler                 0x08000327   Thumb Code     0  startup_stm32l433xx.o(.text)
    DMA2_Channel5_IRQHandler                 0x08000327   Thumb Code     0  startup_stm32l433xx.o(.text)
    DMA2_Channel6_IRQHandler                 0x08000327   Thumb Code     0  startup_stm32l433xx.o(.text)
    DMA2_Channel7_IRQHandler                 0x08000327   Thumb Code     0  startup_stm32l433xx.o(.text)
    EXTI0_IRQHandler                         0x08000327   Thumb Code     0  startup_stm32l433xx.o(.text)
    EXTI15_10_IRQHandler                     0x08000327   Thumb Code     0  startup_stm32l433xx.o(.text)
    EXTI1_IRQHandler                         0x08000327   Thumb Code     0  startup_stm32l433xx.o(.text)
    EXTI2_IRQHandler                         0x08000327   Thumb Code     0  startup_stm32l433xx.o(.text)
    EXTI3_IRQHandler                         0x08000327   Thumb Code     0  startup_stm32l433xx.o(.text)
    EXTI4_IRQHandler                         0x08000327   Thumb Code     0  startup_stm32l433xx.o(.text)
    EXTI9_5_IRQHandler                       0x08000327   Thumb Code     0  startup_stm32l433xx.o(.text)
    FLASH_IRQHandler                         0x08000327   Thumb Code     0  startup_stm32l433xx.o(.text)
    FPU_IRQHandler                           0x08000327   Thumb Code     0  startup_stm32l433xx.o(.text)
    I2C1_ER_IRQHandler                       0x08000327   Thumb Code     0  startup_stm32l433xx.o(.text)
    I2C1_EV_IRQHandler                       0x08000327   Thumb Code     0  startup_stm32l433xx.o(.text)
    I2C2_ER_IRQHandler                       0x08000327   Thumb Code     0  startup_stm32l433xx.o(.text)
    I2C2_EV_IRQHandler                       0x08000327   Thumb Code     0  startup_stm32l433xx.o(.text)
    I2C3_ER_IRQHandler                       0x08000327   Thumb Code     0  startup_stm32l433xx.o(.text)
    I2C3_EV_IRQHandler                       0x08000327   Thumb Code     0  startup_stm32l433xx.o(.text)
    LCD_IRQHandler                           0x08000327   Thumb Code     0  startup_stm32l433xx.o(.text)
    LPTIM1_IRQHandler                        0x08000327   Thumb Code     0  startup_stm32l433xx.o(.text)
    LPTIM2_IRQHandler                        0x08000327   Thumb Code     0  startup_stm32l433xx.o(.text)
    LPUART1_IRQHandler                       0x08000327   Thumb Code     0  startup_stm32l433xx.o(.text)
    PVD_PVM_IRQHandler                       0x08000327   Thumb Code     0  startup_stm32l433xx.o(.text)
    QUADSPI_IRQHandler                       0x08000327   Thumb Code     0  startup_stm32l433xx.o(.text)
    RCC_IRQHandler                           0x08000327   Thumb Code     0  startup_stm32l433xx.o(.text)
    RNG_IRQHandler                           0x08000327   Thumb Code     0  startup_stm32l433xx.o(.text)
    RTC_Alarm_IRQHandler                     0x08000327   Thumb Code     0  startup_stm32l433xx.o(.text)
    RTC_WKUP_IRQHandler                      0x08000327   Thumb Code     0  startup_stm32l433xx.o(.text)
    SAI1_IRQHandler                          0x08000327   Thumb Code     0  startup_stm32l433xx.o(.text)
    SDMMC1_IRQHandler                        0x08000327   Thumb Code     0  startup_stm32l433xx.o(.text)
    SPI1_IRQHandler                          0x08000327   Thumb Code     0  startup_stm32l433xx.o(.text)
    SPI2_IRQHandler                          0x08000327   Thumb Code     0  startup_stm32l433xx.o(.text)
    SPI3_IRQHandler                          0x08000327   Thumb Code     0  startup_stm32l433xx.o(.text)
    SWPMI1_IRQHandler                        0x08000327   Thumb Code     0  startup_stm32l433xx.o(.text)
    TAMP_STAMP_IRQHandler                    0x08000327   Thumb Code     0  startup_stm32l433xx.o(.text)
    TIM1_BRK_TIM15_IRQHandler                0x08000327   Thumb Code     0  startup_stm32l433xx.o(.text)
    TIM1_CC_IRQHandler                       0x08000327   Thumb Code     0  startup_stm32l433xx.o(.text)
    TIM1_TRG_COM_IRQHandler                  0x08000327   Thumb Code     0  startup_stm32l433xx.o(.text)
    TIM2_IRQHandler                          0x08000327   Thumb Code     0  startup_stm32l433xx.o(.text)
    TIM6_DAC_IRQHandler                      0x08000327   Thumb Code     0  startup_stm32l433xx.o(.text)
    TIM7_IRQHandler                          0x08000327   Thumb Code     0  startup_stm32l433xx.o(.text)
    TSC_IRQHandler                           0x08000327   Thumb Code     0  startup_stm32l433xx.o(.text)
    USART1_IRQHandler                        0x08000327   Thumb Code     0  startup_stm32l433xx.o(.text)
    USART2_IRQHandler                        0x08000327   Thumb Code     0  startup_stm32l433xx.o(.text)
    USART3_IRQHandler                        0x08000327   Thumb Code     0  startup_stm32l433xx.o(.text)
    USB_IRQHandler                           0x08000327   Thumb Code     0  startup_stm32l433xx.o(.text)
    WWDG_IRQHandler                          0x08000327   Thumb Code     0  startup_stm32l433xx.o(.text)
    __user_initial_stackheap                 0x08000329   Thumb Code     0  startup_stm32l433xx.o(.text)
    __aeabi_uldivmod                         0x0800034d   Thumb Code     0  lludivv7m.o(.text)
    _ll_udiv                                 0x0800034d   Thumb Code   238  lludivv7m.o(.text)
    __aeabi_memcpy                           0x0800043b   Thumb Code     0  rt_memcpy_v6.o(.text)
    __rt_memcpy                              0x0800043b   Thumb Code   138  rt_memcpy_v6.o(.text)
    _memcpy_lastbytes                        0x080004a1   Thumb Code     0  rt_memcpy_v6.o(.text)
    __aeabi_memcpy4                          0x080004c5   Thumb Code     0  rt_memcpy_w.o(.text)
    __aeabi_memcpy8                          0x080004c5   Thumb Code     0  rt_memcpy_w.o(.text)
    __rt_memcpy_w                            0x080004c5   Thumb Code   100  rt_memcpy_w.o(.text)
    _memcpy_lastbytes_aligned                0x0800050d   Thumb Code     0  rt_memcpy_w.o(.text)
    __aeabi_memclr4                          0x08000529   Thumb Code     0  rt_memclr_w.o(.text)
    __aeabi_memclr8                          0x08000529   Thumb Code     0  rt_memclr_w.o(.text)
    __rt_memclr_w                            0x08000529   Thumb Code    78  rt_memclr_w.o(.text)
    _memset_w                                0x0800052d   Thumb Code     0  rt_memclr_w.o(.text)
    __use_two_region_memory                  0x08000577   Thumb Code     2  heapauxi.o(.text)
    __rt_heap_escrow$2region                 0x08000579   Thumb Code     2  heapauxi.o(.text)
    __rt_heap_expand$2region                 0x0800057b   Thumb Code     2  heapauxi.o(.text)
    __user_setup_stackheap                   0x0800057d   Thumb Code    74  sys_stackheap_outer.o(.text)
    exit                                     0x080005c7   Thumb Code    18  exit.o(.text)
    __user_libspace                          0x080005d9   Thumb Code     8  libspace.o(.text)
    __user_perproc_libspace                  0x080005d9   Thumb Code     0  libspace.o(.text)
    __user_perthread_libspace                0x080005d9   Thumb Code     0  libspace.o(.text)
    _sys_exit                                0x080005e1   Thumb Code     8  sys_exit.o(.text)
    __I$use$semihosting                      0x080005ed   Thumb Code     0  use_no_semi.o(.text)
    __use_no_semihosting_swi                 0x080005ed   Thumb Code     2  use_no_semi.o(.text)
    __semihosting_library_function           0x080005ef   Thumb Code     0  indicate_semi.o(.text)
    BSP_PlatformIsDetected                   0x080005f1   Thumb Code    20  fatfs_platform.o(i.BSP_PlatformIsDetected)
    BSP_SD_GetCardInfo                       0x08000609   Thumb Code    14  bsp_driver_sd.o(i.BSP_SD_GetCardInfo)
    BSP_SD_GetCardState                      0x0800061d   Thumb Code    20  bsp_driver_sd.o(i.BSP_SD_GetCardState)
    BSP_SD_Init                              0x08000635   Thumb Code    44  bsp_driver_sd.o(i.BSP_SD_Init)
    BSP_SD_IsDetected                        0x08000665   Thumb Code    22  bsp_driver_sd.o(i.BSP_SD_IsDetected)
    BSP_SD_ReadBlocks_DMA                    0x0800067d   Thumb Code    34  bsp_driver_sd.o(i.BSP_SD_ReadBlocks_DMA)
    BSP_SD_ReadCpltCallback                  0x080006a5   Thumb Code    16  sd_diskio.o(i.BSP_SD_ReadCpltCallback)
    BSP_SD_WriteBlocks_DMA                   0x080006b9   Thumb Code    34  bsp_driver_sd.o(i.BSP_SD_WriteBlocks_DMA)
    BusFault_Handler                         0x080006e1   Thumb Code     4  stm32l4xx_it.o(i.BusFault_Handler)
    CAN1_RX0_IRQHandler                      0x080006e5   Thumb Code    10  stm32l4xx_it.o(i.CAN1_RX0_IRQHandler)
    CAN1_RX1_IRQHandler                      0x080006f5   Thumb Code    10  stm32l4xx_it.o(i.CAN1_RX1_IRQHandler)
    CAN1_SCE_IRQHandler                      0x08000705   Thumb Code    10  stm32l4xx_it.o(i.CAN1_SCE_IRQHandler)
    CAN1_TX_IRQHandler                       0x08000715   Thumb Code    10  stm32l4xx_it.o(i.CAN1_TX_IRQHandler)
    DebugMon_Handler                         0x08000755   Thumb Code     2  stm32l4xx_it.o(i.DebugMon_Handler)
    Error_Handler                            0x08000757   Thumb Code     2  main_1.o(i.Error_Handler)
    FATFS_LinkDriver                         0x08000759   Thumb Code    18  ff_gen_drv.o(i.FATFS_LinkDriver)
    FATFS_LinkDriverEx                       0x0800076d   Thumb Code    78  ff_gen_drv.o(i.FATFS_LinkDriverEx)
    HAL_CAN_ErrorCallback                    0x080007c1   Thumb Code     2  stm32l4xx_hal_can.o(i.HAL_CAN_ErrorCallback)
    HAL_CAN_IRQHandler                       0x080007c3   Thumb Code   590  stm32l4xx_hal_can.o(i.HAL_CAN_IRQHandler)
    HAL_CAN_Init                             0x08000a17   Thumb Code   372  stm32l4xx_hal_can.o(i.HAL_CAN_Init)
    HAL_CAN_MspInit                          0x08000b8d   Thumb Code   174  stm32l4xx_hal_msp.o(i.HAL_CAN_MspInit)
    HAL_CAN_RxFifo0FullCallback              0x08000c49   Thumb Code     2  stm32l4xx_hal_can.o(i.HAL_CAN_RxFifo0FullCallback)
    HAL_CAN_RxFifo0MsgPendingCallback        0x08000c4b   Thumb Code     2  stm32l4xx_hal_can.o(i.HAL_CAN_RxFifo0MsgPendingCallback)
    HAL_CAN_RxFifo1FullCallback              0x08000c4d   Thumb Code     2  stm32l4xx_hal_can.o(i.HAL_CAN_RxFifo1FullCallback)
    HAL_CAN_RxFifo1MsgPendingCallback        0x08000c4f   Thumb Code     2  stm32l4xx_hal_can.o(i.HAL_CAN_RxFifo1MsgPendingCallback)
    HAL_CAN_SleepCallback                    0x08000c51   Thumb Code     2  stm32l4xx_hal_can.o(i.HAL_CAN_SleepCallback)
    HAL_CAN_TxMailbox0AbortCallback          0x08000c53   Thumb Code     2  stm32l4xx_hal_can.o(i.HAL_CAN_TxMailbox0AbortCallback)
    HAL_CAN_TxMailbox0CompleteCallback       0x08000c55   Thumb Code     2  stm32l4xx_hal_can.o(i.HAL_CAN_TxMailbox0CompleteCallback)
    HAL_CAN_TxMailbox1AbortCallback          0x08000c57   Thumb Code     2  stm32l4xx_hal_can.o(i.HAL_CAN_TxMailbox1AbortCallback)
    HAL_CAN_TxMailbox1CompleteCallback       0x08000c59   Thumb Code     2  stm32l4xx_hal_can.o(i.HAL_CAN_TxMailbox1CompleteCallback)
    HAL_CAN_TxMailbox2AbortCallback          0x08000c5b   Thumb Code     2  stm32l4xx_hal_can.o(i.HAL_CAN_TxMailbox2AbortCallback)
    HAL_CAN_TxMailbox2CompleteCallback       0x08000c5d   Thumb Code     2  stm32l4xx_hal_can.o(i.HAL_CAN_TxMailbox2CompleteCallback)
    HAL_CAN_WakeUpFromRxMsgCallback          0x08000c5f   Thumb Code     2  stm32l4xx_hal_can.o(i.HAL_CAN_WakeUpFromRxMsgCallback)
    HAL_DMA_Start_IT                         0x08000c61   Thumb Code   156  stm32l4xx_hal_dma.o(i.HAL_DMA_Start_IT)
    HAL_Delay                                0x08000cfd   Thumb Code    36  stm32l4xx_hal.o(i.HAL_Delay)
    HAL_GPIO_Init                            0x08000d25   Thumb Code   428  stm32l4xx_hal_gpio.o(i.HAL_GPIO_Init)
    HAL_GPIO_ReadPin                         0x08000eed   Thumb Code    16  stm32l4xx_hal_gpio.o(i.HAL_GPIO_ReadPin)
    HAL_GetTick                              0x08000efd   Thumb Code     6  stm32l4xx_hal.o(i.HAL_GetTick)
    HAL_IncTick                              0x08000f09   Thumb Code    16  stm32l4xx_hal.o(i.HAL_IncTick)
    HAL_Init                                 0x08000f21   Thumb Code    30  stm32l4xx_hal.o(i.HAL_Init)
    HAL_InitTick                             0x08000f41   Thumb Code   118  stm32l4xx_hal_timebase_tim.o(i.HAL_InitTick)
    HAL_MspInit                              0x08000fc9   Thumb Code    58  stm32l4xx_hal_msp.o(i.HAL_MspInit)
    HAL_NVIC_EnableIRQ                       0x08001009   Thumb Code    40  stm32l4xx_hal_cortex.o(i.HAL_NVIC_EnableIRQ)
    HAL_NVIC_SetPriority                     0x08001031   Thumb Code   124  stm32l4xx_hal_cortex.o(i.HAL_NVIC_SetPriority)
    HAL_NVIC_SetPriorityGrouping             0x080010b5   Thumb Code    32  stm32l4xx_hal_cortex.o(i.HAL_NVIC_SetPriorityGrouping)
    HAL_PCDEx_ActivateLPM                    0x080010dd   Thumb Code    40  stm32l4xx_hal_pcd_ex.o(i.HAL_PCDEx_ActivateLPM)
    HAL_PCD_Init                             0x08001105   Thumb Code   356  stm32l4xx_hal_pcd.o(i.HAL_PCD_Init)
    HAL_PCD_MspInit                          0x08001269   Thumb Code    40  stm32l4xx_hal_msp.o(i.HAL_PCD_MspInit)
    HAL_PWREx_ControlVoltageScaling          0x08001299   Thumb Code   128  stm32l4xx_hal_pwr_ex.o(i.HAL_PWREx_ControlVoltageScaling)
    HAL_PWREx_GetVoltageRange                0x08001325   Thumb Code    10  stm32l4xx_hal_pwr_ex.o(i.HAL_PWREx_GetVoltageRange)
    HAL_RCCEx_GetPeriphCLKFreq               0x08001335   Thumb Code  1658  stm32l4xx_hal_rcc_ex.o(i.HAL_RCCEx_GetPeriphCLKFreq)
    HAL_RCCEx_PeriphCLKConfig                0x080019b9   Thumb Code   970  stm32l4xx_hal_rcc_ex.o(i.HAL_RCCEx_PeriphCLKConfig)
    HAL_RCC_ClockConfig                      0x08001d8d   Thumb Code   360  stm32l4xx_hal_rcc.o(i.HAL_RCC_ClockConfig)
    HAL_RCC_GetClockConfig                   0x08001f09   Thumb Code    58  stm32l4xx_hal_rcc.o(i.HAL_RCC_GetClockConfig)
    HAL_RCC_GetHCLKFreq                      0x08001f4d   Thumb Code     6  stm32l4xx_hal_rcc.o(i.HAL_RCC_GetHCLKFreq)
    HAL_RCC_GetPCLK1Freq                     0x08001f59   Thumb Code    26  stm32l4xx_hal_rcc.o(i.HAL_RCC_GetPCLK1Freq)
    HAL_RCC_GetPCLK2Freq                     0x08001f7d   Thumb Code    26  stm32l4xx_hal_rcc.o(i.HAL_RCC_GetPCLK2Freq)
    HAL_RCC_GetSysClockFreq                  0x08001fa1   Thumb Code   220  stm32l4xx_hal_rcc.o(i.HAL_RCC_GetSysClockFreq)
    HAL_RCC_OscConfig                        0x0800208d   Thumb Code  1878  stm32l4xx_hal_rcc.o(i.HAL_RCC_OscConfig)
    HAL_SD_ConfigWideBusOperation            0x080027f5   Thumb Code   190  stm32l4xx_hal_sd.o(i.HAL_SD_ConfigWideBusOperation)
    HAL_SD_ErrorCallback                     0x080028b9   Thumb Code     2  stm32l4xx_hal_sd.o(i.HAL_SD_ErrorCallback)
    HAL_SD_GetCardCSD                        0x080028bd   Thumb Code   450  stm32l4xx_hal_sd.o(i.HAL_SD_GetCardCSD)
    HAL_SD_GetCardInfo                       0x08002a85   Thumb Code    38  stm32l4xx_hal_sd.o(i.HAL_SD_GetCardInfo)
    HAL_SD_GetCardState                      0x08002aab   Thumb Code    36  stm32l4xx_hal_sd.o(i.HAL_SD_GetCardState)
    HAL_SD_Init                              0x08002acf   Thumb Code    60  stm32l4xx_hal_sd.o(i.HAL_SD_Init)
    HAL_SD_InitCard                          0x08002b0d   Thumb Code   238  stm32l4xx_hal_sd.o(i.HAL_SD_InitCard)
    HAL_SD_MspInit                           0x08002c09   Thumb Code   164  stm32l4xx_hal_msp.o(i.HAL_SD_MspInit)
    HAL_SD_ReadBlocks_DMA                    0x08002cbd   Thumb Code   280  stm32l4xx_hal_sd.o(i.HAL_SD_ReadBlocks_DMA)
    HAL_SD_RxCpltCallback                    0x08002de1   Thumb Code    10  bsp_driver_sd.o(i.HAL_SD_RxCpltCallback)
    HAL_SD_WriteBlocks_DMA                   0x08002ded   Thumb Code   284  stm32l4xx_hal_sd.o(i.HAL_SD_WriteBlocks_DMA)
    HAL_TIMEx_Break2Callback                 0x08002f15   Thumb Code     2  stm32l4xx_hal_tim_ex.o(i.HAL_TIMEx_Break2Callback)
    HAL_TIMEx_BreakCallback                  0x08002f17   Thumb Code     2  stm32l4xx_hal_tim_ex.o(i.HAL_TIMEx_BreakCallback)
    HAL_TIMEx_CommutCallback                 0x08002f19   Thumb Code     2  stm32l4xx_hal_tim_ex.o(i.HAL_TIMEx_CommutCallback)
    HAL_TIM_Base_Init                        0x08002f1b   Thumb Code   110  stm32l4xx_hal_tim.o(i.HAL_TIM_Base_Init)
    HAL_TIM_Base_MspInit                     0x08002f89   Thumb Code     2  stm32l4xx_hal_tim.o(i.HAL_TIM_Base_MspInit)
    HAL_TIM_Base_Start_IT                    0x08002f8d   Thumb Code   106  stm32l4xx_hal_tim.o(i.HAL_TIM_Base_Start_IT)
    HAL_TIM_IC_CaptureCallback               0x08003005   Thumb Code     2  stm32l4xx_hal_tim.o(i.HAL_TIM_IC_CaptureCallback)
    HAL_TIM_IRQHandler                       0x08003007   Thumb Code   440  stm32l4xx_hal_tim.o(i.HAL_TIM_IRQHandler)
    HAL_TIM_OC_DelayElapsedCallback          0x080031bf   Thumb Code     2  stm32l4xx_hal_tim.o(i.HAL_TIM_OC_DelayElapsedCallback)
    HAL_TIM_PWM_PulseFinishedCallback        0x080031c1   Thumb Code     2  stm32l4xx_hal_tim.o(i.HAL_TIM_PWM_PulseFinishedCallback)
    HAL_TIM_PeriodElapsedCallback            0x080031c5   Thumb Code    18  main_1.o(i.HAL_TIM_PeriodElapsedCallback)
    HAL_TIM_TriggerCallback                  0x080031dd   Thumb Code     2  stm32l4xx_hal_tim.o(i.HAL_TIM_TriggerCallback)
    HAL_UART_Init                            0x080031df   Thumb Code   116  stm32l4xx_hal_uart.o(i.HAL_UART_Init)
    HAL_UART_MspInit                         0x08003255   Thumb Code   112  stm32l4xx_hal_msp.o(i.HAL_UART_MspInit)
    HardFault_Handler                        0x080032cd   Thumb Code     4  stm32l4xx_it.o(i.HardFault_Handler)
    MX_FATFS_Init                            0x080032d1   Thumb Code    16  fatfs.o(i.MX_FATFS_Init)
    MemManage_Handler                        0x080032ed   Thumb Code     4  stm32l4xx_it.o(i.MemManage_Handler)
    NMI_Handler                              0x080032f1   Thumb Code     2  stm32l4xx_it.o(i.NMI_Handler)
    SDMMC_CmdAppCommand                      0x08003635   Thumb Code    56  stm32l4xx_ll_sdmmc.o(i.SDMMC_CmdAppCommand)
    SDMMC_CmdAppOperCommand                  0x0800366d   Thumb Code    54  stm32l4xx_ll_sdmmc.o(i.SDMMC_CmdAppOperCommand)
    SDMMC_CmdBlockLength                     0x080036a9   Thumb Code    56  stm32l4xx_ll_sdmmc.o(i.SDMMC_CmdBlockLength)
    SDMMC_CmdBusWidth                        0x080036e1   Thumb Code    56  stm32l4xx_ll_sdmmc.o(i.SDMMC_CmdBusWidth)
    SDMMC_CmdGoIdleState                     0x08003719   Thumb Code    44  stm32l4xx_ll_sdmmc.o(i.SDMMC_CmdGoIdleState)
    SDMMC_CmdOperCond                        0x08003745   Thumb Code    52  stm32l4xx_ll_sdmmc.o(i.SDMMC_CmdOperCond)
    SDMMC_CmdReadMultiBlock                  0x08003779   Thumb Code    56  stm32l4xx_ll_sdmmc.o(i.SDMMC_CmdReadMultiBlock)
    SDMMC_CmdReadSingleBlock                 0x080037b1   Thumb Code    56  stm32l4xx_ll_sdmmc.o(i.SDMMC_CmdReadSingleBlock)
    SDMMC_CmdSelDesel                        0x080037e9   Thumb Code    58  stm32l4xx_ll_sdmmc.o(i.SDMMC_CmdSelDesel)
    SDMMC_CmdSendCID                         0x08003823   Thumb Code    50  stm32l4xx_ll_sdmmc.o(i.SDMMC_CmdSendCID)
    SDMMC_CmdSendCSD                         0x08003855   Thumb Code    50  stm32l4xx_ll_sdmmc.o(i.SDMMC_CmdSendCSD)
    SDMMC_CmdSendSCR                         0x08003887   Thumb Code    56  stm32l4xx_ll_sdmmc.o(i.SDMMC_CmdSendSCR)
    SDMMC_CmdSendStatus                      0x080038bf   Thumb Code    56  stm32l4xx_ll_sdmmc.o(i.SDMMC_CmdSendStatus)
    SDMMC_CmdSetRelAdd                       0x080038f7   Thumb Code    56  stm32l4xx_ll_sdmmc.o(i.SDMMC_CmdSetRelAdd)
    SDMMC_CmdStopTransfer                    0x08003931   Thumb Code    54  stm32l4xx_ll_sdmmc.o(i.SDMMC_CmdStopTransfer)
    SDMMC_CmdWriteMultiBlock                 0x0800396d   Thumb Code    56  stm32l4xx_ll_sdmmc.o(i.SDMMC_CmdWriteMultiBlock)
    SDMMC_CmdWriteSingleBlock                0x080039a5   Thumb Code    56  stm32l4xx_ll_sdmmc.o(i.SDMMC_CmdWriteSingleBlock)
    SDMMC_ConfigData                         0x080039dd   Thumb Code    44  stm32l4xx_ll_sdmmc.o(i.SDMMC_ConfigData)
    SDMMC_GetCmdResp1                        0x08003a49   Thumb Code   418  stm32l4xx_ll_sdmmc.o(i.SDMMC_GetCmdResp1)
    SDMMC_GetCmdResp2                        0x08003bf5   Thumb Code    96  stm32l4xx_ll_sdmmc.o(i.SDMMC_GetCmdResp2)
    SDMMC_GetCmdResp3                        0x08003c59   Thumb Code    82  stm32l4xx_ll_sdmmc.o(i.SDMMC_GetCmdResp3)
    SDMMC_GetCmdResp6                        0x08003cb1   Thumb Code   180  stm32l4xx_ll_sdmmc.o(i.SDMMC_GetCmdResp6)
    SDMMC_GetCmdResp7                        0x08003d69   Thumb Code   104  stm32l4xx_ll_sdmmc.o(i.SDMMC_GetCmdResp7)
    SDMMC_GetCommandResponse                 0x08003dd5   Thumb Code     8  stm32l4xx_ll_sdmmc.o(i.SDMMC_GetCommandResponse)
    SDMMC_GetPowerState                      0x08003ddd   Thumb Code    10  stm32l4xx_ll_sdmmc.o(i.SDMMC_GetPowerState)
    SDMMC_GetResponse                        0x08003de7   Thumb Code    12  stm32l4xx_ll_sdmmc.o(i.SDMMC_GetResponse)
    SDMMC_Init                               0x08003df3   Thumb Code    52  stm32l4xx_ll_sdmmc.o(i.SDMMC_Init)
    SDMMC_PowerState_ON                      0x08003e27   Thumb Code    18  stm32l4xx_ll_sdmmc.o(i.SDMMC_PowerState_ON)
    SDMMC_ReadFIFO                           0x08003e39   Thumb Code     8  stm32l4xx_ll_sdmmc.o(i.SDMMC_ReadFIFO)
    SDMMC_SendCommand                        0x08003e41   Thumb Code    40  stm32l4xx_ll_sdmmc.o(i.SDMMC_SendCommand)
    SD_initialize                            0x08004381   Thumb Code    94  sd_diskio.o(i.SD_initialize)
    SD_ioctl                                 0x080043ed   Thumb Code   102  sd_diskio.o(i.SD_ioctl)
    SD_read                                  0x08004459   Thumb Code   126  sd_diskio.o(i.SD_read)
    SD_status                                0x080044dd   Thumb Code    12  sd_diskio.o(i.SD_status)
    SD_write                                 0x080044e9   Thumb Code   124  sd_diskio.o(i.SD_write)
    SysTick_Handler                          0x08004569   Thumb Code    46  port.o(i.SysTick_Handler)
    SystemInit                               0x0800459d   Thumb Code    68  system_stm32l4xx.o(i.SystemInit)
    TIM1_UP_TIM16_IRQHandler                 0x080045ed   Thumb Code    10  stm32l4xx_it.o(i.TIM1_UP_TIM16_IRQHandler)
    TIM_Base_SetConfig                       0x080045fd   Thumb Code   104  stm32l4xx_hal_tim.o(i.TIM_Base_SetConfig)
    UART_AdvFeatureConfig                    0x08004671   Thumb Code   248  stm32l4xx_hal_uart.o(i.UART_AdvFeatureConfig)
    UART_CheckIdleState                      0x08004769   Thumb Code   110  stm32l4xx_hal_uart.o(i.UART_CheckIdleState)
    UART_SetConfig                           0x080047d9   Thumb Code   738  stm32l4xx_hal_uart.o(i.UART_SetConfig)
    UART_WaitOnFlagUntilTimeout              0x08004adf   Thumb Code   180  stm32l4xx_hal_uart.o(i.UART_WaitOnFlagUntilTimeout)
    USB_CoreInit                             0x08004b93   Thumb Code     8  stm32l4xx_ll_usb.o(i.USB_CoreInit)
    USB_DevDisconnect                        0x08004b9b   Thumb Code    18  stm32l4xx_ll_usb.o(i.USB_DevDisconnect)
    USB_DevInit                              0x08004bad   Thumb Code    22  stm32l4xx_ll_usb.o(i.USB_DevInit)
    USB_DisableGlobalInt                     0x08004bc3   Thumb Code    20  stm32l4xx_ll_usb.o(i.USB_DisableGlobalInt)
    USB_SetCurrentMode                       0x08004bd7   Thumb Code     6  stm32l4xx_ll_usb.o(i.USB_SetCurrentMode)
    UsageFault_Handler                       0x08004bdd   Thumb Code     4  stm32l4xx_it.o(i.UsageFault_Handler)
    internetConnect()                        0x08004ce5   Thumb Code     4  internetconnect.o(i._Z15internetConnectv)
    SystemClock_Config()                     0x08004d0d   Thumb Code   182  main_1.o(i._Z18SystemClock_Configv)
    StartDataCollection(const void*)         0x08004e09   Thumb Code    14  main_1.o(i._Z19StartDataCollectionPKv)
    StartInternetServices(const void*)       0x08004e17   Thumb Code    14  main_1.o(i._Z21StartInternetServicesPKv)
    StartInit(const void*)                   0x08004e25   Thumb Code    10  main_1.o(i._Z9StartInitPKv)
    storeData()                              0x08004e2f   Thumb Code     4  datacollect.o(i._Z9storeDatav)
    main                                     0x08004e7d   Thumb Code   112  main_1.o(i.main)
    osDelay                                  0x08004f0b   Thumb Code    24  cmsis_os.o(i.osDelay)
    osKernelRunning                          0x08004f23   Thumb Code    18  cmsis_os.o(i.osKernelRunning)
    osKernelStart                            0x08004f35   Thumb Code    10  cmsis_os.o(i.osKernelStart)
    osKernelSysTick                          0x08004f3f   Thumb Code    20  cmsis_os.o(i.osKernelSysTick)
    osMessageCreate                          0x08004f53   Thumb Code    40  cmsis_os.o(i.osMessageCreate)
    osMessageGet                             0x08004f7d   Thumb Code   150  cmsis_os.o(i.osMessageGet)
    osMessagePut                             0x08005021   Thumb Code    92  cmsis_os.o(i.osMessagePut)
    osThreadCreate                           0x08005081   Thumb Code    94  cmsis_os.o(i.osThreadCreate)
    pvPortMalloc                             0x080056ed   Thumb Code   296  heap_4.o(i.pvPortMalloc)
    pxPortInitialiseStack                    0x08005829   Thumb Code    38  port.o(i.pxPortInitialiseStack)
    uxListRemove                             0x08005855   Thumb Code    40  list.o(i.uxListRemove)
    vApplicationGetIdleTaskMemory            0x0800587d   Thumb Code    14  freertos.o(i.vApplicationGetIdleTaskMemory)
    vListInitialise                          0x08005895   Thumb Code    26  list.o(i.vListInitialise)
    vListInitialiseItem                      0x080058af   Thumb Code     6  list.o(i.vListInitialiseItem)
    vListInsert                              0x080058b5   Thumb Code    52  list.o(i.vListInsert)
    vListInsertEnd                           0x080058e9   Thumb Code    24  list.o(i.vListInsertEnd)
    vPortEnterCritical                       0x08005901   Thumb Code    76  port.o(i.vPortEnterCritical)
    vPortExitCritical                        0x08005955   Thumb Code    56  port.o(i.vPortExitCritical)
    vPortFree                                0x08005991   Thumb Code   140  heap_4.o(i.vPortFree)
    vPortSetupTimerInterrupt                 0x08005a25   Thumb Code    36  port.o(i.vPortSetupTimerInterrupt)
    vPortValidateInterruptPriority           0x08005a4d   Thumb Code   106  port.o(i.vPortValidateInterruptPriority)
    vTaskDelay                               0x08005ac5   Thumb Code    82  tasks.o(i.vTaskDelay)
    vTaskInternalSetTimeOutState             0x08005b21   Thumb Code    14  tasks.o(i.vTaskInternalSetTimeOutState)
    vTaskMissedYield                         0x08005b39   Thumb Code     8  tasks.o(i.vTaskMissedYield)
    vTaskPlaceOnEventList                    0x08005b45   Thumb Code    52  tasks.o(i.vTaskPlaceOnEventList)
    vTaskStartScheduler                      0x08005b7d   Thumb Code   146  tasks.o(i.vTaskStartScheduler)
    vTaskSuspendAll                          0x08005c2d   Thumb Code    12  tasks.o(i.vTaskSuspendAll)
    vTaskSwitchContext                       0x08005c3d   Thumb Code   118  tasks.o(i.vTaskSwitchContext)
    xPortStartScheduler                      0x08005cc9   Thumb Code   330  port.o(i.xPortStartScheduler)
    xQueueGenericCreate                      0x08005e31   Thumb Code    96  queue.o(i.xQueueGenericCreate)
    xQueueGenericCreateStatic                0x08005e91   Thumb Code   224  queue.o(i.xQueueGenericCreateStatic)
    xQueueGenericReset                       0x08005f71   Thumb Code   146  queue.o(i.xQueueGenericReset)
    xQueueGenericSend                        0x08006009   Thumb Code   420  queue.o(i.xQueueGenericSend)
    xQueueGenericSendFromISR                 0x080061b1   Thumb Code   248  queue.o(i.xQueueGenericSendFromISR)
    xQueueReceive                            0x080062b1   Thumb Code   356  queue.o(i.xQueueReceive)
    xQueueReceiveFromISR                     0x08006419   Thumb Code   202  queue.o(i.xQueueReceiveFromISR)
    xTaskCheckForTimeOut                     0x080064e9   Thumb Code   132  tasks.o(i.xTaskCheckForTimeOut)
    xTaskCreate                              0x08006575   Thumb Code   100  tasks.o(i.xTaskCreate)
    xTaskCreateStatic                        0x080065df   Thumb Code   186  tasks.o(i.xTaskCreateStatic)
    xTaskGetSchedulerState                   0x080066a1   Thumb Code    24  tasks.o(i.xTaskGetSchedulerState)
    xTaskGetTickCount                        0x080066c1   Thumb Code     6  tasks.o(i.xTaskGetTickCount)
    xTaskGetTickCountFromISR                 0x080066cd   Thumb Code    16  tasks.o(i.xTaskGetTickCountFromISR)
    xTaskIncrementTick                       0x080066e1   Thumb Code   282  tasks.o(i.xTaskIncrementTick)
    xTaskPriorityDisinherit                  0x08006829   Thumb Code   188  tasks.o(i.xTaskPriorityDisinherit)
    xTaskRemoveFromEventList                 0x080068f1   Thumb Code   128  tasks.o(i.xTaskRemoveFromEventList)
    xTaskResumeAll                           0x08006989   Thumb Code   224  tasks.o(i.xTaskResumeAll)
    _fp_init                                 0x08006a8d   Thumb Code    10  fpinit.o(x$fpl$fpinit)
    __fplib_config_fpu_vfp                   0x08006a95   Thumb Code     0  fpinit.o(x$fpl$fpinit)
    __fplib_config_pureend_doubles           0x08006a95   Thumb Code     0  fpinit.o(x$fpl$fpinit)
    SD_Driver                                0x08006aec   Data          20  sd_diskio.o(.constdata)
    AHBPrescTable                            0x08006b10   Data          16  system_stm32l4xx.o(.constdata)
    APBPrescTable                            0x08006b20   Data           8  system_stm32l4xx.o(.constdata)
    MSIRangeTable                            0x08006b28   Data          48  system_stm32l4xx.o(.constdata)
    Region$$Table$$Base                      0x08006b7c   Number         0  anon$$obj.o(Region$$Table)
    Region$$Table$$Limit                     0x08006b9c   Number         0  anon$$obj.o(Region$$Table)
    initHandle                               0x20000000   Data           4  main_1.o(.data)
    dataCollectHandle                        0x20000004   Data           4  main_1.o(.data)
    internetServiceHandle                    0x20000008   Data           4  main_1.o(.data)
    retSD                                    0x20000014   Data           1  fatfs.o(.data)
    SDPath                                   0x20000015   Data           4  fatfs.o(.data)
    uwTick                                   0x2000001c   Data           4  stm32l4xx_hal.o(.data)
    uwTickPrio                               0x20000020   Data           4  stm32l4xx_hal.o(.data)
    uwTickFreq                               0x20000024   Data           1  stm32l4xx_hal.o(.data)
    SystemCoreClock                          0x20000028   Data           4  system_stm32l4xx.o(.data)
    pxCurrentTCB                             0x2000002c   Data           4  tasks.o(.data)
    hcan1                                    0x2000008c   Data          40  main_1.o(.bss)
    hsd1                                     0x200000b4   Data         132  main_1.o(.bss)
    huart1                                   0x20000138   Data         128  main_1.o(.bss)
    hpcd_USB_FS                              0x200001b8   Data         756  main_1.o(.bss)
    htim1                                    0x20000700   Data          76  stm32l4xx_hal_timebase_tim.o(.bss)
    disk                                     0x2000074c   Data          12  ff_gen_drv.o(.bss)
    __libspace_start                         0x20001400   Data          96  libspace.o(.bss)
    __temporary_stack_top$libspace           0x20001460   Data           0  libspace.o(.bss)



==============================================================================

Memory Map of the image

  Image Entry point : 0x0800018d

  Load Region LR_IROM1 (Base: 0x08000000, Size: 0x00006c28, Max: 0x00040000, ABSOLUTE)

    Execution Region ER_IROM1 (Exec base: 0x08000000, Load base: 0x08000000, Size: 0x00006b9c, Max: 0x00040000, ABSOLUTE)

    Exec Addr    Load Addr    Size         Type   Attr      Idx    E Section Name        Object

    0x08000000   0x08000000   0x0000018c   Data   RO            3    RESET               startup_stm32l433xx.o
    0x0800018c   0x0800018c   0x00000008   Code   RO         7643  * !!!main             c_w.l(__main.o)
    0x08000194   0x08000194   0x00000034   Code   RO         7812    !!!scatter          c_w.l(__scatter.o)
    0x080001c8   0x080001c8   0x0000001a   Code   RO         7814    !!handler_copy      c_w.l(__scatter_copy.o)
    0x080001e2   0x080001e2   0x00000002   PAD
    0x080001e4   0x080001e4   0x0000001c   Code   RO         7816    !!handler_zi        c_w.l(__scatter_zi.o)
    0x08000200   0x08000200   0x00000002   Code   RO         7682    .ARM.Collect$$libinit$$00000000  c_w.l(libinit.o)
    0x08000202   0x08000202   0x00000004   Code   RO         7694    .ARM.Collect$$libinit$$00000001  c_w.l(libinit2.o)
    0x08000206   0x08000206   0x00000000   Code   RO         7697    .ARM.Collect$$libinit$$00000004  c_w.l(libinit2.o)
    0x08000206   0x08000206   0x00000000   Code   RO         7700    .ARM.Collect$$libinit$$0000000A  c_w.l(libinit2.o)
    0x08000206   0x08000206   0x00000000   Code   RO         7702    .ARM.Collect$$libinit$$0000000C  c_w.l(libinit2.o)
    0x08000206   0x08000206   0x00000000   Code   RO         7704    .ARM.Collect$$libinit$$0000000E  c_w.l(libinit2.o)
    0x08000206   0x08000206   0x00000000   Code   RO         7707    .ARM.Collect$$libinit$$00000011  c_w.l(libinit2.o)
    0x08000206   0x08000206   0x00000000   Code   RO         7709    .ARM.Collect$$libinit$$00000013  c_w.l(libinit2.o)
    0x08000206   0x08000206   0x00000000   Code   RO         7711    .ARM.Collect$$libinit$$00000015  c_w.l(libinit2.o)
    0x08000206   0x08000206   0x00000000   Code   RO         7713    .ARM.Collect$$libinit$$00000017  c_w.l(libinit2.o)
    0x08000206   0x08000206   0x00000000   Code   RO         7715    .ARM.Collect$$libinit$$00000019  c_w.l(libinit2.o)
    0x08000206   0x08000206   0x00000000   Code   RO         7717    .ARM.Collect$$libinit$$0000001B  c_w.l(libinit2.o)
    0x08000206   0x08000206   0x00000000   Code   RO         7719    .ARM.Collect$$libinit$$0000001D  c_w.l(libinit2.o)
    0x08000206   0x08000206   0x00000000   Code   RO         7721    .ARM.Collect$$libinit$$0000001F  c_w.l(libinit2.o)
    0x08000206   0x08000206   0x00000000   Code   RO         7723    .ARM.Collect$$libinit$$00000021  c_w.l(libinit2.o)
    0x08000206   0x08000206   0x00000000   Code   RO         7725    .ARM.Collect$$libinit$$00000023  c_w.l(libinit2.o)
    0x08000206   0x08000206   0x00000000   Code   RO         7727    .ARM.Collect$$libinit$$00000025  c_w.l(libinit2.o)
    0x08000206   0x08000206   0x00000000   Code   RO         7731    .ARM.Collect$$libinit$$0000002C  c_w.l(libinit2.o)
    0x08000206   0x08000206   0x00000000   Code   RO         7733    .ARM.Collect$$libinit$$0000002E  c_w.l(libinit2.o)
    0x08000206   0x08000206   0x00000000   Code   RO         7735    .ARM.Collect$$libinit$$00000030  c_w.l(libinit2.o)
    0x08000206   0x08000206   0x00000000   Code   RO         7737    .ARM.Collect$$libinit$$00000032  c_w.l(libinit2.o)
    0x08000206   0x08000206   0x00000002   Code   RO         7738    .ARM.Collect$$libinit$$00000033  c_w.l(libinit2.o)
    0x08000208   0x08000208   0x00000002   Code   RO         7769    .ARM.Collect$$libshutdown$$00000000  c_w.l(libshutdown.o)
    0x0800020a   0x0800020a   0x00000000   Code   RO         7795    .ARM.Collect$$libshutdown$$00000002  c_w.l(libshutdown2.o)
    0x0800020a   0x0800020a   0x00000000   Code   RO         7797    .ARM.Collect$$libshutdown$$00000004  c_w.l(libshutdown2.o)
    0x0800020a   0x0800020a   0x00000000   Code   RO         7800    .ARM.Collect$$libshutdown$$00000007  c_w.l(libshutdown2.o)
    0x0800020a   0x0800020a   0x00000000   Code   RO         7803    .ARM.Collect$$libshutdown$$0000000A  c_w.l(libshutdown2.o)
    0x0800020a   0x0800020a   0x00000000   Code   RO         7805    .ARM.Collect$$libshutdown$$0000000C  c_w.l(libshutdown2.o)
    0x0800020a   0x0800020a   0x00000000   Code   RO         7808    .ARM.Collect$$libshutdown$$0000000F  c_w.l(libshutdown2.o)
    0x0800020a   0x0800020a   0x00000002   Code   RO         7809    .ARM.Collect$$libshutdown$$00000010  c_w.l(libshutdown2.o)
    0x0800020c   0x0800020c   0x00000000   Code   RO         7645    .ARM.Collect$$rtentry$$00000000  c_w.l(__rtentry.o)
    0x0800020c   0x0800020c   0x00000000   Code   RO         7653    .ARM.Collect$$rtentry$$00000002  c_w.l(__rtentry2.o)
    0x0800020c   0x0800020c   0x00000006   Code   RO         7665    .ARM.Collect$$rtentry$$00000004  c_w.l(__rtentry4.o)
    0x08000212   0x08000212   0x00000000   Code   RO         7655    .ARM.Collect$$rtentry$$00000009  c_w.l(__rtentry2.o)
    0x08000212   0x08000212   0x00000004   Code   RO         7656    .ARM.Collect$$rtentry$$0000000A  c_w.l(__rtentry2.o)
    0x08000216   0x08000216   0x00000000   Code   RO         7658    .ARM.Collect$$rtentry$$0000000C  c_w.l(__rtentry2.o)
    0x08000216   0x08000216   0x00000008   Code   RO         7659    .ARM.Collect$$rtentry$$0000000D  c_w.l(__rtentry2.o)
    0x0800021e   0x0800021e   0x00000002   Code   RO         7686    .ARM.Collect$$rtexit$$00000000  c_w.l(rtexit.o)
    0x08000220   0x08000220   0x00000000   Code   RO         7742    .ARM.Collect$$rtexit$$00000002  c_w.l(rtexit2.o)
    0x08000220   0x08000220   0x00000004   Code   RO         7743    .ARM.Collect$$rtexit$$00000003  c_w.l(rtexit2.o)
    0x08000224   0x08000224   0x00000006   Code   RO         7744    .ARM.Collect$$rtexit$$00000004  c_w.l(rtexit2.o)
    0x0800022a   0x0800022a   0x00000002   PAD
    0x0800022c   0x0800022c   0x000000de   Code   RO         7552    .emb_text           port.o
    0x0800030a   0x0800030a   0x00000002   PAD
    0x0800030c   0x0800030c   0x00000040   Code   RO            4    .text               startup_stm32l433xx.o
    0x0800034c   0x0800034c   0x000000ee   Code   RO         7631    .text               c_w.l(lludivv7m.o)
    0x0800043a   0x0800043a   0x0000008a   Code   RO         7633    .text               c_w.l(rt_memcpy_v6.o)
    0x080004c4   0x080004c4   0x00000064   Code   RO         7635    .text               c_w.l(rt_memcpy_w.o)
    0x08000528   0x08000528   0x0000004e   Code   RO         7639    .text               c_w.l(rt_memclr_w.o)
    0x08000576   0x08000576   0x00000006   Code   RO         7641    .text               c_w.l(heapauxi.o)
    0x0800057c   0x0800057c   0x0000004a   Code   RO         7669    .text               c_w.l(sys_stackheap_outer.o)
    0x080005c6   0x080005c6   0x00000012   Code   RO         7671    .text               c_w.l(exit.o)
    0x080005d8   0x080005d8   0x00000008   Code   RO         7683    .text               c_w.l(libspace.o)
    0x080005e0   0x080005e0   0x0000000c   Code   RO         7739    .text               c_w.l(sys_exit.o)
    0x080005ec   0x080005ec   0x00000002   Code   RO         7758    .text               c_w.l(use_no_semi.o)
    0x080005ee   0x080005ee   0x00000000   Code   RO         7760    .text               c_w.l(indicate_semi.o)
    0x080005ee   0x080005ee   0x00000002   PAD
    0x080005f0   0x080005f0   0x00000018   Code   RO          965    i.BSP_PlatformIsDetected  fatfs_platform.o
    0x08000608   0x08000608   0x00000014   Code   RO          729    i.BSP_SD_GetCardInfo  bsp_driver_sd.o
    0x0800061c   0x0800061c   0x00000018   Code   RO          730    i.BSP_SD_GetCardState  bsp_driver_sd.o
    0x08000634   0x08000634   0x00000030   Code   RO          732    i.BSP_SD_Init       bsp_driver_sd.o
    0x08000664   0x08000664   0x00000016   Code   RO          733    i.BSP_SD_IsDetected  bsp_driver_sd.o
    0x0800067a   0x0800067a   0x00000002   PAD
    0x0800067c   0x0800067c   0x00000028   Code   RO          735    i.BSP_SD_ReadBlocks_DMA  bsp_driver_sd.o
    0x080006a4   0x080006a4   0x00000014   Code   RO          848    i.BSP_SD_ReadCpltCallback  sd_diskio.o
    0x080006b8   0x080006b8   0x00000028   Code   RO          738    i.BSP_SD_WriteBlocks_DMA  bsp_driver_sd.o
    0x080006e0   0x080006e0   0x00000004   Code   RO          485    i.BusFault_Handler  stm32l4xx_it.o
    0x080006e4   0x080006e4   0x00000010   Code   RO          486    i.CAN1_RX0_IRQHandler  stm32l4xx_it.o
    0x080006f4   0x080006f4   0x00000010   Code   RO          487    i.CAN1_RX1_IRQHandler  stm32l4xx_it.o
    0x08000704   0x08000704   0x00000010   Code   RO          488    i.CAN1_SCE_IRQHandler  stm32l4xx_it.o
    0x08000714   0x08000714   0x00000010   Code   RO          489    i.CAN1_TX_IRQHandler  stm32l4xx_it.o
    0x08000724   0x08000724   0x00000030   Code   RO         2597    i.DMA_SetConfig     stm32l4xx_hal_dma.o
    0x08000754   0x08000754   0x00000002   Code   RO          490    i.DebugMon_Handler  stm32l4xx_it.o
    0x08000756   0x08000756   0x00000002   Code   RO           13    i.Error_Handler     main_1.o
    0x08000758   0x08000758   0x00000012   Code   RO         6234    i.FATFS_LinkDriver  ff_gen_drv.o
    0x0800076a   0x0800076a   0x00000002   PAD
    0x0800076c   0x0800076c   0x00000054   Code   RO         6235    i.FATFS_LinkDriverEx  ff_gen_drv.o
    0x080007c0   0x080007c0   0x00000002   Code   RO         1036    i.HAL_CAN_ErrorCallback  stm32l4xx_hal_can.o
    0x080007c2   0x080007c2   0x00000254   Code   RO         1043    i.HAL_CAN_IRQHandler  stm32l4xx_hal_can.o
    0x08000a16   0x08000a16   0x00000174   Code   RO         1044    i.HAL_CAN_Init      stm32l4xx_hal_can.o
    0x08000b8a   0x08000b8a   0x00000002   PAD
    0x08000b8c   0x08000b8c   0x000000bc   Code   RO          578    i.HAL_CAN_MspInit   stm32l4xx_hal_msp.o
    0x08000c48   0x08000c48   0x00000002   Code   RO         1051    i.HAL_CAN_RxFifo0FullCallback  stm32l4xx_hal_can.o
    0x08000c4a   0x08000c4a   0x00000002   Code   RO         1052    i.HAL_CAN_RxFifo0MsgPendingCallback  stm32l4xx_hal_can.o
    0x08000c4c   0x08000c4c   0x00000002   Code   RO         1053    i.HAL_CAN_RxFifo1FullCallback  stm32l4xx_hal_can.o
    0x08000c4e   0x08000c4e   0x00000002   Code   RO         1054    i.HAL_CAN_RxFifo1MsgPendingCallback  stm32l4xx_hal_can.o
    0x08000c50   0x08000c50   0x00000002   Code   RO         1055    i.HAL_CAN_SleepCallback  stm32l4xx_hal_can.o
    0x08000c52   0x08000c52   0x00000002   Code   RO         1058    i.HAL_CAN_TxMailbox0AbortCallback  stm32l4xx_hal_can.o
    0x08000c54   0x08000c54   0x00000002   Code   RO         1059    i.HAL_CAN_TxMailbox0CompleteCallback  stm32l4xx_hal_can.o
    0x08000c56   0x08000c56   0x00000002   Code   RO         1060    i.HAL_CAN_TxMailbox1AbortCallback  stm32l4xx_hal_can.o
    0x08000c58   0x08000c58   0x00000002   Code   RO         1061    i.HAL_CAN_TxMailbox1CompleteCallback  stm32l4xx_hal_can.o
    0x08000c5a   0x08000c5a   0x00000002   Code   RO         1062    i.HAL_CAN_TxMailbox2AbortCallback  stm32l4xx_hal_can.o
    0x08000c5c   0x08000c5c   0x00000002   Code   RO         1063    i.HAL_CAN_TxMailbox2CompleteCallback  stm32l4xx_hal_can.o
    0x08000c5e   0x08000c5e   0x00000002   Code   RO         1065    i.HAL_CAN_WakeUpFromRxMsgCallback  stm32l4xx_hal_can.o
    0x08000c60   0x08000c60   0x0000009c   Code   RO         2608    i.HAL_DMA_Start_IT  stm32l4xx_hal_dma.o
    0x08000cfc   0x08000cfc   0x00000028   Code   RO         1271    i.HAL_Delay         stm32l4xx_hal.o
    0x08000d24   0x08000d24   0x000001c8   Code   RO         2534    i.HAL_GPIO_Init     stm32l4xx_hal_gpio.o
    0x08000eec   0x08000eec   0x00000010   Code   RO         2536    i.HAL_GPIO_ReadPin  stm32l4xx_hal_gpio.o
    0x08000efc   0x08000efc   0x0000000c   Code   RO         1275    i.HAL_GetTick       stm32l4xx_hal.o
    0x08000f08   0x08000f08   0x00000018   Code   RO         1281    i.HAL_IncTick       stm32l4xx_hal.o
    0x08000f20   0x08000f20   0x0000001e   Code   RO         1282    i.HAL_Init          stm32l4xx_hal.o
    0x08000f3e   0x08000f3e   0x00000002   PAD
    0x08000f40   0x08000f40   0x00000088   Code   RO          649    i.HAL_InitTick      stm32l4xx_hal_timebase_tim.o
    0x08000fc8   0x08000fc8   0x00000040   Code   RO          579    i.HAL_MspInit       stm32l4xx_hal_msp.o
    0x08001008   0x08001008   0x00000028   Code   RO         3051    i.HAL_NVIC_EnableIRQ  stm32l4xx_hal_cortex.o
    0x08001030   0x08001030   0x00000082   Code   RO         3057    i.HAL_NVIC_SetPriority  stm32l4xx_hal_cortex.o
    0x080010b2   0x080010b2   0x00000002   PAD
    0x080010b4   0x080010b4   0x00000028   Code   RO         3058    i.HAL_NVIC_SetPriorityGrouping  stm32l4xx_hal_cortex.o
    0x080010dc   0x080010dc   0x00000028   Code   RO         5512    i.HAL_PCDEx_ActivateLPM  stm32l4xx_hal_pcd_ex.o
    0x08001104   0x08001104   0x00000164   Code   RO         5309    i.HAL_PCD_Init      stm32l4xx_hal_pcd.o
    0x08001268   0x08001268   0x00000030   Code   RO          581    i.HAL_PCD_MspInit   stm32l4xx_hal_msp.o
    0x08001298   0x08001298   0x0000008c   Code   RO         2825    i.HAL_PWREx_ControlVoltageScaling  stm32l4xx_hal_pwr_ex.o
    0x08001324   0x08001324   0x00000010   Code   RO         2852    i.HAL_PWREx_GetVoltageRange  stm32l4xx_hal_pwr_ex.o
    0x08001334   0x08001334   0x00000684   Code   RO         2134    i.HAL_RCCEx_GetPeriphCLKFreq  stm32l4xx_hal_rcc_ex.o
    0x080019b8   0x080019b8   0x000003d4   Code   RO         2137    i.HAL_RCCEx_PeriphCLKConfig  stm32l4xx_hal_rcc_ex.o
    0x08001d8c   0x08001d8c   0x0000017c   Code   RO         2015    i.HAL_RCC_ClockConfig  stm32l4xx_hal_rcc.o
    0x08001f08   0x08001f08   0x00000044   Code   RO         2018    i.HAL_RCC_GetClockConfig  stm32l4xx_hal_rcc.o
    0x08001f4c   0x08001f4c   0x0000000c   Code   RO         2019    i.HAL_RCC_GetHCLKFreq  stm32l4xx_hal_rcc.o
    0x08001f58   0x08001f58   0x00000024   Code   RO         2021    i.HAL_RCC_GetPCLK1Freq  stm32l4xx_hal_rcc.o
    0x08001f7c   0x08001f7c   0x00000024   Code   RO         2022    i.HAL_RCC_GetPCLK2Freq  stm32l4xx_hal_rcc.o
    0x08001fa0   0x08001fa0   0x000000ec   Code   RO         2023    i.HAL_RCC_GetSysClockFreq  stm32l4xx_hal_rcc.o
    0x0800208c   0x0800208c   0x00000768   Code   RO         2026    i.HAL_RCC_OscConfig  stm32l4xx_hal_rcc.o
    0x080027f4   0x080027f4   0x000000c4   Code   RO         3554    i.HAL_SD_ConfigWideBusOperation  stm32l4xx_hal_sd.o
    0x080028b8   0x080028b8   0x00000002   Code   RO         3557    i.HAL_SD_ErrorCallback  stm32l4xx_hal_sd.o
    0x080028ba   0x080028ba   0x00000002   PAD
    0x080028bc   0x080028bc   0x000001c8   Code   RO         3559    i.HAL_SD_GetCardCSD  stm32l4xx_hal_sd.o
    0x08002a84   0x08002a84   0x00000026   Code   RO         3560    i.HAL_SD_GetCardInfo  stm32l4xx_hal_sd.o
    0x08002aaa   0x08002aaa   0x00000024   Code   RO         3561    i.HAL_SD_GetCardState  stm32l4xx_hal_sd.o
    0x08002ace   0x08002ace   0x0000003c   Code   RO         3566    i.HAL_SD_Init       stm32l4xx_hal_sd.o
    0x08002b0a   0x08002b0a   0x00000002   PAD
    0x08002b0c   0x08002b0c   0x000000fc   Code   RO         3567    i.HAL_SD_InitCard   stm32l4xx_hal_sd.o
    0x08002c08   0x08002c08   0x000000b4   Code   RO          583    i.HAL_SD_MspInit    stm32l4xx_hal_msp.o
    0x08002cbc   0x08002cbc   0x00000124   Code   RO         3571    i.HAL_SD_ReadBlocks_DMA  stm32l4xx_hal_sd.o
    0x08002de0   0x08002de0   0x0000000a   Code   RO          741    i.HAL_SD_RxCpltCallback  bsp_driver_sd.o
    0x08002dea   0x08002dea   0x00000002   PAD
    0x08002dec   0x08002dec   0x00000128   Code   RO         3576    i.HAL_SD_WriteBlocks_DMA  stm32l4xx_hal_sd.o
    0x08002f14   0x08002f14   0x00000002   Code   RO         4551    i.HAL_TIMEx_Break2Callback  stm32l4xx_hal_tim_ex.o
    0x08002f16   0x08002f16   0x00000002   Code   RO         4552    i.HAL_TIMEx_BreakCallback  stm32l4xx_hal_tim_ex.o
    0x08002f18   0x08002f18   0x00000002   Code   RO         4553    i.HAL_TIMEx_CommutCallback  stm32l4xx_hal_tim_ex.o
    0x08002f1a   0x08002f1a   0x0000006e   Code   RO         3826    i.HAL_TIM_Base_Init  stm32l4xx_hal_tim.o
    0x08002f88   0x08002f88   0x00000002   Code   RO         3828    i.HAL_TIM_Base_MspInit  stm32l4xx_hal_tim.o
    0x08002f8a   0x08002f8a   0x00000002   PAD
    0x08002f8c   0x08002f8c   0x00000078   Code   RO         3831    i.HAL_TIM_Base_Start_IT  stm32l4xx_hal_tim.o
    0x08003004   0x08003004   0x00000002   Code   RO         3860    i.HAL_TIM_IC_CaptureCallback  stm32l4xx_hal_tim.o
    0x08003006   0x08003006   0x000001b8   Code   RO         3874    i.HAL_TIM_IRQHandler  stm32l4xx_hal_tim.o
    0x080031be   0x080031be   0x00000002   Code   RO         3877    i.HAL_TIM_OC_DelayElapsedCallback  stm32l4xx_hal_tim.o
    0x080031c0   0x080031c0   0x00000002   Code   RO         3904    i.HAL_TIM_PWM_PulseFinishedCallback  stm32l4xx_hal_tim.o
    0x080031c2   0x080031c2   0x00000002   PAD
    0x080031c4   0x080031c4   0x00000018   Code   RO           14    i.HAL_TIM_PeriodElapsedCallback  main_1.o
    0x080031dc   0x080031dc   0x00000002   Code   RO         3917    i.HAL_TIM_TriggerCallback  stm32l4xx_hal_tim.o
    0x080031de   0x080031de   0x00000074   Code   RO         4864    i.HAL_UART_Init     stm32l4xx_hal_uart.o
    0x08003252   0x08003252   0x00000002   PAD
    0x08003254   0x08003254   0x00000078   Code   RO          585    i.HAL_UART_MspInit  stm32l4xx_hal_msp.o
    0x080032cc   0x080032cc   0x00000004   Code   RO          491    i.HardFault_Handler  stm32l4xx_it.o
    0x080032d0   0x080032d0   0x0000001c   Code   RO          989    i.MX_FATFS_Init     fatfs.o
    0x080032ec   0x080032ec   0x00000004   Code   RO          492    i.MemManage_Handler  stm32l4xx_it.o
    0x080032f0   0x080032f0   0x00000002   Code   RO          493    i.NMI_Handler       stm32l4xx_it.o
    0x080032f2   0x080032f2   0x00000002   PAD
    0x080032f4   0x080032f4   0x0000011c   Code   RO         2140    i.RCCEx_GetSAIxPeriphCLKFreq  stm32l4xx_hal_rcc_ex.o
    0x08003410   0x08003410   0x00000188   Code   RO         2141    i.RCCEx_PLLSAI1_Config  stm32l4xx_hal_rcc_ex.o
    0x08003598   0x08003598   0x0000009c   Code   RO         2027    i.RCC_SetFlashLatencyFromMSIRange  stm32l4xx_hal_rcc.o
    0x08003634   0x08003634   0x00000038   Code   RO         3258    i.SDMMC_CmdAppCommand  stm32l4xx_ll_sdmmc.o
    0x0800366c   0x0800366c   0x0000003c   Code   RO         3259    i.SDMMC_CmdAppOperCommand  stm32l4xx_ll_sdmmc.o
    0x080036a8   0x080036a8   0x00000038   Code   RO         3260    i.SDMMC_CmdBlockLength  stm32l4xx_ll_sdmmc.o
    0x080036e0   0x080036e0   0x00000038   Code   RO         3261    i.SDMMC_CmdBusWidth  stm32l4xx_ll_sdmmc.o
    0x08003718   0x08003718   0x0000002c   Code   RO         3265    i.SDMMC_CmdGoIdleState  stm32l4xx_ll_sdmmc.o
    0x08003744   0x08003744   0x00000034   Code   RO         3267    i.SDMMC_CmdOperCond  stm32l4xx_ll_sdmmc.o
    0x08003778   0x08003778   0x00000038   Code   RO         3268    i.SDMMC_CmdReadMultiBlock  stm32l4xx_ll_sdmmc.o
    0x080037b0   0x080037b0   0x00000038   Code   RO         3269    i.SDMMC_CmdReadSingleBlock  stm32l4xx_ll_sdmmc.o
    0x080037e8   0x080037e8   0x0000003a   Code   RO         3272    i.SDMMC_CmdSelDesel  stm32l4xx_ll_sdmmc.o
    0x08003822   0x08003822   0x00000032   Code   RO         3273    i.SDMMC_CmdSendCID  stm32l4xx_ll_sdmmc.o
    0x08003854   0x08003854   0x00000032   Code   RO         3274    i.SDMMC_CmdSendCSD  stm32l4xx_ll_sdmmc.o
    0x08003886   0x08003886   0x00000038   Code   RO         3276    i.SDMMC_CmdSendSCR  stm32l4xx_ll_sdmmc.o
    0x080038be   0x080038be   0x00000038   Code   RO         3277    i.SDMMC_CmdSendStatus  stm32l4xx_ll_sdmmc.o
    0x080038f6   0x080038f6   0x00000038   Code   RO         3278    i.SDMMC_CmdSetRelAdd  stm32l4xx_ll_sdmmc.o
    0x0800392e   0x0800392e   0x00000002   PAD
    0x08003930   0x08003930   0x0000003c   Code   RO         3281    i.SDMMC_CmdStopTransfer  stm32l4xx_ll_sdmmc.o
    0x0800396c   0x0800396c   0x00000038   Code   RO         3283    i.SDMMC_CmdWriteMultiBlock  stm32l4xx_ll_sdmmc.o
    0x080039a4   0x080039a4   0x00000038   Code   RO         3284    i.SDMMC_CmdWriteSingleBlock  stm32l4xx_ll_sdmmc.o
    0x080039dc   0x080039dc   0x0000002c   Code   RO         3285    i.SDMMC_ConfigData  stm32l4xx_ll_sdmmc.o
    0x08003a08   0x08003a08   0x00000040   Code   RO         3286    i.SDMMC_GetCmdError  stm32l4xx_ll_sdmmc.o
    0x08003a48   0x08003a48   0x000001ac   Code   RO         3287    i.SDMMC_GetCmdResp1  stm32l4xx_ll_sdmmc.o
    0x08003bf4   0x08003bf4   0x00000064   Code   RO         3288    i.SDMMC_GetCmdResp2  stm32l4xx_ll_sdmmc.o
    0x08003c58   0x08003c58   0x00000058   Code   RO         3289    i.SDMMC_GetCmdResp3  stm32l4xx_ll_sdmmc.o
    0x08003cb0   0x08003cb0   0x000000b8   Code   RO         3290    i.SDMMC_GetCmdResp6  stm32l4xx_ll_sdmmc.o
    0x08003d68   0x08003d68   0x0000006c   Code   RO         3291    i.SDMMC_GetCmdResp7  stm32l4xx_ll_sdmmc.o
    0x08003dd4   0x08003dd4   0x00000008   Code   RO         3292    i.SDMMC_GetCommandResponse  stm32l4xx_ll_sdmmc.o
    0x08003ddc   0x08003ddc   0x0000000a   Code   RO         3295    i.SDMMC_GetPowerState  stm32l4xx_ll_sdmmc.o
    0x08003de6   0x08003de6   0x0000000c   Code   RO         3296    i.SDMMC_GetResponse  stm32l4xx_ll_sdmmc.o
    0x08003df2   0x08003df2   0x00000034   Code   RO         3297    i.SDMMC_Init        stm32l4xx_ll_sdmmc.o
    0x08003e26   0x08003e26   0x00000012   Code   RO         3299    i.SDMMC_PowerState_ON  stm32l4xx_ll_sdmmc.o
    0x08003e38   0x08003e38   0x00000008   Code   RO         3300    i.SDMMC_ReadFIFO    stm32l4xx_ll_sdmmc.o
    0x08003e40   0x08003e40   0x00000028   Code   RO         3301    i.SDMMC_SendCommand  stm32l4xx_ll_sdmmc.o
    0x08003e68   0x08003e68   0x00000028   Code   RO          850    i.SD_CheckStatus    sd_diskio.o
    0x08003e90   0x08003e90   0x00000026   Code   RO          851    i.SD_CheckStatusWithTimeout  sd_diskio.o
    0x08003eb6   0x08003eb6   0x00000002   PAD
    0x08003eb8   0x08003eb8   0x0000006c   Code   RO         3578    i.SD_DMAError       stm32l4xx_hal_sd.o
    0x08003f24   0x08003f24   0x00000048   Code   RO         3579    i.SD_DMAReceiveCplt  stm32l4xx_hal_sd.o
    0x08003f6c   0x08003f6c   0x00000012   Code   RO         3581    i.SD_DMATransmitCplt  stm32l4xx_hal_sd.o
    0x08003f7e   0x08003f7e   0x00000134   Code   RO         3583    i.SD_FindSCR        stm32l4xx_hal_sd.o
    0x080040b2   0x080040b2   0x00000102   Code   RO         3584    i.SD_InitCard       stm32l4xx_hal_sd.o
    0x080041b4   0x080041b4   0x000000cc   Code   RO         3586    i.SD_PowerON        stm32l4xx_hal_sd.o
    0x08004280   0x08004280   0x00000030   Code   RO         3589    i.SD_SendStatus     stm32l4xx_hal_sd.o
    0x080042b0   0x080042b0   0x00000068   Code   RO         3590    i.SD_WideBus_Disable  stm32l4xx_hal_sd.o
    0x08004318   0x08004318   0x00000068   Code   RO         3591    i.SD_WideBus_Enable  stm32l4xx_hal_sd.o
    0x08004380   0x08004380   0x0000006c   Code   RO          852    i.SD_initialize     sd_diskio.o
    0x080043ec   0x080043ec   0x0000006c   Code   RO          853    i.SD_ioctl          sd_diskio.o
    0x08004458   0x08004458   0x00000084   Code   RO          854    i.SD_read           sd_diskio.o
    0x080044dc   0x080044dc   0x0000000c   Code   RO          855    i.SD_status         sd_diskio.o
    0x080044e8   0x080044e8   0x00000080   Code   RO          856    i.SD_write          sd_diskio.o
    0x08004568   0x08004568   0x00000034   Code   RO         7553    i.SysTick_Handler   port.o
    0x0800459c   0x0800459c   0x00000050   Code   RO         5776    i.SystemInit        system_stm32l4xx.o
    0x080045ec   0x080045ec   0x00000010   Code   RO          494    i.TIM1_UP_TIM16_IRQHandler  stm32l4xx_it.o
    0x080045fc   0x080045fc   0x00000074   Code   RO         3919    i.TIM_Base_SetConfig  stm32l4xx_hal_tim.o
    0x08004670   0x08004670   0x000000f8   Code   RO         4878    i.UART_AdvFeatureConfig  stm32l4xx_hal_uart.o
    0x08004768   0x08004768   0x0000006e   Code   RO         4879    i.UART_CheckIdleState  stm32l4xx_hal_uart.o
    0x080047d6   0x080047d6   0x00000002   PAD
    0x080047d8   0x080047d8   0x00000306   Code   RO         4895    i.UART_SetConfig    stm32l4xx_hal_uart.o
    0x08004ade   0x08004ade   0x000000b4   Code   RO         4898    i.UART_WaitOnFlagUntilTimeout  stm32l4xx_hal_uart.o
    0x08004b92   0x08004b92   0x00000008   Code   RO         5580    i.USB_CoreInit      stm32l4xx_ll_usb.o
    0x08004b9a   0x08004b9a   0x00000012   Code   RO         5584    i.USB_DevDisconnect  stm32l4xx_ll_usb.o
    0x08004bac   0x08004bac   0x00000016   Code   RO         5585    i.USB_DevInit       stm32l4xx_ll_usb.o
    0x08004bc2   0x08004bc2   0x00000014   Code   RO         5586    i.USB_DisableGlobalInt  stm32l4xx_ll_usb.o
    0x08004bd6   0x08004bd6   0x00000006   Code   RO         5601    i.USB_SetCurrentMode  stm32l4xx_ll_usb.o
    0x08004bdc   0x08004bdc   0x00000004   Code   RO          495    i.UsageFault_Handler  stm32l4xx_it.o
    0x08004be0   0x08004be0   0x00000040   Code   RO           15    i._Z12MX_CAN1_Initv  main_1.o
    0x08004c20   0x08004c20   0x00000090   Code   RO           16    i._Z12MX_GPIO_Initv  main_1.o
    0x08004cb0   0x08004cb0   0x00000034   Code   RO           17    i._Z15MX_USB_PCD_Initv  main_1.o
    0x08004ce4   0x08004ce4   0x00000004   Code   RO          685    i._Z15internetConnectv  internetconnect.o
    0x08004ce8   0x08004ce8   0x00000024   Code   RO           18    i._Z17MX_SDMMC1_SD_Initv  main_1.o
    0x08004d0c   0x08004d0c   0x000000bc   Code   RO           19    i._Z18SystemClock_Configv  main_1.o
    0x08004dc8   0x08004dc8   0x00000040   Code   RO           20    i._Z19MX_USART1_UART_Initv  main_1.o
    0x08004e08   0x08004e08   0x0000000e   Code   RO           21    i._Z19StartDataCollectionPKv  main_1.o
    0x08004e16   0x08004e16   0x0000000e   Code   RO           22    i._Z21StartInternetServicesPKv  main_1.o
    0x08004e24   0x08004e24   0x0000000a   Code   RO           23    i._Z9StartInitPKv   main_1.o
    0x08004e2e   0x08004e2e   0x00000004   Code   RO          711    i._Z9storeDatav     datacollect.o
    0x08004e32   0x08004e32   0x00000002   PAD
    0x08004e34   0x08004e34   0x00000010   Code   RO         3064    i.__NVIC_GetPriorityGrouping  stm32l4xx_hal_cortex.o
    0x08004e44   0x08004e44   0x00000028   Code   RO         3065    i.__NVIC_SetPriority  stm32l4xx_hal_cortex.o
    0x08004e6c   0x08004e6c   0x00000010   Code   RO         7122    i.inHandlerMode     cmsis_os.o
    0x08004e7c   0x08004e7c   0x00000080   Code   RO           24    i.main              main_1.o
    0x08004efc   0x08004efc   0x0000000e   Code   RO         7124    i.makeFreeRtosPriority  cmsis_os.o
    0x08004f0a   0x08004f0a   0x00000018   Code   RO         7126    i.osDelay           cmsis_os.o
    0x08004f22   0x08004f22   0x00000012   Code   RO         7128    i.osKernelRunning   cmsis_os.o
    0x08004f34   0x08004f34   0x0000000a   Code   RO         7129    i.osKernelStart     cmsis_os.o
    0x08004f3e   0x08004f3e   0x00000014   Code   RO         7130    i.osKernelSysTick   cmsis_os.o
    0x08004f52   0x08004f52   0x00000028   Code   RO         7138    i.osMessageCreate   cmsis_os.o
    0x08004f7a   0x08004f7a   0x00000002   PAD
    0x08004f7c   0x08004f7c   0x000000a2   Code   RO         7140    i.osMessageGet      cmsis_os.o
    0x0800501e   0x0800501e   0x00000002   PAD
    0x08005020   0x08005020   0x00000060   Code   RO         7142    i.osMessagePut      cmsis_os.o
    0x08005080   0x08005080   0x0000005e   Code   RO         7163    i.osThreadCreate    cmsis_os.o
    0x080050de   0x080050de   0x00000002   PAD
    0x080050e0   0x080050e0   0x00000098   Code   RO         6807    i.prvAddCurrentTaskToDelayedList  tasks.o
    0x08005178   0x08005178   0x000000b4   Code   RO         6808    i.prvAddNewTaskToReadyList  tasks.o
    0x0800522c   0x0800522c   0x00000048   Code   RO         6809    i.prvCheckTasksWaitingTermination  tasks.o
    0x08005274   0x08005274   0x0000002a   Code   RO         6473    i.prvCopyDataFromQueue  queue.o
    0x0800529e   0x0800529e   0x0000007e   Code   RO         6474    i.prvCopyDataToQueue  queue.o
    0x0800531c   0x0800531c   0x00000050   Code   RO         6810    i.prvDeleteTCB      tasks.o
    0x0800536c   0x0800536c   0x0000007c   Code   RO         7491    i.prvHeapInit       heap_4.o
    0x080053e8   0x080053e8   0x00000028   Code   RO         6811    i.prvIdleTask       tasks.o
    0x08005410   0x08005410   0x00000026   Code   RO         6477    i.prvInitialiseNewQueue  queue.o
    0x08005436   0x08005436   0x000000ba   Code   RO         6812    i.prvInitialiseNewTask  tasks.o
    0x080054f0   0x080054f0   0x00000068   Code   RO         6813    i.prvInitialiseTaskLists  tasks.o
    0x08005558   0x08005558   0x00000068   Code   RO         7492    i.prvInsertBlockIntoFreeList  heap_4.o
    0x080055c0   0x080055c0   0x0000001a   Code   RO         6478    i.prvIsQueueEmpty   queue.o
    0x080055da   0x080055da   0x0000001e   Code   RO         6479    i.prvIsQueueFull    queue.o
    0x080055f8   0x080055f8   0x00000034   Code   RO         6814    i.prvResetNextTaskUnblockTime  tasks.o
    0x0800562c   0x0800562c   0x00000040   Code   RO         7554    i.prvTaskExitError  port.o
    0x0800566c   0x0800566c   0x0000007e   Code   RO         6480    i.prvUnlockQueue    queue.o
    0x080056ea   0x080056ea   0x00000002   PAD
    0x080056ec   0x080056ec   0x0000013c   Code   RO         7493    i.pvPortMalloc      heap_4.o
    0x08005828   0x08005828   0x0000002c   Code   RO         7555    i.pxPortInitialiseStack  port.o
    0x08005854   0x08005854   0x00000028   Code   RO         6433    i.uxListRemove      list.o
    0x0800587c   0x0800587c   0x00000018   Code   RO          309    i.vApplicationGetIdleTaskMemory  freertos.o
    0x08005894   0x08005894   0x0000001a   Code   RO         6434    i.vListInitialise   list.o
    0x080058ae   0x080058ae   0x00000006   Code   RO         6435    i.vListInitialiseItem  list.o
    0x080058b4   0x080058b4   0x00000034   Code   RO         6436    i.vListInsert       list.o
    0x080058e8   0x080058e8   0x00000018   Code   RO         6437    i.vListInsertEnd    list.o
    0x08005900   0x08005900   0x00000054   Code   RO         7557    i.vPortEnterCritical  port.o
    0x08005954   0x08005954   0x0000003c   Code   RO         7558    i.vPortExitCritical  port.o
    0x08005990   0x08005990   0x00000094   Code   RO         7494    i.vPortFree         heap_4.o
    0x08005a24   0x08005a24   0x00000028   Code   RO         7559    i.vPortSetupTimerInterrupt  port.o
    0x08005a4c   0x08005a4c   0x00000078   Code   RO         7560    i.vPortValidateInterruptPriority  port.o
    0x08005ac4   0x08005ac4   0x0000005c   Code   RO         6822    i.vTaskDelay        tasks.o
    0x08005b20   0x08005b20   0x00000018   Code   RO         6825    i.vTaskInternalSetTimeOutState  tasks.o
    0x08005b38   0x08005b38   0x0000000c   Code   RO         6826    i.vTaskMissedYield  tasks.o
    0x08005b44   0x08005b44   0x00000038   Code   RO         6828    i.vTaskPlaceOnEventList  tasks.o
    0x08005b7c   0x08005b7c   0x000000b0   Code   RO         6835    i.vTaskStartScheduler  tasks.o
    0x08005c2c   0x08005c2c   0x00000010   Code   RO         6837    i.vTaskSuspendAll   tasks.o
    0x08005c3c   0x08005c3c   0x0000008c   Code   RO         6838    i.vTaskSwitchContext  tasks.o
    0x08005cc8   0x08005cc8   0x00000168   Code   RO         7561    i.xPortStartScheduler  port.o
    0x08005e30   0x08005e30   0x00000060   Code   RO         6489    i.xQueueGenericCreate  queue.o
    0x08005e90   0x08005e90   0x000000e0   Code   RO         6490    i.xQueueGenericCreateStatic  queue.o
    0x08005f70   0x08005f70   0x00000098   Code   RO         6491    i.xQueueGenericReset  queue.o
    0x08006008   0x08006008   0x000001a8   Code   RO         6492    i.xQueueGenericSend  queue.o
    0x080061b0   0x080061b0   0x000000fe   Code   RO         6493    i.xQueueGenericSendFromISR  queue.o
    0x080062ae   0x080062ae   0x00000002   PAD
    0x080062b0   0x080062b0   0x00000168   Code   RO         6499    i.xQueueReceive     queue.o
    0x08006418   0x08006418   0x000000d0   Code   RO         6500    i.xQueueReceiveFromISR  queue.o
    0x080064e8   0x080064e8   0x0000008c   Code   RO         6839    i.xTaskCheckForTimeOut  tasks.o
    0x08006574   0x08006574   0x0000006a   Code   RO         6840    i.xTaskCreate       tasks.o
    0x080065de   0x080065de   0x000000c0   Code   RO         6841    i.xTaskCreateStatic  tasks.o
    0x0800669e   0x0800669e   0x00000002   PAD
    0x080066a0   0x080066a0   0x00000020   Code   RO         6845    i.xTaskGetSchedulerState  tasks.o
    0x080066c0   0x080066c0   0x0000000c   Code   RO         6846    i.xTaskGetTickCount  tasks.o
    0x080066cc   0x080066cc   0x00000014   Code   RO         6847    i.xTaskGetTickCountFromISR  tasks.o
    0x080066e0   0x080066e0   0x00000148   Code   RO         6848    i.xTaskIncrementTick  tasks.o
    0x08006828   0x08006828   0x000000c8   Code   RO         6851    i.xTaskPriorityDisinherit  tasks.o
    0x080068f0   0x080068f0   0x00000098   Code   RO         6853    i.xTaskRemoveFromEventList  tasks.o
    0x08006988   0x08006988   0x00000104   Code   RO         6854    i.xTaskResumeAll    tasks.o
    0x08006a8c   0x08006a8c   0x0000000a   Code   RO         7754    x$fpl$fpinit        fz_wm.l(fpinit.o)
    0x08006a96   0x08006a96   0x00000002   PAD
    0x08006a98   0x08006a98   0x00000054   Data   RO           38    .constdata          main_1.o
    0x08006aec   0x08006aec   0x00000024   Data   RO          857    .constdata          sd_diskio.o
    0x08006b10   0x08006b10   0x00000048   Data   RO         5777    .constdata          system_stm32l4xx.o
    0x08006b58   0x08006b58   0x00000021   Data   RO           39    .conststring        main_1.o
    0x08006b79   0x08006b79   0x00000003   PAD
    0x08006b7c   0x08006b7c   0x00000020   Data   RO         7810    Region$$Table       anon$$obj.o


    Execution Region RW_IRAM1 (Exec base: 0x20000000, Load base: 0x08006b9c, Size: 0x00001a60, Max: 0x0000c000, ABSOLUTE)

    Exec Addr    Load Addr    Size         Type   Attr      Idx    E Section Name        Object

    0x20000000   0x08006b9c   0x0000000c   Data   RW           40    .data               main_1.o
    0x2000000c   0x08006ba8   0x00000008   Data   RW          858    .data               sd_diskio.o
    0x20000014   0x08006bb0   0x00000005   Data   RW          992    .data               fatfs.o
    0x20000019   0x08006bb5   0x00000003   PAD
    0x2000001c   0x08006bb8   0x00000009   Data   RW         1299    .data               stm32l4xx_hal.o
    0x20000025   0x08006bc1   0x00000003   PAD
    0x20000028   0x08006bc4   0x00000004   Data   RW         5778    .data               system_stm32l4xx.o
    0x2000002c   0x08006bc8   0x0000003c   Data   RW         6857    .data               tasks.o
    0x20000068   0x08006c04   0x00000018   Data   RW         7499    .data               heap_4.o
    0x20000080   0x08006c1c   0x0000000c   Data   RW         7562    .data               port.o
    0x2000008c        -       0x00000420   Zero   RW           37    .bss                main_1.o
    0x200004ac        -       0x00000254   Zero   RW          310    .bss                freertos.o
    0x20000700        -       0x0000004c   Zero   RW          652    .bss                stm32l4xx_hal_timebase_tim.o
    0x2000074c        -       0x0000000c   Zero   RW         6238    .bss                ff_gen_drv.o
    0x20000758        -       0x000000f0   Zero   RW         6856    .bss                tasks.o
    0x20000848        -       0x00000bb8   Zero   RW         7498    .bss                heap_4.o
    0x20001400        -       0x00000060   Zero   RW         7684    .bss                c_w.l(libspace.o)
    0x20001460        -       0x00000200   Zero   RW            2    HEAP                startup_stm32l433xx.o
    0x20001660        -       0x00000400   Zero   RW            1    STACK               startup_stm32l433xx.o


==============================================================================

Image component sizes


      Code (inc. data)   RO Data    RW Data    ZI Data      Debug   Object Name

       204         26          0          0          0       4713   bsp_driver_sd.o
       494         10          0          0          0      32719   cmsis_os.o
         4          0          0          0          0        460   datacollect.o
         0          0          0          0          0      18864   event_groups.o
        28         12          0          5          0       1062   fatfs.o
        24          4          0          0          0        573   fatfs_platform.o
       102          6          0          0         12       1691   ff_gen_drv.o
        24         10          0          0        596     774988   freertos.o
       692         62          0         24       3000       7355   heap_4.o
         4          0          0          0          0        482   internetconnect.o
       148          0          0          0          0       3590   list.o
       740         74        117         12       1056     787333   main_1.o
      1046         92          0         12          0      12081   port.o
      2106         14          0          0          0      18093   queue.o
       586         40         36          8          0      22850   sd_diskio.o
        64         26        396          0       1536        848   startup_stm32l433xx.o
       106         18          0          9          0      11990   stm32l4xx_hal.o
       994          0          0          0          0      10451   stm32l4xx_hal_can.o
       266         22          0          0          0      33598   stm32l4xx_hal_cortex.o
       204          0          0          0          0       2003   stm32l4xx_hal_dma.o
       472         28          0          0          0       2315   stm32l4xx_hal_gpio.o
       600         52          0          0          0       3734   stm32l4xx_hal_msp.o
       356          0          0          0          0       1395   stm32l4xx_hal_pcd.o
        40          0          0          0          0       1040   stm32l4xx_hal_pcd_ex.o
       156         18          0          0          0       1366   stm32l4xx_hal_pwr_ex.o
      2820        118          0          0          0       8085   stm32l4xx_hal_rcc.o
      3324         74          0          0          0       5597   stm32l4xx_hal_rcc_ex.o
      2852         62          0          0          0      15183   stm32l4xx_hal_sd.o
       796         26          0          0          0       6466   stm32l4xx_hal_tim.o
         6          0          0          0          0       2172   stm32l4xx_hal_tim_ex.o
       136         18          0          0         76       1479   stm32l4xx_hal_timebase_tim.o
      1428         50          0          0          0       5093   stm32l4xx_hal_uart.o
       100         30          0          0          0       5367   stm32l4xx_it.o
      2098         46          0          0          0      24106   stm32l4xx_ll_sdmmc.o
        74          0          0          0          0       3581   stm32l4xx_ll_usb.o
         0          0          0          0          0        392   stream_buffer.o
        80         12         72          4          0       1249   system_stm32l4xx.o
      2824        350          0         60        240      27247   tasks.o

    ----------------------------------------------------------------------
     26044       1300        656        140       6516    1861611   Object Totals
         0          0         32          0          0          0   (incl. Generated)
        46          0          3          6          0          0   (incl. Padding)

    ----------------------------------------------------------------------

      Code (inc. data)   RO Data    RW Data    ZI Data      Debug   Library Member Name

         8          0          0          0          0         68   __main.o
         0          0          0          0          0          0   __rtentry.o
        12          0          0          0          0          0   __rtentry2.o
         6          0          0          0          0          0   __rtentry4.o
        52          8          0          0          0          0   __scatter.o
        26          0          0          0          0          0   __scatter_copy.o
        28          0          0          0          0          0   __scatter_zi.o
        18          0          0          0          0         80   exit.o
         6          0          0          0          0        152   heapauxi.o
         0          0          0          0          0          0   indicate_semi.o
         2          0          0          0          0          0   libinit.o
         6          0          0          0          0          0   libinit2.o
         2          0          0          0          0          0   libshutdown.o
         2          0          0          0          0          0   libshutdown2.o
         8          4          0          0         96         68   libspace.o
       238          0          0          0          0        100   lludivv7m.o
        78          0          0          0          0         80   rt_memclr_w.o
       138          0          0          0          0         68   rt_memcpy_v6.o
       100          0          0          0          0         80   rt_memcpy_w.o
         2          0          0          0          0          0   rtexit.o
        10          0          0          0          0          0   rtexit2.o
        12          4          0          0          0         68   sys_exit.o
        74          0          0          0          0         80   sys_stackheap_outer.o
         2          0          0          0          0         68   use_no_semi.o
        10          0          0          0          0        116   fpinit.o

    ----------------------------------------------------------------------
       848         16          0          0         96       1028   Library Totals
         8          0          0          0          0          0   (incl. Padding)

    ----------------------------------------------------------------------

      Code (inc. data)   RO Data    RW Data    ZI Data      Debug   Library Name

       830         16          0          0         96        912   c_w.l
        10          0          0          0          0        116   fz_wm.l

    ----------------------------------------------------------------------
       848         16          0          0         96       1028   Library Totals

    ----------------------------------------------------------------------

==============================================================================


      Code (inc. data)   RO Data    RW Data    ZI Data      Debug   

     26892       1316        656        140       6612    1839675   Grand Totals
     26892       1316        656        140       6612    1839675   ELF Image Totals
     26892       1316        656        140          0          0   ROM Totals

==============================================================================

    Total RO  Size (Code + RO Data)                27548 (  26.90kB)
    Total RW  Size (RW Data + ZI Data)              6752 (   6.59kB)
    Total ROM Size (Code + RO Data + RW Data)      27688 (  27.04kB)

==============================================================================

