<html>
<body>
<pre>
<h1>µVision Build Log</h1>
<h2>Tool Versions:</h2>
IDE-Version: µVision V5.29.0.0
Copyright (C) 2019 ARM Ltd and ARM Germany GmbH. All rights reserved.
License Information: Mohammad Zuaiter Auburn University Flex license: MDK Professional 5.29 (Flex): 99 user(s) (mdk_pro) Borrow: 27 Nov 2020
 
Tool Versions:
Toolchain:       MDK Professional 5.29 (Flex): 99 user(s)  Version: 5.29.0.0
Toolchain Path:  C:\Keil_v5\ARM\ARMCC\Bin
C Compiler:      Armcc.exe V5.06 update 6 (build 750)
Assembler:       Armasm.exe V5.06 update 6 (build 750)
Linker/Locator:  ArmLink.exe V5.06 update 6 (build 750)
Library Manager: ArmAr.exe V5.06 update 6 (build 750)
Hex Converter:   FromElf.exe V5.06 update 6 (build 750)
CPU DLL:         SARMCM3.DLL V5.29.0.0
Dialog DLL:      DCM.DLL V1.17.3.0
Target DLL:      STLink\ST-LINKIII-KEIL_SWO.dll V3.0.7.0
Dialog DLL:      TCM.DLL V1.36.5.0
 
<h2>Project:</h2>
D:\moham\GitHub\CANDL\MDK-ARM\CANDL.uvprojx
Project File Date:  11/19/2020

<h2>Output:</h2>
*** Using Compiler 'V5.06 update 6 (build 750)', folder: 'C:\Keil_v5\ARM\ARMCC\Bin'
Build target 'CANDL'
compiling internetConnect.cpp...
compiling dataSend.cpp...
..\Core\Src\dataSend.cpp(87): warning:  #940-D: missing return statement at end of non-void function "MQTTSSLSetup" 
  }
..\Core\Src\dataSend.cpp(106): warning:  #940-D: missing return statement at end of non-void function "MQTTSetup" 
  }
..\Core\Src\dataSend.cpp(204): warning:  #550-D: parameter "CANMessage"  was set but never used
  uint8_t getNextMsg(uint8_t* CANMessage){
..\Core\Src\dataSend.cpp: 3 warnings, 0 errors
linking...
Program Size: Code=67452 RO-data=3912 RW-data=388 ZI-data=22596  
FromELF: creating hex file...
"CANDL\CANDL.axf" - 0 Error(s), 3 Warning(s).

<h2>Software Packages used:</h2>

Package Vendor: ARM
                http://www.keil.com/pack/ARM.CMSIS.5.7.0.pack
                ARM.CMSIS.5.7.0
                CMSIS (Cortex Microcontroller Software Interface Standard)
   * Component: CORE Version: 5.4.0

Package Vendor: MDK-Packs
                https://github.com/MDK-Packs/Pack/raw/master/Jsmn/MDK-Packs.Jsmn.1.1.0.pack
                MDK-Packs.Jsmn.1.1.0
                Minimalistic JSON parser/tokenizer in C
   * Component: Jsmn Version: 1.1.0

Package Vendor: Keil
                https://www.keil.com/pack/Keil.STM32L4xx_DFP.2.5.0.pack
                Keil.STM32L4xx_DFP.2.5.0
                STMicroelectronics STM32L4 Series Device Support, Drivers and Examples

<h2>Collection of Component include folders:</h2>
  .\RTE\_CANDL
  C:\Users\moham\AppData\Local\Arm\Packs\ARM\CMSIS\5.7.0\CMSIS\Core\Include
  C:\Users\moham\AppData\Local\Arm\Packs\Keil\STM32L4xx_DFP\2.5.0\Drivers\CMSIS\Device\ST\STM32L4xx\Include
  C:\Users\moham\AppData\Local\Arm\Packs\MDK-Packs\Jsmn\1.1.0

<h2>Collection of Component Files used:</h2>

   * Component: ARM::CMSIS:CORE:5.4.0

   * Component: MDK-Packs::Data Exchange:JSON:Jsmn:1.1.0
      Include file:  jsmn.h
Build Time Elapsed:  00:00:17
</pre>
</body>
</html>
