Component: ARM Compiler 5.06 update 6 (build 750) Tool: armlink [4d35ed]

==============================================================================

Section Cross References

    startup_stm32l433xx.o(STACK) refers (Special) to heapauxi.o(.text) for __use_two_region_memory
    startup_stm32l433xx.o(HEAP) refers (Special) to heapauxi.o(.text) for __use_two_region_memory
    startup_stm32l433xx.o(RESET) refers (Special) to heapauxi.o(.text) for __use_two_region_memory
    startup_stm32l433xx.o(RESET) refers to startup_stm32l433xx.o(STACK) for __initial_sp
    startup_stm32l433xx.o(RESET) refers to startup_stm32l433xx.o(.text) for Reset_Handler
    startup_stm32l433xx.o(RESET) refers to stm32l4xx_it.o(i.NMI_Handler) for NMI_Handler
    startup_stm32l433xx.o(RESET) refers to stm32l4xx_it.o(i.HardFault_Handler) for HardFault_Handler
    startup_stm32l433xx.o(RESET) refers to stm32l4xx_it.o(i.MemManage_Handler) for MemManage_Handler
    startup_stm32l433xx.o(RESET) refers to stm32l4xx_it.o(i.BusFault_Handler) for BusFault_Handler
    startup_stm32l433xx.o(RESET) refers to stm32l4xx_it.o(i.UsageFault_Handler) for UsageFault_Handler
    startup_stm32l433xx.o(RESET) refers to port.o(.emb_text) for SVC_Handler
    startup_stm32l433xx.o(RESET) refers to stm32l4xx_it.o(i.DebugMon_Handler) for DebugMon_Handler
    startup_stm32l433xx.o(RESET) refers to port.o(i.SysTick_Handler) for SysTick_Handler
    startup_stm32l433xx.o(RESET) refers to stm32l4xx_it.o(i.CAN1_TX_IRQHandler) for CAN1_TX_IRQHandler
    startup_stm32l433xx.o(RESET) refers to stm32l4xx_it.o(i.CAN1_RX0_IRQHandler) for CAN1_RX0_IRQHandler
    startup_stm32l433xx.o(RESET) refers to stm32l4xx_it.o(i.CAN1_RX1_IRQHandler) for CAN1_RX1_IRQHandler
    startup_stm32l433xx.o(RESET) refers to stm32l4xx_it.o(i.CAN1_SCE_IRQHandler) for CAN1_SCE_IRQHandler
    startup_stm32l433xx.o(RESET) refers to stm32l4xx_it.o(i.TIM1_UP_TIM16_IRQHandler) for TIM1_UP_TIM16_IRQHandler
    startup_stm32l433xx.o(.text) refers (Special) to heapauxi.o(.text) for __use_two_region_memory
    startup_stm32l433xx.o(.text) refers to system_stm32l4xx.o(i.SystemInit) for SystemInit
    startup_stm32l433xx.o(.text) refers to __main.o(!!!main) for __main
    startup_stm32l433xx.o(.text) refers to startup_stm32l433xx.o(HEAP) for Heap_Mem
    startup_stm32l433xx.o(.text) refers to startup_stm32l433xx.o(STACK) for Stack_Mem
    main_1.o(i.HAL_TIM_PeriodElapsedCallback) refers to stm32l4xx_hal.o(i.HAL_IncTick) for HAL_IncTick
    main_1.o(i._Z11MX_RTC_Initv) refers to rt_memclr_w.o(.text) for __aeabi_memclr4
    main_1.o(i._Z11MX_RTC_Initv) refers to stm32l4xx_hal_rtc.o(i.HAL_RTC_Init) for HAL_RTC_Init
    main_1.o(i._Z11MX_RTC_Initv) refers to main_1.o(i.Error_Handler) for Error_Handler
    main_1.o(i._Z11MX_RTC_Initv) refers to stm32l4xx_hal_rtc.o(i.HAL_RTC_SetTime) for HAL_RTC_SetTime
    main_1.o(i._Z11MX_RTC_Initv) refers to stm32l4xx_hal_rtc.o(i.HAL_RTC_SetDate) for HAL_RTC_SetDate
    main_1.o(i._Z11MX_RTC_Initv) refers to main_1.o(.bss) for hrtc
    main_1.o(i._Z12MX_CAN1_Initv) refers to stm32l4xx_hal_can.o(i.HAL_CAN_Init) for HAL_CAN_Init
    main_1.o(i._Z12MX_CAN1_Initv) refers to main_1.o(i.Error_Handler) for Error_Handler
    main_1.o(i._Z12MX_CAN1_Initv) refers to main_1.o(.bss) for hcan1
    main_1.o(i._Z12MX_GPIO_Initv) refers to rt_memclr_w.o(.text) for __aeabi_memclr4
    main_1.o(i._Z12MX_GPIO_Initv) refers to stm32l4xx_hal_gpio.o(i.HAL_GPIO_WritePin) for HAL_GPIO_WritePin
    main_1.o(i._Z12MX_GPIO_Initv) refers to stm32l4xx_hal_gpio.o(i.HAL_GPIO_Init) for HAL_GPIO_Init
    main_1.o(i._Z17MX_SDMMC1_SD_Initv) refers to main_1.o(.bss) for hsd1
    main_1.o(i._Z18SystemClock_Configv) refers to rt_memclr_w.o(.text) for __aeabi_memclr4
    main_1.o(i._Z18SystemClock_Configv) refers to stm32l4xx_hal_rcc.o(i.HAL_RCC_OscConfig) for HAL_RCC_OscConfig
    main_1.o(i._Z18SystemClock_Configv) refers to main_1.o(i.Error_Handler) for Error_Handler
    main_1.o(i._Z18SystemClock_Configv) refers to stm32l4xx_hal_rcc.o(i.HAL_RCC_ClockConfig) for HAL_RCC_ClockConfig
    main_1.o(i._Z18SystemClock_Configv) refers to stm32l4xx_hal_rcc_ex.o(i.HAL_RCCEx_PeriphCLKConfig) for HAL_RCCEx_PeriphCLKConfig
    main_1.o(i._Z18SystemClock_Configv) refers to stm32l4xx_hal_pwr_ex.o(i.HAL_PWREx_ControlVoltageScaling) for HAL_PWREx_ControlVoltageScaling
    main_1.o(i._Z19MX_USART2_UART_Initv) refers to stm32l4xx_hal_uart.o(i.HAL_UART_Init) for HAL_UART_Init
    main_1.o(i._Z19MX_USART2_UART_Initv) refers to main_1.o(i.Error_Handler) for Error_Handler
    main_1.o(i._Z19MX_USART2_UART_Initv) refers to main_1.o(.bss) for huart2
    main_1.o(i._Z19MX_USART3_UART_Initv) refers to stm32l4xx_hal_uart.o(i.HAL_UART_Init) for HAL_UART_Init
    main_1.o(i._Z19MX_USART3_UART_Initv) refers to main_1.o(i.Error_Handler) for Error_Handler
    main_1.o(i._Z19MX_USART3_UART_Initv) refers to main_1.o(.bss) for huart3
    main_1.o(i._Z19StartDataCollectionPKv) refers to datacollect.o(i._Z9storeDatav) for storeData()
[...]
    i.vTaskInternalSetTimeOutState           0x08005d28   Section        0  tasks.o(i.vTaskInternalSetTimeOutState)
    i.vTaskMissedYield                       0x08005d40   Section        0  tasks.o(i.vTaskMissedYield)
    i.vTaskPlaceOnEventList                  0x08005d4c   Section        0  tasks.o(i.vTaskPlaceOnEventList)
    i.vTaskStartScheduler                    0x08005d84   Section        0  tasks.o(i.vTaskStartScheduler)
    i.vTaskSuspendAll                        0x08005e34   Section        0  tasks.o(i.vTaskSuspendAll)
    i.vTaskSwitchContext                     0x08005e44   Section        0  tasks.o(i.vTaskSwitchContext)
    i.xPortStartScheduler                    0x08005ed0   Section        0  port.o(i.xPortStartScheduler)
    i.xQueueGenericCreate                    0x08006038   Section        0  queue.o(i.xQueueGenericCreate)
    i.xQueueGenericCreateStatic              0x08006098   Section        0  queue.o(i.xQueueGenericCreateStatic)
    i.xQueueGenericReset                     0x08006178   Section        0  queue.o(i.xQueueGenericReset)
    i.xQueueGenericSend                      0x08006210   Section        0  queue.o(i.xQueueGenericSend)
    i.xQueueGenericSendFromISR               0x080063b8   Section        0  queue.o(i.xQueueGenericSendFromISR)
    i.xQueueReceive                          0x080064b8   Section        0  queue.o(i.xQueueReceive)
    i.xQueueReceiveFromISR                   0x08006620   Section        0  queue.o(i.xQueueReceiveFromISR)
    i.xTaskCheckForTimeOut                   0x080066f0   Section        0  tasks.o(i.xTaskCheckForTimeOut)
    i.xTaskCreate                            0x0800677c   Section        0  tasks.o(i.xTaskCreate)
    i.xTaskCreateStatic                      0x080067e6   Section        0  tasks.o(i.xTaskCreateStatic)
    i.xTaskGetSchedulerState                 0x080068a8   Section        0  tasks.o(i.xTaskGetSchedulerState)
    i.xTaskGetTickCount                      0x080068c8   Section        0  tasks.o(i.xTaskGetTickCount)
    i.xTaskGetTickCountFromISR               0x080068d4   Section        0  tasks.o(i.xTaskGetTickCountFromISR)
    i.xTaskIncrementTick                     0x080068e8   Section        0  tasks.o(i.xTaskIncrementTick)
    i.xTaskPriorityDisinherit                0x08006a30   Section        0  tasks.o(i.xTaskPriorityDisinherit)
    i.xTaskRemoveFromEventList               0x08006af8   Section        0  tasks.o(i.xTaskRemoveFromEventList)
    i.xTaskResumeAll                         0x08006b90   Section        0  tasks.o(i.xTaskResumeAll)
    x$fpl$fpinit                             0x08006c94   Section       10  fpinit.o(x$fpl$fpinit)
    $v0                                      0x08006c94   Number         0  fpinit.o(x$fpl$fpinit)
    .constdata                               0x08006ca0   Section       84  main_1.o(.constdata)
    .constdata                               0x08006cf4   Section       36  sd_diskio.o(.constdata)
    .constdata                               0x08006d18   Section       72  system_stm32l4xx.o(.constdata)
    .conststring                             0x08006d60   Section       33  main_1.o(.conststring)
    .data                                    0x20000000   Section       12  main_1.o(.data)
    .data                                    0x2000000c   Section        8  sd_diskio.o(.data)
    Stat                                     0x2000000c   Data           1  sd_diskio.o(.data)
    SDQueueID                                0x20000010   Data           4  sd_diskio.o(.data)
    .data                                    0x20000014   Section        5  fatfs.o(.data)
    .data                                    0x2000001c   Section        9  stm32l4xx_hal.o(.data)
    .data                                    0x20000028   Section        4  system_stm32l4xx.o(.data)
    .data                                    0x2000002c   Section       60  tasks.o(.data)
    pxDelayedTaskList                        0x20000030   Data           4  tasks.o(.data)
    pxOverflowDelayedTaskList                0x20000034   Data           4  tasks.o(.data)
    uxDeletedTasksWaitingCleanUp             0x20000038   Data           4  tasks.o(.data)
    uxCurrentNumberOfTasks                   0x2000003c   Data           4  tasks.o(.data)
    xTickCount                               0x20000040   Data           4  tasks.o(.data)
    uxTopReadyPriority                       0x20000044   Data           4  tasks.o(.data)
    xSchedulerRunning                        0x20000048   Data           4  tasks.o(.data)
    uxPendedTicks                            0x2000004c   Data           4  tasks.o(.data)
    xYieldPending                            0x20000050   Data           4  tasks.o(.data)
    xNumOfOverflows                          0x20000054   Data           4  tasks.o(.data)
    uxTaskNumber                             0x20000058   Data           4  tasks.o(.data)
    xNextTaskUnblockTime                     0x2000005c   Data           4  tasks.o(.data)
    xIdleTaskHandle                          0x20000060   Data           4  tasks.o(.data)
    uxSchedulerSuspended                     0x20000064   Data           4  tasks.o(.data)
    .data                                    0x20000068   Section       24  heap_4.o(.data)
    xStart                                   0x20000068   Data           8  heap_4.o(.data)
    pxEnd                                    0x20000070   Data           4  heap_4.o(.data)
    xFreeBytesRemaining                      0x20000074   Data           4  heap_4.o(.data)
    xMinimumEverFreeBytesRemaining           0x20000078   Data           4  heap_4.o(.data)
    xBlockAllocatedBit                       0x2000007c   Data           4  heap_4.o(.data)
    .data                                    0x20000080   Section       12  port.o(.data)
    uxCriticalNesting                        0x20000080   Data           4  port.o(.data)
    ucMaxSysCallPriority                     0x20000084   Data           1  port.o(.data)
    ulMaxPRIGROUPValue                       0x20000088   Data           4  port.o(.data)
    .bss                                     0x2000008c   Section      464  main_1.o(.bss)
    .bss                                     0x2000025c   Section      596  freertos.o(.bss)
    xIdleTaskTCBBuffer                       0x2000025c   Data          84  freertos.o(.bss)
    xIdleStack                               0x200002b0   Data         512  freertos.o(.bss)
    .bss                                     0x200004b0   Section       76  stm32l4xx_hal_timebase_tim.o(.bss)
    .bss                                     0x200004fc   Section       12  ff_gen_drv.o(.bss)
    .bss                                     0x20000508   Section      240  tasks.o(.bss)
    pxReadyTasksLists                        0x20000508   Data         140  tasks.o(.bss)
    xDelayedTaskList1                        0x20000594   Data          20  tasks.o(.bss)
    xDelayedTaskList2                        0x200005a8   Data          20  tasks.o(.bss)
    xPendingReadyList                        0x200005bc   Data          20  tasks.o(.bss)
    xTasksWaitingTermination                 0x200005d0   Data          20  tasks.o(.bss)
    xSuspendedTaskList                       0x200005e4   Data          20  tasks.o(.bss)
    .bss                                     0x200005f8   Section     3000  heap_4.o(.bss)
    ucHeap                                   0x200005f8   Data        3000  heap_4.o(.bss)
    .bss                                     0x200011b0   Section       96  libspace.o(.bss)
    HEAP                                     0x20001210   Section      512  startup_stm32l433xx.o(HEAP)
    Heap_Mem                                 0x20001210   Data         512  startup_stm32l433xx.o(HEAP)
    STACK                                    0x20001410   Section     1024  startup_stm32l433xx.o(STACK)
    Stack_Mem                                0x20001410   Data        1024  startup_stm32l433xx.o(STACK)
    __initial_sp                             0x20001810   Data           0  startup_stm32l433xx.o(STACK)

    Global Symbols

    Symbol Name                              Value     Ov Type        Size  Object(Section)

    BuildAttributes$$THM_ISAv4$E$P$D$K$B$S$7EM$VFPi3$EXTD16$VFPS$VFMA$PE$A:L22UL41UL21$X:L11$S22US41US21$IEEE1$IW$USESV6$~STKCKD$USESV7$~SHL$OSPACE$ROPI$EBA8$UX$STANDARDLIB$REQ8$PRES8$EABIv2 0x00000000   Number         0  anon$$obj.o ABSOLUTE
    __ARM_use_no_argv                        0x00000000   Number         0  main_1.o ABSOLUTE
    __ARM_exceptions_init                     - Undefined Weak Reference
    __alloca_initialize                       - Undefined Weak Reference
    __arm_preinit_                            - Undefined Weak Reference
    __cpp_initialize__aeabi_                  - Undefined Weak Reference
    __cxa_finalize                            - Undefined Weak Reference
    __rt_locale                               - Undefined Weak Reference
    __sigvec_lookup                           - Undefined Weak Reference
    _atexit_init                              - Undefined Weak Reference
    _call_atexit_fns                          - Undefined Weak Reference
    _clock_init                               - Undefined Weak Reference
    _fp_trap_init                             - Undefined Weak Reference
    _fp_trap_shutdown                         - Undefined Weak Reference
    _get_lc_collate                           - Undefined Weak Reference
    _get_lc_ctype                             - Undefined Weak Reference
    _get_lc_monetary                          - Undefined Weak Reference
    _get_lc_numeric                           - Undefined Weak Reference
    _get_lc_time                              - Undefined Weak Reference
    _getenv_init                              - Undefined Weak Reference
    _handle_redirection                       - Undefined Weak Reference
    _init_alloc                               - Undefined Weak Reference
    _init_user_alloc                          - Undefined Weak Reference
    _initio                                   - Undefined Weak Reference
    _rand_init                                - Undefined Weak Reference
    _signal_finish                            - Undefined Weak Reference
    _signal_init                              - Undefined Weak Reference
    _terminate_alloc                          - Undefined Weak Reference
    _terminate_user_alloc                     - Undefined Weak Reference
    _terminateio                              - Undefined Weak Reference
    __Vectors_Size                           0x0000018c   Number         0  startup_stm32l433xx.o ABSOLUTE
    __Vectors                                0x08000000   Data           4  startup_stm32l433xx.o(RESET)
    __Vectors_End                            0x0800018c   Data           0  startup_stm32l433xx.o(RESET)
    __main                                   0x0800018d   Thumb Code     8  __main.o(!!!main)
    __scatterload                            0x08000195   Thumb Code     0  __scatter.o(!!!scatter)
    __scatterload_rt2                        0x08000195   Thumb Code    44  __scatter.o(!!!scatter)
    __scatterload_rt2_thumb_only             0x08000195   Thumb Code     0  __scatter.o(!!!scatter)
    __scatterload_null                       0x080001a3   Thumb Code     0  __scatter.o(!!!scatter)
    __scatterload_copy                       0x080001c9   Thumb Code    26  __scatter_copy.o(!!handler_copy)
    __scatterload_zeroinit                   0x080001e5   Thumb Code    28  __scatter_zi.o(!!handler_zi)
    __rt_lib_init                            0x08000201   Thumb Code     0  libinit.o(.ARM.Collect$$libinit$$00000000)
    __rt_lib_init_fp_1                       0x08000203   Thumb Code     0  libinit2.o(.ARM.Collect$$libinit$$00000001)
    __rt_lib_init_alloca_1                   0x08000207   Thumb Code     0  libinit2.o(.ARM.Collect$$libinit$$0000002E)
    __rt_lib_init_argv_1                     0x08000207   Thumb Code     0  libinit2.o(.ARM.Collect$$libinit$$0000002C)
    __rt_lib_init_atexit_1                   0x08000207   Thumb Code     0  libinit2.o(.ARM.Collect$$libinit$$0000001B)
    __rt_lib_init_clock_1                    0x08000207   Thumb Code     0  libinit2.o(.ARM.Collect$$libinit$$00000021)
    __rt_lib_init_cpp_1                      0x08000207   Thumb Code     0  libinit2.o(.ARM.Collect$$libinit$$00000032)
    __rt_lib_init_exceptions_1               0x08000207   Thumb Code     0  libinit2.o(.ARM.Collect$$libinit$$00000030)
    __rt_lib_init_fp_trap_1                  0x08000207   Thumb Code     0  libinit2.o(.ARM.Collect$$libinit$$0000001F)
    __rt_lib_init_getenv_1                   0x08000207   Thumb Code     0  libinit2.o(.ARM.Collect$$libinit$$00000023)
    __rt_lib_init_heap_1                     0x08000207   Thumb Code     0  libinit2.o(.ARM.Collect$$libinit$$0000000A)
    __rt_lib_init_lc_collate_1               0x08000207   Thumb Code     0  libinit2.o(.ARM.Collect$$libinit$$00000011)
    __rt_lib_init_lc_ctype_1                 0x08000207   Thumb Code     0  libinit2.o(.ARM.Collect$$libinit$$00000013)
    __rt_lib_init_lc_monetary_1              0x08000207   Thumb Code     0  libinit2.o(.ARM.Collect$$libinit$$00000015)
    __rt_lib_init_lc_numeric_1               0x08000207   Thumb Code     0  libinit2.o(.ARM.Collect$$libinit$$00000017)
    __rt_lib_init_lc_time_1                  0x08000207   Thumb Code     0  libinit2.o(.ARM.Collect$$libinit$$00000019)
    __rt_lib_init_preinit_1                  0x08000207   Thumb Code     0  libinit2.o(.ARM.Collect$$libinit$$00000004)
    __rt_lib_init_rand_1                     0x08000207   Thumb Code     0  libinit2.o(.ARM.Collect$$libinit$$0000000E)
    __rt_lib_init_return                     0x08000207   Thumb Code     0  libinit2.o(.ARM.Collect$$libinit$$00000033)
    __rt_lib_init_signal_1                   0x08000207   Thumb Code     0  libinit2.o(.ARM.Collect$$libinit$$0000001D)
    __rt_lib_init_stdio_1                    0x08000207   Thumb Code     0  libinit2.o(.ARM.Collect$$libinit$$00000025)
    __rt_lib_init_user_alloc_1               0x08000207   Thumb Code     0  libinit2.o(.ARM.Collect$$libinit$$0000000C)
    __rt_lib_shutdown                        0x08000209   Thumb Code     0  libshutdown.o(.ARM.Collect$$libshutdown$$00000000)
    __rt_lib_shutdown_cpp_1                  0x0800020b   Thumb Code     0  libshutdown2.o(.ARM.Collect$$libshutdown$$00000002)
    __rt_lib_shutdown_fp_trap_1              0x0800020b   Thumb Code     0  libshutdown2.o(.ARM.Collect$$libshutdown$$00000007)
    __rt_lib_shutdown_heap_1                 0x0800020b   Thumb Code     0  libshutdown2.o(.ARM.Collect$$libshutdown$$0000000F)
    __rt_lib_shutdown_return                 0x0800020b   Thumb Code     0  libshutdown2.o(.ARM.Collect$$libshutdown$$00000010)
    __rt_lib_shutdown_signal_1               0x0800020b   Thumb Code     0  libshutdown2.o(.ARM.Collect$$libshutdown$$0000000A)
    __rt_lib_shutdown_stdio_1                0x0800020b   Thumb Code     0  libshutdown2.o(.ARM.Collect$$libshutdown$$00000004)
    __rt_lib_shutdown_user_alloc_1           0x0800020b   Thumb Code     0  libshutdown2.o(.ARM.Collect$$libshutdown$$0000000C)
    __rt_entry                               0x0800020d   Thumb Code     0  __rtentry.o(.ARM.Collect$$rtentry$$00000000)
    __rt_entry_presh_1                       0x0800020d   Thumb Code     0  __rtentry2.o(.ARM.Collect$$rtentry$$00000002)
    __rt_entry_sh                            0x0800020d   Thumb Code     0  __rtentry4.o(.ARM.Collect$$rtentry$$00000004)
    __rt_entry_li                            0x08000213   Thumb Code     0  __rtentry2.o(.ARM.Collect$$rtentry$$0000000A)
    __rt_entry_postsh_1                      0x08000213   Thumb Code     0  __rtentry2.o(.ARM.Collect$$rtentry$$00000009)
    __rt_entry_main                          0x08000217   Thumb Code     0  __rtentry2.o(.ARM.Collect$$rtentry$$0000000D)
    __rt_entry_postli_1                      0x08000217   Thumb Code     0  __rtentry2.o(.ARM.Collect$$rtentry$$0000000C)
    __rt_exit                                0x0800021f   Thumb Code     0  rtexit.o(.ARM.Collect$$rtexit$$00000000)
    __rt_exit_ls                             0x08000221   Thumb Code     0  rtexit2.o(.ARM.Collect$$rtexit$$00000003)
    __rt_exit_prels_1                        0x08000221   Thumb Code     0  rtexit2.o(.ARM.Collect$$rtexit$$00000002)
    __rt_exit_exit                           0x08000225   Thumb Code     0  rtexit2.o(.ARM.Collect$$rtexit$$00000004)
    SVC_Handler                              0x0800022d   Thumb Code    28  port.o(.emb_text)
    __asm___6_port_c_39a90d8d__prvStartFirstTask 0x0800024d   Thumb Code    36  port.o(.emb_text)
    __asm___6_port_c_39a90d8d__prvEnableVFP  0x08000275   Thumb Code    16  port.o(.emb_text)
    PendSV_Handler                           0x08000289   Thumb Code    88  port.o(.emb_text)
    vPortGetIPSR                             0x080002e5   Thumb Code     6  port.o(.emb_text)
    Reset_Handler                            0x0800030d   Thumb Code     8  startup_stm32l433xx.o(.text)
    ADC1_IRQHandler                          0x08000327   Thumb Code     0  startup_stm32l433xx.o(.text)
    COMP_IRQHandler                          0x08000327   Thumb Code     0  startup_stm32l433xx.o(.text)
    CRS_IRQHandler                           0x08000327   Thumb Code     0  startup_stm32l433xx.o(.text)
    DMA1_Channel1_IRQHandler                 0x08000327   Thumb Code     0  startup_stm32l433xx.o(.text)
    DMA1_Channel2_IRQHandler                 0x08000327   Thumb Code     0  startup_stm32l433xx.o(.text)
    DMA1_Channel3_IRQHandler                 0x08000327   Thumb Code     0  startup_stm32l433xx.o(.text)
    DMA1_Channel4_IRQHandler                 0x08000327   Thumb Code     0  startup_stm32l433xx.o(.text)
    DMA1_Channel5_IRQHandler                 0x08000327   Thumb Code     0  startup_stm32l433xx.o(.text)
    DMA1_Channel6_IRQHandler                 0x08000327   Thumb Code     0  startup_stm32l433xx.o(.text)
    DMA1_Channel7_IRQHandler                 0x08000327   Thumb Code     0  startup_stm32l433xx.o(.text)
    DMA2_Channel1_IRQHandler                 0x08000327   Thumb Code     0  startup_stm32l433xx.o(.text)
    DMA2_Channel2_IRQHandler                 0x08000327   Thumb Code     0  startup_stm32l433xx.o(.text)
    DMA2_Channel3_IRQHandler                 0x08000327   Thumb Code     0  startup_stm32l433xx.o(.text)
    DMA2_Channel4_IRQHandler                 0x08000327   Thumb Code     0  startup_stm32l433xx.o(.text)
    DMA2_Channel5_IRQHandler                 0x08000327   Thumb Code     0  startup_stm32l433xx.o(.text)
    DMA2_Channel6_IRQHandler                 0x08000327   Thumb Code     0  startup_stm32l433xx.o(.text)
    DMA2_Channel7_IRQHandler                 0x08000327   Thumb Code     0  startup_stm32l433xx.o(.text)
    EXTI0_IRQHandler                         0x08000327   Thumb Code     0  startup_stm32l433xx.o(.text)
    EXTI15_10_IRQHandler                     0x08000327   Thumb Code     0  startup_stm32l433xx.o(.text)
    EXTI1_IRQHandler                         0x08000327   Thumb Code     0  startup_stm32l433xx.o(.text)
    EXTI2_IRQHandler                         0x08000327   Thumb Code     0  startup_stm32l433xx.o(.text)
    EXTI3_IRQHandler                         0x08000327   Thumb Code     0  startup_stm32l433xx.o(.text)
    EXTI4_IRQHandler                         0x08000327   Thumb Code     0  startup_stm32l433xx.o(.text)
    EXTI9_5_IRQHandler                       0x08000327   Thumb Code     0  startup_stm32l433xx.o(.text)
    FLASH_IRQHandler                         0x08000327   Thumb Code     0  startup_stm32l433xx.o(.text)
    FPU_IRQHandler                           0x08000327   Thumb Code     0  startup_stm32l433xx.o(.text)
    I2C1_ER_IRQHandler                       0x08000327   Thumb Code     0  startup_stm32l433xx.o(.text)
    I2C1_EV_IRQHandler                       0x08000327   Thumb Code     0  startup_stm32l433xx.o(.text)
    I2C2_ER_IRQHandler                       0x08000327   Thumb Code     0  startup_stm32l433xx.o(.text)
    I2C2_EV_IRQHandler                       0x08000327   Thumb Code     0  startup_stm32l433xx.o(.text)
    I2C3_ER_IRQHandler                       0x08000327   Thumb Code     0  startup_stm32l433xx.o(.text)
    I2C3_EV_IRQHandler                       0x08000327   Thumb Code     0  startup_stm32l433xx.o(.text)
    LCD_IRQHandler                           0x08000327   Thumb Code     0  startup_stm32l433xx.o(.text)
    LPTIM1_IRQHandler                        0x08000327   Thumb Code     0  startup_stm32l433xx.o(.text)
    LPTIM2_IRQHandler                        0x08000327   Thumb Code     0  startup_stm32l433xx.o(.text)
    LPUART1_IRQHandler                       0x08000327   Thumb Code     0  startup_stm32l433xx.o(.text)
    PVD_PVM_IRQHandler                       0x08000327   Thumb Code     0  startup_stm32l433xx.o(.text)
    QUADSPI_IRQHandler                       0x08000327   Thumb Code     0  startup_stm32l433xx.o(.text)
    RCC_IRQHandler                           0x08000327   Thumb Code     0  startup_stm32l433xx.o(.text)
    RNG_IRQHandler                           0x08000327   Thumb Code     0  startup_stm32l433xx.o(.text)
    RTC_Alarm_IRQHandler                     0x08000327   Thumb Code     0  startup_stm32l433xx.o(.text)
    RTC_WKUP_IRQHandler                      0x08000327   Thumb Code     0  startup_stm32l433xx.o(.text)
    SAI1_IRQHandler                          0x08000327   Thumb Code     0  startup_stm32l433xx.o(.text)
    SDMMC1_IRQHandler                        0x08000327   Thumb Code     0  startup_stm32l433xx.o(.text)
    SPI1_IRQHandler                          0x08000327   Thumb Code     0  startup_stm32l433xx.o(.text)
    SPI2_IRQHandler                          0x08000327   Thumb Code     0  startup_stm32l433xx.o(.text)
    SPI3_IRQHandler                          0x08000327   Thumb Code     0  startup_stm32l433xx.o(.text)
    SWPMI1_IRQHandler                        0x08000327   Thumb Code     0  startup_stm32l433xx.o(.text)
    TAMP_STAMP_IRQHandler                    0x08000327   Thumb Code     0  startup_stm32l433xx.o(.text)
    TIM1_BRK_TIM15_IRQHandler                0x08000327   Thumb Code     0  startup_stm32l433xx.o(.text)
    TIM1_CC_IRQHandler                       0x08000327   Thumb Code     0  startup_stm32l433xx.o(.text)
    TIM1_TRG_COM_IRQHandler                  0x08000327   Thumb Code     0  startup_stm32l433xx.o(.text)
    TIM2_IRQHandler                          0x08000327   Thumb Code     0  startup_stm32l433xx.o(.text)
    TIM6_DAC_IRQHandler                      0x08000327   Thumb Code     0  startup_stm32l433xx.o(.text)
    TIM7_IRQHandler                          0x08000327   Thumb Code     0  startup_stm32l433xx.o(.text)
    TSC_IRQHandler                           0x08000327   Thumb Code     0  startup_stm32l433xx.o(.text)
    USART1_IRQHandler                        0x08000327   Thumb Code     0  startup_stm32l433xx.o(.text)
    USART2_IRQHandler                        0x08000327   Thumb Code     0  startup_stm32l433xx.o(.text)
    USART3_IRQHandler                        0x08000327   Thumb Code     0  startup_stm32l433xx.o(.text)
    USB_IRQHandler                           0x08000327   Thumb Code     0  startup_stm32l433xx.o(.text)
    WWDG_IRQHandler                          0x08000327   Thumb Code     0  startup_stm32l433xx.o(.text)
    __user_initial_stackheap                 0x08000329   Thumb Code     0  startup_stm32l433xx.o(.text)
    __aeabi_uldivmod                         0x0800034d   Thumb Code     0  lludivv7m.o(.text)
    _ll_udiv                                 0x0800034d   Thumb Code   238  lludivv7m.o(.text)
    __aeabi_memcpy                           0x0800043b   Thumb Code     0  rt_memcpy_v6.o(.text)
    __rt_memcpy                              0x0800043b   Thumb Code   138  rt_memcpy_v6.o(.text)
    _memcpy_lastbytes                        0x080004a1   Thumb Code     0  rt_memcpy_v6.o(.text)
    __aeabi_memcpy4                          0x080004c5   Thumb Code     0  rt_memcpy_w.o(.text)
    __aeabi_memcpy8                          0x080004c5   Thumb Code     0  rt_memcpy_w.o(.text)
    __rt_memcpy_w                            0x080004c5   Thumb Code   100  rt_memcpy_w.o(.text)
    _memcpy_lastbytes_aligned                0x0800050d   Thumb Code     0  rt_memcpy_w.o(.text)
    __aeabi_memclr4                          0x08000529   Thumb Code     0  rt_memclr_w.o(.text)
    __aeabi_memclr8                          0x08000529   Thumb Code     0  rt_memclr_w.o(.text)
    __rt_memclr_w                            0x08000529   Thumb Code    78  rt_memclr_w.o(.text)
    _memset_w                                0x0800052d   Thumb Code     0  rt_memclr_w.o(.text)
    __use_two_region_memory                  0x08000577   Thumb Code     2  heapauxi.o(.text)
    __rt_heap_escrow$2region                 0x08000579   Thumb Code     2  heapauxi.o(.text)
    __rt_heap_expand$2region                 0x0800057b   Thumb Code     2  heapauxi.o(.text)
    __user_setup_stackheap                   0x0800057d   Thumb Code    74  sys_stackheap_outer.o(.text)
    exit                                     0x080005c7   Thumb Code    18  exit.o(.text)
    __user_libspace                          0x080005d9   Thumb Code     8  libspace.o(.text)
    __user_perproc_libspace                  0x080005d9   Thumb Code     0  libspace.o(.text)
    __user_perthread_libspace                0x080005d9   Thumb Code     0  libspace.o(.text)
    _sys_exit                                0x080005e1   Thumb Code     8  sys_exit.o(.text)
    __I$use$semihosting                      0x080005ed   Thumb Code     0  use_no_semi.o(.text)
    __use_no_semihosting_swi                 0x080005ed   Thumb Code     2  use_no_semi.o(.text)
    __semihosting_library_function           0x080005ef   Thumb Code     0  indicate_semi.o(.text)
    BSP_PlatformIsDetected                   0x080005f1   Thumb Code    20  fatfs_platform.o(i.BSP_PlatformIsDetected)
    BSP_SD_GetCardInfo                       0x08000609   Thumb Code    14  bsp_driver_sd.o(i.BSP_SD_GetCardInfo)
    BSP_SD_GetCardState                      0x0800061d   Thumb Code    20  bsp_driver_sd.o(i.BSP_SD_GetCardState)
    BSP_SD_Init                              0x08000635   Thumb Code    28  bsp_driver_sd.o(i.BSP_SD_Init)
    BSP_SD_IsDetected                        0x08000655   Thumb Code    22  bsp_driver_sd.o(i.BSP_SD_IsDetected)
    BSP_SD_ReadBlocks_DMA                    0x0800066d   Thumb Code    34  bsp_driver_sd.o(i.BSP_SD_ReadBlocks_DMA)
    BSP_SD_ReadCpltCallback                  0x08000695   Thumb Code    16  sd_diskio.o(i.BSP_SD_ReadCpltCallback)
    BSP_SD_WriteBlocks_DMA                   0x080006a9   Thumb Code    34  bsp_driver_sd.o(i.BSP_SD_WriteBlocks_DMA)
    BusFault_Handler                         0x080006d1   Thumb Code     4  stm32l4xx_it.o(i.BusFault_Handler)
    CAN1_RX0_IRQHandler                      0x080006d5   Thumb Code    10  stm32l4xx_it.o(i.CAN1_RX0_IRQHandler)
    CAN1_RX1_IRQHandler                      0x080006e5   Thumb Code    10  stm32l4xx_it.o(i.CAN1_RX1_IRQHandler)
    CAN1_SCE_IRQHandler                      0x080006f5   Thumb Code    10  stm32l4xx_it.o(i.CAN1_SCE_IRQHandler)
    CAN1_TX_IRQHandler                       0x08000705   Thumb Code    10  stm32l4xx_it.o(i.CAN1_TX_IRQHandler)
    DebugMon_Handler                         0x08000745   Thumb Code     2  stm32l4xx_it.o(i.DebugMon_Handler)
    Error_Handler                            0x08000747   Thumb Code     2  main_1.o(i.Error_Handler)
    FATFS_LinkDriver                         0x08000749   Thumb Code    18  ff_gen_drv.o(i.FATFS_LinkDriver)
    FATFS_LinkDriverEx                       0x0800075d   Thumb Code    78  ff_gen_drv.o(i.FATFS_LinkDriverEx)
    HAL_CAN_ErrorCallback                    0x080007b1   Thumb Code     2  stm32l4xx_hal_can.o(i.HAL_CAN_ErrorCallback)
    HAL_CAN_IRQHandler                       0x080007b3   Thumb Code   590  stm32l4xx_hal_can.o(i.HAL_CAN_IRQHandler)
    HAL_CAN_Init                             0x08000a07   Thumb Code   372  stm32l4xx_hal_can.o(i.HAL_CAN_Init)
    HAL_CAN_MspInit                          0x08000b7d   Thumb Code   174  stm32l4xx_hal_msp.o(i.HAL_CAN_MspInit)
    HAL_CAN_RxFifo0FullCallback              0x08000c39   Thumb Code     2  stm32l4xx_hal_can.o(i.HAL_CAN_RxFifo0FullCallback)
    HAL_CAN_RxFifo0MsgPendingCallback        0x08000c3b   Thumb Code     2  stm32l4xx_hal_can.o(i.HAL_CAN_RxFifo0MsgPendingCallback)
    HAL_CAN_RxFifo1FullCallback              0x08000c3d   Thumb Code     2  stm32l4xx_hal_can.o(i.HAL_CAN_RxFifo1FullCallback)
    HAL_CAN_RxFifo1MsgPendingCallback        0x08000c3f   Thumb Code     2  stm32l4xx_hal_can.o(i.HAL_CAN_RxFifo1MsgPendingCallback)
    HAL_CAN_SleepCallback                    0x08000c41   Thumb Code     2  stm32l4xx_hal_can.o(i.HAL_CAN_SleepCallback)
    HAL_CAN_TxMailbox0AbortCallback          0x08000c43   Thumb Code     2  stm32l4xx_hal_can.o(i.HAL_CAN_TxMailbox0AbortCallback)
    HAL_CAN_TxMailbox0CompleteCallback       0x08000c45   Thumb Code     2  stm32l4xx_hal_can.o(i.HAL_CAN_TxMailbox0CompleteCallback)
    HAL_CAN_TxMailbox1AbortCallback          0x08000c47   Thumb Code     2  stm32l4xx_hal_can.o(i.HAL_CAN_TxMailbox1AbortCallback)
    HAL_CAN_TxMailbox1CompleteCallback       0x08000c49   Thumb Code     2  stm32l4xx_hal_can.o(i.HAL_CAN_TxMailbox1CompleteCallback)
    HAL_CAN_TxMailbox2AbortCallback          0x08000c4b   Thumb Code     2  stm32l4xx_hal_can.o(i.HAL_CAN_TxMailbox2AbortCallback)
    HAL_CAN_TxMailbox2CompleteCallback       0x08000c4d   Thumb Code     2  stm32l4xx_hal_can.o(i.HAL_CAN_TxMailbox2CompleteCallback)
    HAL_CAN_WakeUpFromRxMsgCallback          0x08000c4f   Thumb Code     2  stm32l4xx_hal_can.o(i.HAL_CAN_WakeUpFromRxMsgCallback)
    HAL_DMA_Start_IT                         0x08000c51   Thumb Code   156  stm32l4xx_hal_dma.o(i.HAL_DMA_Start_IT)
    HAL_Delay                                0x08000ced   Thumb Code    36  stm32l4xx_hal.o(i.HAL_Delay)
    HAL_GPIO_Init                            0x08000d15   Thumb Code   428  stm32l4xx_hal_gpio.o(i.HAL_GPIO_Init)
    HAL_GPIO_ReadPin                         0x08000edd   Thumb Code    16  stm32l4xx_hal_gpio.o(i.HAL_GPIO_ReadPin)
    HAL_GPIO_WritePin                        0x08000eed   Thumb Code    10  stm32l4xx_hal_gpio.o(i.HAL_GPIO_WritePin)
    HAL_GetTick                              0x08000ef9   Thumb Code     6  stm32l4xx_hal.o(i.HAL_GetTick)
    HAL_IncTick                              0x08000f05   Thumb Code    16  stm32l4xx_hal.o(i.HAL_IncTick)
    HAL_Init                                 0x08000f1d   Thumb Code    30  stm32l4xx_hal.o(i.HAL_Init)
    HAL_InitTick                             0x08000f3d   Thumb Code   118  stm32l4xx_hal_timebase_tim.o(i.HAL_InitTick)
    HAL_MspInit                              0x08000fc5   Thumb Code    58  stm32l4xx_hal_msp.o(i.HAL_MspInit)
    HAL_NVIC_EnableIRQ                       0x08001005   Thumb Code    40  stm32l4xx_hal_cortex.o(i.HAL_NVIC_EnableIRQ)
    HAL_NVIC_SetPriority                     0x0800102d   Thumb Code   124  stm32l4xx_hal_cortex.o(i.HAL_NVIC_SetPriority)
    HAL_NVIC_SetPriorityGrouping             0x080010b1   Thumb Code    32  stm32l4xx_hal_cortex.o(i.HAL_NVIC_SetPriorityGrouping)
    HAL_PWREx_ControlVoltageScaling          0x080010d9   Thumb Code   128  stm32l4xx_hal_pwr_ex.o(i.HAL_PWREx_ControlVoltageScaling)
    HAL_PWREx_GetVoltageRange                0x08001165   Thumb Code    10  stm32l4xx_hal_pwr_ex.o(i.HAL_PWREx_GetVoltageRange)
    HAL_RCCEx_GetPeriphCLKFreq               0x08001175   Thumb Code  1658  stm32l4xx_hal_rcc_ex.o(i.HAL_RCCEx_GetPeriphCLKFreq)
    HAL_RCCEx_PeriphCLKConfig                0x080017f9   Thumb Code   970  stm32l4xx_hal_rcc_ex.o(i.HAL_RCCEx_PeriphCLKConfig)
    HAL_RCC_ClockConfig                      0x08001bcd   Thumb Code   360  stm32l4xx_hal_rcc.o(i.HAL_RCC_ClockConfig)
    HAL_RCC_GetClockConfig                   0x08001d49   Thumb Code    58  stm32l4xx_hal_rcc.o(i.HAL_RCC_GetClockConfig)
    HAL_RCC_GetHCLKFreq                      0x08001d8d   Thumb Code     6  stm32l4xx_hal_rcc.o(i.HAL_RCC_GetHCLKFreq)
    HAL_RCC_GetPCLK1Freq                     0x08001d99   Thumb Code    26  stm32l4xx_hal_rcc.o(i.HAL_RCC_GetPCLK1Freq)
    HAL_RCC_GetPCLK2Freq                     0x08001dbd   Thumb Code    26  stm32l4xx_hal_rcc.o(i.HAL_RCC_GetPCLK2Freq)
    HAL_RCC_GetSysClockFreq                  0x08001de1   Thumb Code   220  stm32l4xx_hal_rcc.o(i.HAL_RCC_GetSysClockFreq)
    HAL_RCC_OscConfig                        0x08001ecd   Thumb Code  1878  stm32l4xx_hal_rcc.o(i.HAL_RCC_OscConfig)
    HAL_RTC_Init                             0x08002635   Thumb Code   170  stm32l4xx_hal_rtc.o(i.HAL_RTC_Init)
    HAL_RTC_MspInit                          0x080026e5   Thumb Code    26  stm32l4xx_hal_msp.o(i.HAL_RTC_MspInit)
    HAL_RTC_SetDate                          0x08002709   Thumb Code   198  stm32l4xx_hal_rtc.o(i.HAL_RTC_SetDate)
    HAL_RTC_SetTime                          0x080027d5   Thumb Code   244  stm32l4xx_hal_rtc.o(i.HAL_RTC_SetTime)
    HAL_RTC_WaitForSynchro                   0x080028cd   Thumb Code    56  stm32l4xx_hal_rtc.o(i.HAL_RTC_WaitForSynchro)
    HAL_SD_ErrorCallback                     0x08002905   Thumb Code     2  stm32l4xx_hal_sd.o(i.HAL_SD_ErrorCallback)
    HAL_SD_GetCardCSD                        0x08002909   Thumb Code   450  stm32l4xx_hal_sd.o(i.HAL_SD_GetCardCSD)
    HAL_SD_GetCardInfo                       0x08002ad1   Thumb Code    38  stm32l4xx_hal_sd.o(i.HAL_SD_GetCardInfo)
    HAL_SD_GetCardState                      0x08002af7   Thumb Code    36  stm32l4xx_hal_sd.o(i.HAL_SD_GetCardState)
    HAL_SD_Init                              0x08002b1b   Thumb Code    60  stm32l4xx_hal_sd.o(i.HAL_SD_Init)
    HAL_SD_InitCard                          0x08002b59   Thumb Code   238  stm32l4xx_hal_sd.o(i.HAL_SD_InitCard)
    HAL_SD_MspInit                           0x08002c55   Thumb Code   164  stm32l4xx_hal_msp.o(i.HAL_SD_MspInit)
    HAL_SD_ReadBlocks_DMA                    0x08002d09   Thumb Code   280  stm32l4xx_hal_sd.o(i.HAL_SD_ReadBlocks_DMA)
    HAL_SD_RxCpltCallback                    0x08002e2d   Thumb Code    10  bsp_driver_sd.o(i.HAL_SD_RxCpltCallback)
    HAL_SD_WriteBlocks_DMA                   0x08002e39   Thumb Code   284  stm32l4xx_hal_sd.o(i.HAL_SD_WriteBlocks_DMA)
    HAL_TIMEx_Break2Callback                 0x08002f61   Thumb Code     2  stm32l4xx_hal_tim_ex.o(i.HAL_TIMEx_Break2Callback)
    HAL_TIMEx_BreakCallback                  0x08002f63   Thumb Code     2  stm32l4xx_hal_tim_ex.o(i.HAL_TIMEx_BreakCallback)
    HAL_TIMEx_CommutCallback                 0x08002f65   Thumb Code     2  stm32l4xx_hal_tim_ex.o(i.HAL_TIMEx_CommutCallback)
    HAL_TIM_Base_Init                        0x08002f67   Thumb Code   110  stm32l4xx_hal_tim.o(i.HAL_TIM_Base_Init)
    HAL_TIM_Base_MspInit                     0x08002fd5   Thumb Code     2  stm32l4xx_hal_tim.o(i.HAL_TIM_Base_MspInit)
    HAL_TIM_Base_Start_IT                    0x08002fd9   Thumb Code   106  stm32l4xx_hal_tim.o(i.HAL_TIM_Base_Start_IT)
    HAL_TIM_IC_CaptureCallback               0x08003051   Thumb Code     2  stm32l4xx_hal_tim.o(i.HAL_TIM_IC_CaptureCallback)
    HAL_TIM_IRQHandler                       0x08003053   Thumb Code   440  stm32l4xx_hal_tim.o(i.HAL_TIM_IRQHandler)
    HAL_TIM_OC_DelayElapsedCallback          0x0800320b   Thumb Code     2  stm32l4xx_hal_tim.o(i.HAL_TIM_OC_DelayElapsedCallback)
    HAL_TIM_PWM_PulseFinishedCallback        0x0800320d   Thumb Code     2  stm32l4xx_hal_tim.o(i.HAL_TIM_PWM_PulseFinishedCallback)
    HAL_TIM_PeriodElapsedCallback            0x08003211   Thumb Code    18  main_1.o(i.HAL_TIM_PeriodElapsedCallback)
    HAL_TIM_TriggerCallback                  0x08003229   Thumb Code     2  stm32l4xx_hal_tim.o(i.HAL_TIM_TriggerCallback)
    HAL_UART_Init                            0x0800322b   Thumb Code   116  stm32l4xx_hal_uart.o(i.HAL_UART_Init)
    HAL_UART_MspInit                         0x080032a1   Thumb Code   256  stm32l4xx_hal_msp.o(i.HAL_UART_MspInit)
    HAL_UART_Receive                         0x080033b5   Thumb Code   292  stm32l4xx_hal_uart.o(i.HAL_UART_Receive)
    HAL_UART_Transmit                        0x080034df   Thumb Code   210  stm32l4xx_hal_uart.o(i.HAL_UART_Transmit)
    HardFault_Handler                        0x080035b7   Thumb Code     4  stm32l4xx_it.o(i.HardFault_Handler)
    MX_FATFS_Init                            0x080035bd   Thumb Code    16  fatfs.o(i.MX_FATFS_Init)
    MemManage_Handler                        0x080035d9   Thumb Code     4  stm32l4xx_it.o(i.MemManage_Handler)
    NMI_Handler                              0x080035dd   Thumb Code     2  stm32l4xx_it.o(i.NMI_Handler)
    RTC_ByteToBcd2                           0x08003921   Thumb Code    28  stm32l4xx_hal_rtc.o(i.RTC_ByteToBcd2)
    RTC_EnterInitMode                        0x0800393d   Thumb Code    68  stm32l4xx_hal_rtc.o(i.RTC_EnterInitMode)
    RTC_ExitInitMode                         0x08003981   Thumb Code    98  stm32l4xx_hal_rtc.o(i.RTC_ExitInitMode)
    SDMMC_CmdAppCommand                      0x080039e9   Thumb Code    56  stm32l4xx_ll_sdmmc.o(i.SDMMC_CmdAppCommand)
    SDMMC_CmdAppOperCommand                  0x08003a21   Thumb Code    54  stm32l4xx_ll_sdmmc.o(i.SDMMC_CmdAppOperCommand)
    SDMMC_CmdBlockLength                     0x08003a5d   Thumb Code    56  stm32l4xx_ll_sdmmc.o(i.SDMMC_CmdBlockLength)
    SDMMC_CmdGoIdleState                     0x08003a95   Thumb Code    44  stm32l4xx_ll_sdmmc.o(i.SDMMC_CmdGoIdleState)
    SDMMC_CmdOperCond                        0x08003ac1   Thumb Code    52  stm32l4xx_ll_sdmmc.o(i.SDMMC_CmdOperCond)
    SDMMC_CmdReadMultiBlock                  0x08003af5   Thumb Code    56  stm32l4xx_ll_sdmmc.o(i.SDMMC_CmdReadMultiBlock)
    SDMMC_CmdReadSingleBlock                 0x08003b2d   Thumb Code    56  stm32l4xx_ll_sdmmc.o(i.SDMMC_CmdReadSingleBlock)
    SDMMC_CmdSelDesel                        0x08003b65   Thumb Code    58  stm32l4xx_ll_sdmmc.o(i.SDMMC_CmdSelDesel)
    SDMMC_CmdSendCID                         0x08003b9f   Thumb Code    50  stm32l4xx_ll_sdmmc.o(i.SDMMC_CmdSendCID)
    SDMMC_CmdSendCSD                         0x08003bd1   Thumb Code    50  stm32l4xx_ll_sdmmc.o(i.SDMMC_CmdSendCSD)
    SDMMC_CmdSendStatus                      0x08003c03   Thumb Code    56  stm32l4xx_ll_sdmmc.o(i.SDMMC_CmdSendStatus)
    SDMMC_CmdSetRelAdd                       0x08003c3b   Thumb Code    56  stm32l4xx_ll_sdmmc.o(i.SDMMC_CmdSetRelAdd)
    SDMMC_CmdStopTransfer                    0x08003c75   Thumb Code    54  stm32l4xx_ll_sdmmc.o(i.SDMMC_CmdStopTransfer)
    SDMMC_CmdWriteMultiBlock                 0x08003cb1   Thumb Code    56  stm32l4xx_ll_sdmmc.o(i.SDMMC_CmdWriteMultiBlock)
    SDMMC_CmdWriteSingleBlock                0x08003ce9   Thumb Code    56  stm32l4xx_ll_sdmmc.o(i.SDMMC_CmdWriteSingleBlock)
    SDMMC_ConfigData                         0x08003d21   Thumb Code    44  stm32l4xx_ll_sdmmc.o(i.SDMMC_ConfigData)
    SDMMC_GetCmdResp1                        0x08003d8d   Thumb Code   418  stm32l4xx_ll_sdmmc.o(i.SDMMC_GetCmdResp1)
    SDMMC_GetCmdResp2                        0x08003f39   Thumb Code    96  stm32l4xx_ll_sdmmc.o(i.SDMMC_GetCmdResp2)
    SDMMC_GetCmdResp3                        0x08003f9d   Thumb Code    82  stm32l4xx_ll_sdmmc.o(i.SDMMC_GetCmdResp3)
    SDMMC_GetCmdResp6                        0x08003ff5   Thumb Code   180  stm32l4xx_ll_sdmmc.o(i.SDMMC_GetCmdResp6)
    SDMMC_GetCmdResp7                        0x080040ad   Thumb Code   104  stm32l4xx_ll_sdmmc.o(i.SDMMC_GetCmdResp7)
    SDMMC_GetCommandResponse                 0x08004119   Thumb Code     8  stm32l4xx_ll_sdmmc.o(i.SDMMC_GetCommandResponse)
    SDMMC_GetPowerState                      0x08004121   Thumb Code    10  stm32l4xx_ll_sdmmc.o(i.SDMMC_GetPowerState)
    SDMMC_GetResponse                        0x0800412b   Thumb Code    12  stm32l4xx_ll_sdmmc.o(i.SDMMC_GetResponse)
    SDMMC_Init                               0x08004137   Thumb Code    52  stm32l4xx_ll_sdmmc.o(i.SDMMC_Init)
    SDMMC_PowerState_ON                      0x0800416b   Thumb Code    18  stm32l4xx_ll_sdmmc.o(i.SDMMC_PowerState_ON)
    SDMMC_SendCommand                        0x0800417d   Thumb Code    40  stm32l4xx_ll_sdmmc.o(i.SDMMC_SendCommand)
    SD_initialize                            0x080044b9   Thumb Code    94  sd_diskio.o(i.SD_initialize)
    SD_ioctl                                 0x08004525   Thumb Code   102  sd_diskio.o(i.SD_ioctl)
    SD_read                                  0x08004591   Thumb Code   126  sd_diskio.o(i.SD_read)
    SD_status                                0x08004615   Thumb Code    12  sd_diskio.o(i.SD_status)
    SD_write                                 0x08004621   Thumb Code   124  sd_diskio.o(i.SD_write)
    SysTick_Handler                          0x080046a1   Thumb Code    46  port.o(i.SysTick_Handler)
    SystemInit                               0x080046d5   Thumb Code    68  system_stm32l4xx.o(i.SystemInit)
    TIM1_UP_TIM16_IRQHandler                 0x08004725   Thumb Code    10  stm32l4xx_it.o(i.TIM1_UP_TIM16_IRQHandler)
    TIM_Base_SetConfig                       0x08004735   Thumb Code   104  stm32l4xx_hal_tim.o(i.TIM_Base_SetConfig)
    UART_AdvFeatureConfig                    0x080047a9   Thumb Code   248  stm32l4xx_hal_uart.o(i.UART_AdvFeatureConfig)
    UART_CheckIdleState                      0x080048a1   Thumb Code   110  stm32l4xx_hal_uart.o(i.UART_CheckIdleState)
    UART_SetConfig                           0x08004911   Thumb Code   738  stm32l4xx_hal_uart.o(i.UART_SetConfig)
    UART_WaitOnFlagUntilTimeout              0x08004c17   Thumb Code   180  stm32l4xx_hal_uart.o(i.UART_WaitOnFlagUntilTimeout)
    UsageFault_Handler                       0x08004ccb   Thumb Code     4  stm32l4xx_it.o(i.UsageFault_Handler)
    internetConnect()                        0x08004e4d   Thumb Code     8  internetconnect.o(i._Z15internetConnectv)
    SystemClock_Config()                     0x08004e79   Thumb Code   188  main_1.o(i._Z18SystemClock_Configv)
    StartDataCollection(const void*)         0x08004fbd   Thumb Code    14  main_1.o(i._Z19StartDataCollectionPKv)
    receiveErrorHandler()                    0x08004fcb   Thumb Code     4  datasend.o(i._Z19receiveErrorHandlerv)
    transmitErrorHandler(char*)              0x08004fcf   Thumb Code     2  datasend.o(i._Z20transmitErrorHandlerPc)
    StartInternetServices(const void*)       0x08004fd1   Thumb Code    14  main_1.o(i._Z21StartInternetServicesPKv)
    sendData()                               0x08004fe1   Thumb Code    58  datasend.o(i._Z8sendDatav)
    StartInit(const void*)                   0x08005029   Thumb Code    10  main_1.o(i._Z9StartInitPKv)
    storeData()                              0x08005033   Thumb Code     4  datacollect.o(i._Z9storeDatav)
    main                                     0x08005081   Thumb Code   116  main_1.o(i.main)
    osDelay                                  0x08005113   Thumb Code    24  cmsis_os.o(i.osDelay)
    osKernelRunning                          0x0800512b   Thumb Code    18  cmsis_os.o(i.osKernelRunning)
    osKernelStart                            0x0800513d   Thumb Code    10  cmsis_os.o(i.osKernelStart)
    osKernelSysTick                          0x08005147   Thumb Code    20  cmsis_os.o(i.osKernelSysTick)
    osMessageCreate                          0x0800515b   Thumb Code    40  cmsis_os.o(i.osMessageCreate)
    osMessageGet                             0x08005185   Thumb Code   150  cmsis_os.o(i.osMessageGet)
    osMessagePut                             0x08005229   Thumb Code    92  cmsis_os.o(i.osMessagePut)
    osThreadCreate                           0x08005289   Thumb Code    94  cmsis_os.o(i.osThreadCreate)
    pvPortMalloc                             0x080058f5   Thumb Code   296  heap_4.o(i.pvPortMalloc)
    pxPortInitialiseStack                    0x08005a31   Thumb Code    38  port.o(i.pxPortInitialiseStack)
    uxListRemove                             0x08005a5d   Thumb Code    40  list.o(i.uxListRemove)
    vApplicationGetIdleTaskMemory            0x08005a85   Thumb Code    14  freertos.o(i.vApplicationGetIdleTaskMemory)
    vListInitialise                          0x08005a9d   Thumb Code    26  list.o(i.vListInitialise)
    vListInitialiseItem                      0x08005ab7   Thumb Code     6  list.o(i.vListInitialiseItem)
    vListInsert                              0x08005abd   Thumb Code    52  list.o(i.vListInsert)
    vListInsertEnd                           0x08005af1   Thumb Code    24  list.o(i.vListInsertEnd)
    vPortEnterCritical                       0x08005b09   Thumb Code    76  port.o(i.vPortEnterCritical)
    vPortExitCritical                        0x08005b5d   Thumb Code    56  port.o(i.vPortExitCritical)
    vPortFree                                0x08005b99   Thumb Code   140  heap_4.o(i.vPortFree)
    vPortSetupTimerInterrupt                 0x08005c2d   Thumb Code    36  port.o(i.vPortSetupTimerInterrupt)
    vPortValidateInterruptPriority           0x08005c55   Thumb Code   106  port.o(i.vPortValidateInterruptPriority)
    vTaskDelay                               0x08005ccd   Thumb Code    82  tasks.o(i.vTaskDelay)
    vTaskInternalSetTimeOutState             0x08005d29   Thumb Code    14  tasks.o(i.vTaskInternalSetTimeOutState)
    vTaskMissedYield                         0x08005d41   Thumb Code     8  tasks.o(i.vTaskMissedYield)
    vTaskPlaceOnEventList                    0x08005d4d   Thumb Code    52  tasks.o(i.vTaskPlaceOnEventList)
    vTaskStartScheduler                      0x08005d85   Thumb Code   146  tasks.o(i.vTaskStartScheduler)
    vTaskSuspendAll                          0x08005e35   Thumb Code    12  tasks.o(i.vTaskSuspendAll)
    vTaskSwitchContext                       0x08005e45   Thumb Code   118  tasks.o(i.vTaskSwitchContext)
    xPortStartScheduler                      0x08005ed1   Thumb Code   330  port.o(i.xPortStartScheduler)
    xQueueGenericCreate                      0x08006039   Thumb Code    96  queue.o(i.xQueueGenericCreate)
    xQueueGenericCreateStatic                0x08006099   Thumb Code   224  queue.o(i.xQueueGenericCreateStatic)
    xQueueGenericReset                       0x08006179   Thumb Code   146  queue.o(i.xQueueGenericReset)
    xQueueGenericSend                        0x08006211   Thumb Code   420  queue.o(i.xQueueGenericSend)
    xQueueGenericSendFromISR                 0x080063b9   Thumb Code   248  queue.o(i.xQueueGenericSendFromISR)
    xQueueReceive                            0x080064b9   Thumb Code   356  queue.o(i.xQueueReceive)
    xQueueReceiveFromISR                     0x08006621   Thumb Code   202  queue.o(i.xQueueReceiveFromISR)
    xTaskCheckForTimeOut                     0x080066f1   Thumb Code   132  tasks.o(i.xTaskCheckForTimeOut)
    xTaskCreate                              0x0800677d   Thumb Code   100  tasks.o(i.xTaskCreate)
    xTaskCreateStatic                        0x080067e7   Thumb Code   186  tasks.o(i.xTaskCreateStatic)
    xTaskGetSchedulerState                   0x080068a9   Thumb Code    24  tasks.o(i.xTaskGetSchedulerState)
    xTaskGetTickCount                        0x080068c9   Thumb Code     6  tasks.o(i.xTaskGetTickCount)
    xTaskGetTickCountFromISR                 0x080068d5   Thumb Code    16  tasks.o(i.xTaskGetTickCountFromISR)
    xTaskIncrementTick                       0x080068e9   Thumb Code   282  tasks.o(i.xTaskIncrementTick)
    xTaskPriorityDisinherit                  0x08006a31   Thumb Code   188  tasks.o(i.xTaskPriorityDisinherit)
    xTaskRemoveFromEventList                 0x08006af9   Thumb Code   128  tasks.o(i.xTaskRemoveFromEventList)
    xTaskResumeAll                           0x08006b91   Thumb Code   224  tasks.o(i.xTaskResumeAll)
    _fp_init                                 0x08006c95   Thumb Code    10  fpinit.o(x$fpl$fpinit)
    __fplib_config_fpu_vfp                   0x08006c9d   Thumb Code     0  fpinit.o(x$fpl$fpinit)
    __fplib_config_pureend_doubles           0x08006c9d   Thumb Code     0  fpinit.o(x$fpl$fpinit)
    SD_Driver                                0x08006cf4   Data          20  sd_diskio.o(.constdata)
    AHBPrescTable                            0x08006d18   Data          16  system_stm32l4xx.o(.constdata)
    APBPrescTable                            0x08006d28   Data           8  system_stm32l4xx.o(.constdata)
    MSIRangeTable                            0x08006d30   Data          48  system_stm32l4xx.o(.constdata)
    Region$$Table$$Base                      0x08006d84   Number         0  anon$$obj.o(Region$$Table)
    Region$$Table$$Limit                     0x08006da4   Number         0  anon$$obj.o(Region$$Table)
    initHandle                               0x20000000   Data           4  main_1.o(.data)
    dataCollectHandle                        0x20000004   Data           4  main_1.o(.data)
    internetServiceHandle                    0x20000008   Data           4  main_1.o(.data)
    retSD                                    0x20000014   Data           1  fatfs.o(.data)
    SDPath                                   0x20000015   Data           4  fatfs.o(.data)
    uwTick                                   0x2000001c   Data           4  stm32l4xx_hal.o(.data)
    uwTickPrio                               0x20000020   Data           4  stm32l4xx_hal.o(.data)
    uwTickFreq                               0x20000024   Data           1  stm32l4xx_hal.o(.data)
    SystemCoreClock                          0x20000028   Data           4  system_stm32l4xx.o(.data)
    pxCurrentTCB                             0x2000002c   Data           4  tasks.o(.data)
    hcan1                                    0x2000008c   Data          40  main_1.o(.bss)
    hrtc                                     0x200000b4   Data          36  main_1.o(.bss)
    hsd1                                     0x200000d8   Data         132  main_1.o(.bss)
    huart2                                   0x2000015c   Data         128  main_1.o(.bss)
    huart3                                   0x200001dc   Data         128  main_1.o(.bss)
    htim1                                    0x200004b0   Data          76  stm32l4xx_hal_timebase_tim.o(.bss)
    disk                                     0x200004fc   Data          12  ff_gen_drv.o(.bss)
    __libspace_start                         0x200011b0   Data          96  libspace.o(.bss)
    __temporary_stack_top$libspace           0x20001210   Data           0  libspace.o(.bss)



==============================================================================

Memory Map of the image

  Image Entry point : 0x0800018d

  Load Region LR_IROM1 (Base: 0x08000000, Size: 0x00006e30, Max: 0x00040000, ABSOLUTE)

    Execution Region ER_IROM1 (Exec base: 0x08000000, Load base: 0x08000000, Size: 0x00006da4, Max: 0x00040000, ABSOLUTE)

    Exec Addr    Load Addr    Size         Type   Attr      Idx    E Section Name        Object

    0x08000000   0x08000000   0x0000018c   Data   RO            3    RESET               startup_stm32l433xx.o
    0x0800018c   0x0800018c   0x00000008   Code   RO         7695  * !!!main             c_w.l(__main.o)
    0x08000194   0x08000194   0x00000034   Code   RO         7864    !!!scatter          c_w.l(__scatter.o)
    0x080001c8   0x080001c8   0x0000001a   Code   RO         7866    !!handler_copy      c_w.l(__scatter_copy.o)
    0x080001e2   0x080001e2   0x00000002   PAD
    0x080001e4   0x080001e4   0x0000001c   Code   RO         7868    !!handler_zi        c_w.l(__scatter_zi.o)
    0x08000200   0x08000200   0x00000002   Code   RO         7734    .ARM.Collect$$libinit$$00000000  c_w.l(libinit.o)
    0x08000202   0x08000202   0x00000004   Code   RO         7746    .ARM.Collect$$libinit$$00000001  c_w.l(libinit2.o)
    0x08000206   0x08000206   0x00000000   Code   RO         7749    .ARM.Collect$$libinit$$00000004  c_w.l(libinit2.o)
    0x08000206   0x08000206   0x00000000   Code   RO         7752    .ARM.Collect$$libinit$$0000000A  c_w.l(libinit2.o)
    0x08000206   0x08000206   0x00000000   Code   RO         7754    .ARM.Collect$$libinit$$0000000C  c_w.l(libinit2.o)
    0x08000206   0x08000206   0x00000000   Code   RO         7756    .ARM.Collect$$libinit$$0000000E  c_w.l(libinit2.o)
    0x08000206   0x08000206   0x00000000   Code   RO         7759    .ARM.Collect$$libinit$$00000011  c_w.l(libinit2.o)
    0x08000206   0x08000206   0x00000000   Code   RO         7761    .ARM.Collect$$libinit$$00000013  c_w.l(libinit2.o)
    0x08000206   0x08000206   0x00000000   Code   RO         7763    .ARM.Collect$$libinit$$00000015  c_w.l(libinit2.o)
    0x08000206   0x08000206   0x00000000   Code   RO         7765    .ARM.Collect$$libinit$$00000017  c_w.l(libinit2.o)
    0x08000206   0x08000206   0x00000000   Code   RO         7767    .ARM.Collect$$libinit$$00000019  c_w.l(libinit2.o)
    0x08000206   0x08000206   0x00000000   Code   RO         7769    .ARM.Collect$$libinit$$0000001B  c_w.l(libinit2.o)
    0x08000206   0x08000206   0x00000000   Code   RO         7771    .ARM.Collect$$libinit$$0000001D  c_w.l(libinit2.o)
    0x08000206   0x08000206   0x00000000   Code   RO         7773    .ARM.Collect$$libinit$$0000001F  c_w.l(libinit2.o)
    0x08000206   0x08000206   0x00000000   Code   RO         7775    .ARM.Collect$$libinit$$00000021  c_w.l(libinit2.o)
    0x08000206   0x08000206   0x00000000   Code   RO         7777    .ARM.Collect$$libinit$$00000023  c_w.l(libinit2.o)
    0x08000206   0x08000206   0x00000000   Code   RO         7779    .ARM.Collect$$libinit$$00000025  c_w.l(libinit2.o)
    0x08000206   0x08000206   0x00000000   Code   RO         7783    .ARM.Collect$$libinit$$0000002C  c_w.l(libinit2.o)
    0x08000206   0x08000206   0x00000000   Code   RO         7785    .ARM.Collect$$libinit$$0000002E  c_w.l(libinit2.o)
    0x08000206   0x08000206   0x00000000   Code   RO         7787    .ARM.Collect$$libinit$$00000030  c_w.l(libinit2.o)
    0x08000206   0x08000206   0x00000000   Code   RO         7789    .ARM.Collect$$libinit$$00000032  c_w.l(libinit2.o)
    0x08000206   0x08000206   0x00000002   Code   RO         7790    .ARM.Collect$$libinit$$00000033  c_w.l(libinit2.o)
    0x08000208   0x08000208   0x00000002   Code   RO         7821    .ARM.Collect$$libshutdown$$00000000  c_w.l(libshutdown.o)
    0x0800020a   0x0800020a   0x00000000   Code   RO         7847    .ARM.Collect$$libshutdown$$00000002  c_w.l(libshutdown2.o)
    0x0800020a   0x0800020a   0x00000000   Code   RO         7849    .ARM.Collect$$libshutdown$$00000004  c_w.l(libshutdown2.o)
    0x0800020a   0x0800020a   0x00000000   Code   RO         7852    .ARM.Collect$$libshutdown$$00000007  c_w.l(libshutdown2.o)
    0x0800020a   0x0800020a   0x00000000   Code   RO         7855    .ARM.Collect$$libshutdown$$0000000A  c_w.l(libshutdown2.o)
    0x0800020a   0x0800020a   0x00000000   Code   RO         7857    .ARM.Collect$$libshutdown$$0000000C  c_w.l(libshutdown2.o)
    0x0800020a   0x0800020a   0x00000000   Code   RO         7860    .ARM.Collect$$libshutdown$$0000000F  c_w.l(libshutdown2.o)
    0x0800020a   0x0800020a   0x00000002   Code   RO         7861    .ARM.Collect$$libshutdown$$00000010  c_w.l(libshutdown2.o)
    0x0800020c   0x0800020c   0x00000000   Code   RO         7697    .ARM.Collect$$rtentry$$00000000  c_w.l(__rtentry.o)
    0x0800020c   0x0800020c   0x00000000   Code   RO         7705    .ARM.Collect$$rtentry$$00000002  c_w.l(__rtentry2.o)
    0x0800020c   0x0800020c   0x00000006   Code   RO         7717    .ARM.Collect$$rtentry$$00000004  c_w.l(__rtentry4.o)
    0x08000212   0x08000212   0x00000000   Code   RO         7707    .ARM.Collect$$rtentry$$00000009  c_w.l(__rtentry2.o)
    0x08000212   0x08000212   0x00000004   Code   RO         7708    .ARM.Collect$$rtentry$$0000000A  c_w.l(__rtentry2.o)
    0x08000216   0x08000216   0x00000000   Code   RO         7710    .ARM.Collect$$rtentry$$0000000C  c_w.l(__rtentry2.o)
    0x08000216   0x08000216   0x00000008   Code   RO         7711    .ARM.Collect$$rtentry$$0000000D  c_w.l(__rtentry2.o)
    0x0800021e   0x0800021e   0x00000002   Code   RO         7738    .ARM.Collect$$rtexit$$00000000  c_w.l(rtexit.o)
    0x08000220   0x08000220   0x00000000   Code   RO         7794    .ARM.Collect$$rtexit$$00000002  c_w.l(rtexit2.o)
    0x08000220   0x08000220   0x00000004   Code   RO         7795    .ARM.Collect$$rtexit$$00000003  c_w.l(rtexit2.o)
    0x08000224   0x08000224   0x00000006   Code   RO         7796    .ARM.Collect$$rtexit$$00000004  c_w.l(rtexit2.o)
    0x0800022a   0x0800022a   0x00000002   PAD
    0x0800022c   0x0800022c   0x000000de   Code   RO         7604    .emb_text           port.o
    0x0800030a   0x0800030a   0x00000002   PAD
    0x0800030c   0x0800030c   0x00000040   Code   RO            4    .text               startup_stm32l433xx.o
    0x0800034c   0x0800034c   0x000000ee   Code   RO         7683    .text               c_w.l(lludivv7m.o)
    0x0800043a   0x0800043a   0x0000008a   Code   RO         7685    .text               c_w.l(rt_memcpy_v6.o)
    0x080004c4   0x080004c4   0x00000064   Code   RO         7687    .text               c_w.l(rt_memcpy_w.o)
    0x08000528   0x08000528   0x0000004e   Code   RO         7691    .text               c_w.l(rt_memclr_w.o)
    0x08000576   0x08000576   0x00000006   Code   RO         7693    .text               c_w.l(heapauxi.o)
    0x0800057c   0x0800057c   0x0000004a   Code   RO         7721    .text               c_w.l(sys_stackheap_outer.o)
    0x080005c6   0x080005c6   0x00000012   Code   RO         7723    .text               c_w.l(exit.o)
    0x080005d8   0x080005d8   0x00000008   Code   RO         7735    .text               c_w.l(libspace.o)
    0x080005e0   0x080005e0   0x0000000c   Code   RO         7791    .text               c_w.l(sys_exit.o)
    0x080005ec   0x080005ec   0x00000002   Code   RO         7810    .text               c_w.l(use_no_semi.o)
    0x080005ee   0x080005ee   0x00000000   Code   RO         7812    .text               c_w.l(indicate_semi.o)
    0x080005ee   0x080005ee   0x00000002   PAD
    0x080005f0   0x080005f0   0x00000018   Code   RO         1122    i.BSP_PlatformIsDetected  fatfs_platform.o
    0x08000608   0x08000608   0x00000014   Code   RO          886    i.BSP_SD_GetCardInfo  bsp_driver_sd.o
    0x0800061c   0x0800061c   0x00000018   Code   RO          887    i.BSP_SD_GetCardState  bsp_driver_sd.o
    0x08000634   0x08000634   0x00000020   Code   RO          889    i.BSP_SD_Init       bsp_driver_sd.o
    0x08000654   0x08000654   0x00000016   Code   RO          890    i.BSP_SD_IsDetected  bsp_driver_sd.o
    0x0800066a   0x0800066a   0x00000002   PAD
    0x0800066c   0x0800066c   0x00000028   Code   RO          892    i.BSP_SD_ReadBlocks_DMA  bsp_driver_sd.o
    0x08000694   0x08000694   0x00000014   Code   RO         1005    i.BSP_SD_ReadCpltCallback  sd_diskio.o
    0x080006a8   0x080006a8   0x00000028   Code   RO          895    i.BSP_SD_WriteBlocks_DMA  bsp_driver_sd.o
    0x080006d0   0x080006d0   0x00000004   Code   RO          681    i.BusFault_Handler  stm32l4xx_it.o
    0x080006d4   0x080006d4   0x00000010   Code   RO          682    i.CAN1_RX0_IRQHandler  stm32l4xx_it.o
    0x080006e4   0x080006e4   0x00000010   Code   RO          683    i.CAN1_RX1_IRQHandler  stm32l4xx_it.o
    0x080006f4   0x080006f4   0x00000010   Code   RO          684    i.CAN1_SCE_IRQHandler  stm32l4xx_it.o
    0x08000704   0x08000704   0x00000010   Code   RO          685    i.CAN1_TX_IRQHandler  stm32l4xx_it.o
    0x08000714   0x08000714   0x00000030   Code   RO         2754    i.DMA_SetConfig     stm32l4xx_hal_dma.o
    0x08000744   0x08000744   0x00000002   Code   RO          686    i.DebugMon_Handler  stm32l4xx_it.o
    0x08000746   0x08000746   0x00000002   Code   RO           13    i.Error_Handler     main_1.o
    0x08000748   0x08000748   0x00000012   Code   RO         6286    i.FATFS_LinkDriver  ff_gen_drv.o
    0x0800075a   0x0800075a   0x00000002   PAD
    0x0800075c   0x0800075c   0x00000054   Code   RO         6287    i.FATFS_LinkDriverEx  ff_gen_drv.o
    0x080007b0   0x080007b0   0x00000002   Code   RO         1193    i.HAL_CAN_ErrorCallback  stm32l4xx_hal_can.o
    0x080007b2   0x080007b2   0x00000254   Code   RO         1200    i.HAL_CAN_IRQHandler  stm32l4xx_hal_can.o
    0x08000a06   0x08000a06   0x00000174   Code   RO         1201    i.HAL_CAN_Init      stm32l4xx_hal_can.o
    0x08000b7a   0x08000b7a   0x00000002   PAD
    0x08000b7c   0x08000b7c   0x000000bc   Code   RO          774    i.HAL_CAN_MspInit   stm32l4xx_hal_msp.o
    0x08000c38   0x08000c38   0x00000002   Code   RO         1208    i.HAL_CAN_RxFifo0FullCallback  stm32l4xx_hal_can.o
    0x08000c3a   0x08000c3a   0x00000002   Code   RO         1209    i.HAL_CAN_RxFifo0MsgPendingCallback  stm32l4xx_hal_can.o
    0x08000c3c   0x08000c3c   0x00000002   Code   RO         1210    i.HAL_CAN_RxFifo1FullCallback  stm32l4xx_hal_can.o
    0x08000c3e   0x08000c3e   0x00000002   Code   RO         1211    i.HAL_CAN_RxFifo1MsgPendingCallback  stm32l4xx_hal_can.o
    0x08000c40   0x08000c40   0x00000002   Code   RO         1212    i.HAL_CAN_SleepCallback  stm32l4xx_hal_can.o
    0x08000c42   0x08000c42   0x00000002   Code   RO         1215    i.HAL_CAN_TxMailbox0AbortCallback  stm32l4xx_hal_can.o
    0x08000c44   0x08000c44   0x00000002   Code   RO         1216    i.HAL_CAN_TxMailbox0CompleteCallback  stm32l4xx_hal_can.o
    0x08000c46   0x08000c46   0x00000002   Code   RO         1217    i.HAL_CAN_TxMailbox1AbortCallback  stm32l4xx_hal_can.o
    0x08000c48   0x08000c48   0x00000002   Code   RO         1218    i.HAL_CAN_TxMailbox1CompleteCallback  stm32l4xx_hal_can.o
    0x08000c4a   0x08000c4a   0x00000002   Code   RO         1219    i.HAL_CAN_TxMailbox2AbortCallback  stm32l4xx_hal_can.o
    0x08000c4c   0x08000c4c   0x00000002   Code   RO         1220    i.HAL_CAN_TxMailbox2CompleteCallback  stm32l4xx_hal_can.o
    0x08000c4e   0x08000c4e   0x00000002   Code   RO         1222    i.HAL_CAN_WakeUpFromRxMsgCallback  stm32l4xx_hal_can.o
    0x08000c50   0x08000c50   0x0000009c   Code   RO         2765    i.HAL_DMA_Start_IT  stm32l4xx_hal_dma.o
    0x08000cec   0x08000cec   0x00000028   Code   RO         1428    i.HAL_Delay         stm32l4xx_hal.o
    0x08000d14   0x08000d14   0x000001c8   Code   RO         2691    i.HAL_GPIO_Init     stm32l4xx_hal_gpio.o
    0x08000edc   0x08000edc   0x00000010   Code   RO         2693    i.HAL_GPIO_ReadPin  stm32l4xx_hal_gpio.o
    0x08000eec   0x08000eec   0x0000000a   Code   RO         2695    i.HAL_GPIO_WritePin  stm32l4xx_hal_gpio.o
    0x08000ef6   0x08000ef6   0x00000002   PAD
    0x08000ef8   0x08000ef8   0x0000000c   Code   RO         1432    i.HAL_GetTick       stm32l4xx_hal.o
    0x08000f04   0x08000f04   0x00000018   Code   RO         1438    i.HAL_IncTick       stm32l4xx_hal.o
    0x08000f1c   0x08000f1c   0x0000001e   Code   RO         1439    i.HAL_Init          stm32l4xx_hal.o
    0x08000f3a   0x08000f3a   0x00000002   PAD
    0x08000f3c   0x08000f3c   0x00000088   Code   RO          845    i.HAL_InitTick      stm32l4xx_hal_timebase_tim.o
    0x08000fc4   0x08000fc4   0x00000040   Code   RO          775    i.HAL_MspInit       stm32l4xx_hal_msp.o
    0x08001004   0x08001004   0x00000028   Code   RO         3208    i.HAL_NVIC_EnableIRQ  stm32l4xx_hal_cortex.o
    0x0800102c   0x0800102c   0x00000082   Code   RO         3214    i.HAL_NVIC_SetPriority  stm32l4xx_hal_cortex.o
    0x080010ae   0x080010ae   0x00000002   PAD
    0x080010b0   0x080010b0   0x00000028   Code   RO         3215    i.HAL_NVIC_SetPriorityGrouping  stm32l4xx_hal_cortex.o
    0x080010d8   0x080010d8   0x0000008c   Code   RO         2982    i.HAL_PWREx_ControlVoltageScaling  stm32l4xx_hal_pwr_ex.o
    0x08001164   0x08001164   0x00000010   Code   RO         3009    i.HAL_PWREx_GetVoltageRange  stm32l4xx_hal_pwr_ex.o
    0x08001174   0x08001174   0x00000684   Code   RO         2291    i.HAL_RCCEx_GetPeriphCLKFreq  stm32l4xx_hal_rcc_ex.o
    0x080017f8   0x080017f8   0x000003d4   Code   RO         2294    i.HAL_RCCEx_PeriphCLKConfig  stm32l4xx_hal_rcc_ex.o
    0x08001bcc   0x08001bcc   0x0000017c   Code   RO         2172    i.HAL_RCC_ClockConfig  stm32l4xx_hal_rcc.o
    0x08001d48   0x08001d48   0x00000044   Code   RO         2175    i.HAL_RCC_GetClockConfig  stm32l4xx_hal_rcc.o
    0x08001d8c   0x08001d8c   0x0000000c   Code   RO         2176    i.HAL_RCC_GetHCLKFreq  stm32l4xx_hal_rcc.o
    0x08001d98   0x08001d98   0x00000024   Code   RO         2178    i.HAL_RCC_GetPCLK1Freq  stm32l4xx_hal_rcc.o
    0x08001dbc   0x08001dbc   0x00000024   Code   RO         2179    i.HAL_RCC_GetPCLK2Freq  stm32l4xx_hal_rcc.o
    0x08001de0   0x08001de0   0x000000ec   Code   RO         2180    i.HAL_RCC_GetSysClockFreq  stm32l4xx_hal_rcc.o
    0x08001ecc   0x08001ecc   0x00000768   Code   RO         2183    i.HAL_RCC_OscConfig  stm32l4xx_hal_rcc.o
    0x08002634   0x08002634   0x000000b0   Code   RO         3423    i.HAL_RTC_Init      stm32l4xx_hal_rtc.o
    0x080026e4   0x080026e4   0x00000024   Code   RO          777    i.HAL_RTC_MspInit   stm32l4xx_hal_msp.o
    0x08002708   0x08002708   0x000000cc   Code   RO         3429    i.HAL_RTC_SetDate   stm32l4xx_hal_rtc.o
    0x080027d4   0x080027d4   0x000000f8   Code   RO         3430    i.HAL_RTC_SetTime   stm32l4xx_hal_rtc.o
    0x080028cc   0x080028cc   0x00000038   Code   RO         3431    i.HAL_RTC_WaitForSynchro  stm32l4xx_hal_rtc.o
    0x08002904   0x08002904   0x00000002   Code   RO         4098    i.HAL_SD_ErrorCallback  stm32l4xx_hal_sd.o
    0x08002906   0x08002906   0x00000002   PAD
    0x08002908   0x08002908   0x000001c8   Code   RO         4100    i.HAL_SD_GetCardCSD  stm32l4xx_hal_sd.o
    0x08002ad0   0x08002ad0   0x00000026   Code   RO         4101    i.HAL_SD_GetCardInfo  stm32l4xx_hal_sd.o
    0x08002af6   0x08002af6   0x00000024   Code   RO         4102    i.HAL_SD_GetCardState  stm32l4xx_hal_sd.o
    0x08002b1a   0x08002b1a   0x0000003c   Code   RO         4107    i.HAL_SD_Init       stm32l4xx_hal_sd.o
    0x08002b56   0x08002b56   0x00000002   PAD
    0x08002b58   0x08002b58   0x000000fc   Code   RO         4108    i.HAL_SD_InitCard   stm32l4xx_hal_sd.o
    0x08002c54   0x08002c54   0x000000b4   Code   RO          779    i.HAL_SD_MspInit    stm32l4xx_hal_msp.o
    0x08002d08   0x08002d08   0x00000124   Code   RO         4112    i.HAL_SD_ReadBlocks_DMA  stm32l4xx_hal_sd.o
    0x08002e2c   0x08002e2c   0x0000000a   Code   RO          898    i.HAL_SD_RxCpltCallback  bsp_driver_sd.o
    0x08002e36   0x08002e36   0x00000002   PAD
    0x08002e38   0x08002e38   0x00000128   Code   RO         4117    i.HAL_SD_WriteBlocks_DMA  stm32l4xx_hal_sd.o
    0x08002f60   0x08002f60   0x00000002   Code   RO         5092    i.HAL_TIMEx_Break2Callback  stm32l4xx_hal_tim_ex.o
    0x08002f62   0x08002f62   0x00000002   Code   RO         5093    i.HAL_TIMEx_BreakCallback  stm32l4xx_hal_tim_ex.o
    0x08002f64   0x08002f64   0x00000002   Code   RO         5094    i.HAL_TIMEx_CommutCallback  stm32l4xx_hal_tim_ex.o
    0x08002f66   0x08002f66   0x0000006e   Code   RO         4367    i.HAL_TIM_Base_Init  stm32l4xx_hal_tim.o
    0x08002fd4   0x08002fd4   0x00000002   Code   RO         4369    i.HAL_TIM_Base_MspInit  stm32l4xx_hal_tim.o
    0x08002fd6   0x08002fd6   0x00000002   PAD
    0x08002fd8   0x08002fd8   0x00000078   Code   RO         4372    i.HAL_TIM_Base_Start_IT  stm32l4xx_hal_tim.o
    0x08003050   0x08003050   0x00000002   Code   RO         4401    i.HAL_TIM_IC_CaptureCallback  stm32l4xx_hal_tim.o
    0x08003052   0x08003052   0x000001b8   Code   RO         4415    i.HAL_TIM_IRQHandler  stm32l4xx_hal_tim.o
    0x0800320a   0x0800320a   0x00000002   Code   RO         4418    i.HAL_TIM_OC_DelayElapsedCallback  stm32l4xx_hal_tim.o
    0x0800320c   0x0800320c   0x00000002   Code   RO         4445    i.HAL_TIM_PWM_PulseFinishedCallback  stm32l4xx_hal_tim.o
    0x0800320e   0x0800320e   0x00000002   PAD
    0x08003210   0x08003210   0x00000018   Code   RO           14    i.HAL_TIM_PeriodElapsedCallback  main_1.o
    0x08003228   0x08003228   0x00000002   Code   RO         4458    i.HAL_TIM_TriggerCallback  stm32l4xx_hal_tim.o
    0x0800322a   0x0800322a   0x00000074   Code   RO         5405    i.HAL_UART_Init     stm32l4xx_hal_uart.o
    0x0800329e   0x0800329e   0x00000002   PAD
    0x080032a0   0x080032a0   0x00000114   Code   RO          781    i.HAL_UART_MspInit  stm32l4xx_hal_msp.o
    0x080033b4   0x080033b4   0x0000012a   Code   RO         5408    i.HAL_UART_Receive  stm32l4xx_hal_uart.o
    0x080034de   0x080034de   0x000000d8   Code   RO         5414    i.HAL_UART_Transmit  stm32l4xx_hal_uart.o
    0x080035b6   0x080035b6   0x00000004   Code   RO          687    i.HardFault_Handler  stm32l4xx_it.o
    0x080035ba   0x080035ba   0x00000002   PAD
    0x080035bc   0x080035bc   0x0000001c   Code   RO         1146    i.MX_FATFS_Init     fatfs.o
    0x080035d8   0x080035d8   0x00000004   Code   RO          688    i.MemManage_Handler  stm32l4xx_it.o
    0x080035dc   0x080035dc   0x00000002   Code   RO          689    i.NMI_Handler       stm32l4xx_it.o
    0x080035de   0x080035de   0x00000002   PAD
    0x080035e0   0x080035e0   0x0000011c   Code   RO         2297    i.RCCEx_GetSAIxPeriphCLKFreq  stm32l4xx_hal_rcc_ex.o
    0x080036fc   0x080036fc   0x00000188   Code   RO         2298    i.RCCEx_PLLSAI1_Config  stm32l4xx_hal_rcc_ex.o
    0x08003884   0x08003884   0x0000009c   Code   RO         2184    i.RCC_SetFlashLatencyFromMSIRange  stm32l4xx_hal_rcc.o
    0x08003920   0x08003920   0x0000001c   Code   RO         3433    i.RTC_ByteToBcd2    stm32l4xx_hal_rtc.o
    0x0800393c   0x0800393c   0x00000044   Code   RO         3434    i.RTC_EnterInitMode  stm32l4xx_hal_rtc.o
    0x08003980   0x08003980   0x00000068   Code   RO         3435    i.RTC_ExitInitMode  stm32l4xx_hal_rtc.o
    0x080039e8   0x080039e8   0x00000038   Code   RO         3799    i.SDMMC_CmdAppCommand  stm32l4xx_ll_sdmmc.o
    0x08003a20   0x08003a20   0x0000003c   Code   RO         3800    i.SDMMC_CmdAppOperCommand  stm32l4xx_ll_sdmmc.o
    0x08003a5c   0x08003a5c   0x00000038   Code   RO         3801    i.SDMMC_CmdBlockLength  stm32l4xx_ll_sdmmc.o
    0x08003a94   0x08003a94   0x0000002c   Code   RO         3806    i.SDMMC_CmdGoIdleState  stm32l4xx_ll_sdmmc.o
    0x08003ac0   0x08003ac0   0x00000034   Code   RO         3808    i.SDMMC_CmdOperCond  stm32l4xx_ll_sdmmc.o
    0x08003af4   0x08003af4   0x00000038   Code   RO         3809    i.SDMMC_CmdReadMultiBlock  stm32l4xx_ll_sdmmc.o
    0x08003b2c   0x08003b2c   0x00000038   Code   RO         3810    i.SDMMC_CmdReadSingleBlock  stm32l4xx_ll_sdmmc.o
    0x08003b64   0x08003b64   0x0000003a   Code   RO         3813    i.SDMMC_CmdSelDesel  stm32l4xx_ll_sdmmc.o
    0x08003b9e   0x08003b9e   0x00000032   Code   RO         3814    i.SDMMC_CmdSendCID  stm32l4xx_ll_sdmmc.o
    0x08003bd0   0x08003bd0   0x00000032   Code   RO         3815    i.SDMMC_CmdSendCSD  stm32l4xx_ll_sdmmc.o
    0x08003c02   0x08003c02   0x00000038   Code   RO         3818    i.SDMMC_CmdSendStatus  stm32l4xx_ll_sdmmc.o
    0x08003c3a   0x08003c3a   0x00000038   Code   RO         3819    i.SDMMC_CmdSetRelAdd  stm32l4xx_ll_sdmmc.o
    0x08003c72   0x08003c72   0x00000002   PAD
    0x08003c74   0x08003c74   0x0000003c   Code   RO         3822    i.SDMMC_CmdStopTransfer  stm32l4xx_ll_sdmmc.o
    0x08003cb0   0x08003cb0   0x00000038   Code   RO         3824    i.SDMMC_CmdWriteMultiBlock  stm32l4xx_ll_sdmmc.o
    0x08003ce8   0x08003ce8   0x00000038   Code   RO         3825    i.SDMMC_CmdWriteSingleBlock  stm32l4xx_ll_sdmmc.o
    0x08003d20   0x08003d20   0x0000002c   Code   RO         3826    i.SDMMC_ConfigData  stm32l4xx_ll_sdmmc.o
    0x08003d4c   0x08003d4c   0x00000040   Code   RO         3827    i.SDMMC_GetCmdError  stm32l4xx_ll_sdmmc.o
    0x08003d8c   0x08003d8c   0x000001ac   Code   RO         3828    i.SDMMC_GetCmdResp1  stm32l4xx_ll_sdmmc.o
    0x08003f38   0x08003f38   0x00000064   Code   RO         3829    i.SDMMC_GetCmdResp2  stm32l4xx_ll_sdmmc.o
    0x08003f9c   0x08003f9c   0x00000058   Code   RO         3830    i.SDMMC_GetCmdResp3  stm32l4xx_ll_sdmmc.o
    0x08003ff4   0x08003ff4   0x000000b8   Code   RO         3831    i.SDMMC_GetCmdResp6  stm32l4xx_ll_sdmmc.o
    0x080040ac   0x080040ac   0x0000006c   Code   RO         3832    i.SDMMC_GetCmdResp7  stm32l4xx_ll_sdmmc.o
    0x08004118   0x08004118   0x00000008   Code   RO         3833    i.SDMMC_GetCommandResponse  stm32l4xx_ll_sdmmc.o
    0x08004120   0x08004120   0x0000000a   Code   RO         3836    i.SDMMC_GetPowerState  stm32l4xx_ll_sdmmc.o
    0x0800412a   0x0800412a   0x0000000c   Code   RO         3837    i.SDMMC_GetResponse  stm32l4xx_ll_sdmmc.o
    0x08004136   0x08004136   0x00000034   Code   RO         3838    i.SDMMC_Init        stm32l4xx_ll_sdmmc.o
    0x0800416a   0x0800416a   0x00000012   Code   RO         3840    i.SDMMC_PowerState_ON  stm32l4xx_ll_sdmmc.o
    0x0800417c   0x0800417c   0x00000028   Code   RO         3842    i.SDMMC_SendCommand  stm32l4xx_ll_sdmmc.o
    0x080041a4   0x080041a4   0x00000028   Code   RO         1007    i.SD_CheckStatus    sd_diskio.o
    0x080041cc   0x080041cc   0x00000026   Code   RO         1008    i.SD_CheckStatusWithTimeout  sd_diskio.o
    0x080041f2   0x080041f2   0x00000002   PAD
    0x080041f4   0x080041f4   0x0000006c   Code   RO         4119    i.SD_DMAError       stm32l4xx_hal_sd.o
    0x08004260   0x08004260   0x00000048   Code   RO         4120    i.SD_DMAReceiveCplt  stm32l4xx_hal_sd.o
    0x080042a8   0x080042a8   0x00000012   Code   RO         4122    i.SD_DMATransmitCplt  stm32l4xx_hal_sd.o
    0x080042ba   0x080042ba   0x00000102   Code   RO         4125    i.SD_InitCard       stm32l4xx_hal_sd.o
    0x080043bc   0x080043bc   0x000000cc   Code   RO         4127    i.SD_PowerON        stm32l4xx_hal_sd.o
    0x08004488   0x08004488   0x00000030   Code   RO         4130    i.SD_SendStatus     stm32l4xx_hal_sd.o
    0x080044b8   0x080044b8   0x0000006c   Code   RO         1009    i.SD_initialize     sd_diskio.o
    0x08004524   0x08004524   0x0000006c   Code   RO         1010    i.SD_ioctl          sd_diskio.o
    0x08004590   0x08004590   0x00000084   Code   RO         1011    i.SD_read           sd_diskio.o
    0x08004614   0x08004614   0x0000000c   Code   RO         1012    i.SD_status         sd_diskio.o
    0x08004620   0x08004620   0x00000080   Code   RO         1013    i.SD_write          sd_diskio.o
    0x080046a0   0x080046a0   0x00000034   Code   RO         7605    i.SysTick_Handler   port.o
    0x080046d4   0x080046d4   0x00000050   Code   RO         5828    i.SystemInit        system_stm32l4xx.o
    0x08004724   0x08004724   0x00000010   Code   RO          690    i.TIM1_UP_TIM16_IRQHandler  stm32l4xx_it.o
    0x08004734   0x08004734   0x00000074   Code   RO         4460    i.TIM_Base_SetConfig  stm32l4xx_hal_tim.o
    0x080047a8   0x080047a8   0x000000f8   Code   RO         5419    i.UART_AdvFeatureConfig  stm32l4xx_hal_uart.o
    0x080048a0   0x080048a0   0x0000006e   Code   RO         5420    i.UART_CheckIdleState  stm32l4xx_hal_uart.o
    0x0800490e   0x0800490e   0x00000002   PAD
    0x08004910   0x08004910   0x00000306   Code   RO         5436    i.UART_SetConfig    stm32l4xx_hal_uart.o
    0x08004c16   0x08004c16   0x000000b4   Code   RO         5439    i.UART_WaitOnFlagUntilTimeout  stm32l4xx_hal_uart.o
    0x08004cca   0x08004cca   0x00000004   Code   RO          691    i.UsageFault_Handler  stm32l4xx_it.o
    0x08004cce   0x08004cce   0x00000002   PAD
    0x08004cd0   0x08004cd0   0x0000008c   Code   RO           15    i._Z11MX_RTC_Initv  main_1.o
    0x08004d5c   0x08004d5c   0x00000040   Code   RO           16    i._Z12MX_CAN1_Initv  main_1.o
    0x08004d9c   0x08004d9c   0x000000b0   Code   RO           17    i._Z12MX_GPIO_Initv  main_1.o
    0x08004e4c   0x08004e4c   0x00000008   Code   RO          321    i._Z15internetConnectv  internetconnect.o
    0x08004e54   0x08004e54   0x00000024   Code   RO           18    i._Z17MX_SDMMC1_SD_Initv  main_1.o
    0x08004e78   0x08004e78   0x000000c0   Code   RO           19    i._Z18SystemClock_Configv  main_1.o
    0x08004f38   0x08004f38   0x00000044   Code   RO           20    i._Z19MX_USART2_UART_Initv  main_1.o
    0x08004f7c   0x08004f7c   0x00000040   Code   RO           21    i._Z19MX_USART3_UART_Initv  main_1.o
    0x08004fbc   0x08004fbc   0x0000000e   Code   RO           22    i._Z19StartDataCollectionPKv  main_1.o
    0x08004fca   0x08004fca   0x00000004   Code   RO          437    i._Z19receiveErrorHandlerv  datasend.o
    0x08004fce   0x08004fce   0x00000002   Code   RO          438    i._Z20transmitErrorHandlerPc  datasend.o
    0x08004fd0   0x08004fd0   0x0000000e   Code   RO           23    i._Z21StartInternetServicesPKv  main_1.o
    0x08004fde   0x08004fde   0x00000002   PAD
    0x08004fe0   0x08004fe0   0x00000048   Code   RO          439    i._Z8sendDatav      datasend.o
    0x08005028   0x08005028   0x0000000a   Code   RO           24    i._Z9StartInitPKv   main_1.o
    0x08005032   0x08005032   0x00000004   Code   RO          492    i._Z9storeDatav     datacollect.o
    0x08005036   0x08005036   0x00000002   PAD
    0x08005038   0x08005038   0x00000010   Code   RO         3221    i.__NVIC_GetPriorityGrouping  stm32l4xx_hal_cortex.o
    0x08005048   0x08005048   0x00000028   Code   RO         3222    i.__NVIC_SetPriority  stm32l4xx_hal_cortex.o
    0x08005070   0x08005070   0x00000010   Code   RO         7174    i.inHandlerMode     cmsis_os.o
    0x08005080   0x08005080   0x00000084   Code   RO           25    i.main              main_1.o
    0x08005104   0x08005104   0x0000000e   Code   RO         7176    i.makeFreeRtosPriority  cmsis_os.o
    0x08005112   0x08005112   0x00000018   Code   RO         7178    i.osDelay           cmsis_os.o
    0x0800512a   0x0800512a   0x00000012   Code   RO         7180    i.osKernelRunning   cmsis_os.o
    0x0800513c   0x0800513c   0x0000000a   Code   RO         7181    i.osKernelStart     cmsis_os.o
    0x08005146   0x08005146   0x00000014   Code   RO         7182    i.osKernelSysTick   cmsis_os.o
    0x0800515a   0x0800515a   0x00000028   Code   RO         7190    i.osMessageCreate   cmsis_os.o
    0x08005182   0x08005182   0x00000002   PAD
    0x08005184   0x08005184   0x000000a2   Code   RO         7192    i.osMessageGet      cmsis_os.o
    0x08005226   0x08005226   0x00000002   PAD
    0x08005228   0x08005228   0x00000060   Code   RO         7194    i.osMessagePut      cmsis_os.o
    0x08005288   0x08005288   0x0000005e   Code   RO         7215    i.osThreadCreate    cmsis_os.o
    0x080052e6   0x080052e6   0x00000002   PAD
    0x080052e8   0x080052e8   0x00000098   Code   RO         6859    i.prvAddCurrentTaskToDelayedList  tasks.o
    0x08005380   0x08005380   0x000000b4   Code   RO         6860    i.prvAddNewTaskToReadyList  tasks.o
    0x08005434   0x08005434   0x00000048   Code   RO         6861    i.prvCheckTasksWaitingTermination  tasks.o
    0x0800547c   0x0800547c   0x0000002a   Code   RO         6525    i.prvCopyDataFromQueue  queue.o
    0x080054a6   0x080054a6   0x0000007e   Code   RO         6526    i.prvCopyDataToQueue  queue.o
    0x08005524   0x08005524   0x00000050   Code   RO         6862    i.prvDeleteTCB      tasks.o
    0x08005574   0x08005574   0x0000007c   Code   RO         7543    i.prvHeapInit       heap_4.o
    0x080055f0   0x080055f0   0x00000028   Code   RO         6863    i.prvIdleTask       tasks.o
    0x08005618   0x08005618   0x00000026   Code   RO         6529    i.prvInitialiseNewQueue  queue.o
    0x0800563e   0x0800563e   0x000000ba   Code   RO         6864    i.prvInitialiseNewTask  tasks.o
    0x080056f8   0x080056f8   0x00000068   Code   RO         6865    i.prvInitialiseTaskLists  tasks.o
    0x08005760   0x08005760   0x00000068   Code   RO         7544    i.prvInsertBlockIntoFreeList  heap_4.o
    0x080057c8   0x080057c8   0x0000001a   Code   RO         6530    i.prvIsQueueEmpty   queue.o
    0x080057e2   0x080057e2   0x0000001e   Code   RO         6531    i.prvIsQueueFull    queue.o
    0x08005800   0x08005800   0x00000034   Code   RO         6866    i.prvResetNextTaskUnblockTime  tasks.o
    0x08005834   0x08005834   0x00000040   Code   RO         7606    i.prvTaskExitError  port.o
    0x08005874   0x08005874   0x0000007e   Code   RO         6532    i.prvUnlockQueue    queue.o
    0x080058f2   0x080058f2   0x00000002   PAD
    0x080058f4   0x080058f4   0x0000013c   Code   RO         7545    i.pvPortMalloc      heap_4.o
    0x08005a30   0x08005a30   0x0000002c   Code   RO         7607    i.pxPortInitialiseStack  port.o
    0x08005a5c   0x08005a5c   0x00000028   Code   RO         6485    i.uxListRemove      list.o
    0x08005a84   0x08005a84   0x00000018   Code   RO          508    i.vApplicationGetIdleTaskMemory  freertos.o
    0x08005a9c   0x08005a9c   0x0000001a   Code   RO         6486    i.vListInitialise   list.o
    0x08005ab6   0x08005ab6   0x00000006   Code   RO         6487    i.vListInitialiseItem  list.o
    0x08005abc   0x08005abc   0x00000034   Code   RO         6488    i.vListInsert       list.o
    0x08005af0   0x08005af0   0x00000018   Code   RO         6489    i.vListInsertEnd    list.o
    0x08005b08   0x08005b08   0x00000054   Code   RO         7609    i.vPortEnterCritical  port.o
    0x08005b5c   0x08005b5c   0x0000003c   Code   RO         7610    i.vPortExitCritical  port.o
    0x08005b98   0x08005b98   0x00000094   Code   RO         7546    i.vPortFree         heap_4.o
    0x08005c2c   0x08005c2c   0x00000028   Code   RO         7611    i.vPortSetupTimerInterrupt  port.o
    0x08005c54   0x08005c54   0x00000078   Code   RO         7612    i.vPortValidateInterruptPriority  port.o
    0x08005ccc   0x08005ccc   0x0000005c   Code   RO         6874    i.vTaskDelay        tasks.o
    0x08005d28   0x08005d28   0x00000018   Code   RO         6877    i.vTaskInternalSetTimeOutState  tasks.o
    0x08005d40   0x08005d40   0x0000000c   Code   RO         6878    i.vTaskMissedYield  tasks.o
    0x08005d4c   0x08005d4c   0x00000038   Code   RO         6880    i.vTaskPlaceOnEventList  tasks.o
    0x08005d84   0x08005d84   0x000000b0   Code   RO         6887    i.vTaskStartScheduler  tasks.o
    0x08005e34   0x08005e34   0x00000010   Code   RO         6889    i.vTaskSuspendAll   tasks.o
    0x08005e44   0x08005e44   0x0000008c   Code   RO         6890    i.vTaskSwitchContext  tasks.o
    0x08005ed0   0x08005ed0   0x00000168   Code   RO         7613    i.xPortStartScheduler  port.o
    0x08006038   0x08006038   0x00000060   Code   RO         6541    i.xQueueGenericCreate  queue.o
    0x08006098   0x08006098   0x000000e0   Code   RO         6542    i.xQueueGenericCreateStatic  queue.o
    0x08006178   0x08006178   0x00000098   Code   RO         6543    i.xQueueGenericReset  queue.o
    0x08006210   0x08006210   0x000001a8   Code   RO         6544    i.xQueueGenericSend  queue.o
    0x080063b8   0x080063b8   0x000000fe   Code   RO         6545    i.xQueueGenericSendFromISR  queue.o
    0x080064b6   0x080064b6   0x00000002   PAD
    0x080064b8   0x080064b8   0x00000168   Code   RO         6551    i.xQueueReceive     queue.o
    0x08006620   0x08006620   0x000000d0   Code   RO         6552    i.xQueueReceiveFromISR  queue.o
    0x080066f0   0x080066f0   0x0000008c   Code   RO         6891    i.xTaskCheckForTimeOut  tasks.o
    0x0800677c   0x0800677c   0x0000006a   Code   RO         6892    i.xTaskCreate       tasks.o
    0x080067e6   0x080067e6   0x000000c0   Code   RO         6893    i.xTaskCreateStatic  tasks.o
    0x080068a6   0x080068a6   0x00000002   PAD
    0x080068a8   0x080068a8   0x00000020   Code   RO         6897    i.xTaskGetSchedulerState  tasks.o
    0x080068c8   0x080068c8   0x0000000c   Code   RO         6898    i.xTaskGetTickCount  tasks.o
    0x080068d4   0x080068d4   0x00000014   Code   RO         6899    i.xTaskGetTickCountFromISR  tasks.o
    0x080068e8   0x080068e8   0x00000148   Code   RO         6900    i.xTaskIncrementTick  tasks.o
    0x08006a30   0x08006a30   0x000000c8   Code   RO         6903    i.xTaskPriorityDisinherit  tasks.o
    0x08006af8   0x08006af8   0x00000098   Code   RO         6905    i.xTaskRemoveFromEventList  tasks.o
    0x08006b90   0x08006b90   0x00000104   Code   RO         6906    i.xTaskResumeAll    tasks.o
    0x08006c94   0x08006c94   0x0000000a   Code   RO         7806    x$fpl$fpinit        fz_wm.l(fpinit.o)
    0x08006c9e   0x08006c9e   0x00000002   PAD
    0x08006ca0   0x08006ca0   0x00000054   Data   RO           40    .constdata          main_1.o
    0x08006cf4   0x08006cf4   0x00000024   Data   RO         1014    .constdata          sd_diskio.o
    0x08006d18   0x08006d18   0x00000048   Data   RO         5829    .constdata          system_stm32l4xx.o
    0x08006d60   0x08006d60   0x00000021   Data   RO           41    .conststring        main_1.o
    0x08006d81   0x08006d81   0x00000003   PAD
    0x08006d84   0x08006d84   0x00000020   Data   RO         7862    Region$$Table       anon$$obj.o


    Execution Region RW_IRAM1 (Exec base: 0x20000000, Load base: 0x08006da4, Size: 0x00001810, Max: 0x0000c000, ABSOLUTE)

    Exec Addr    Load Addr    Size         Type   Attr      Idx    E Section Name        Object

    0x20000000   0x08006da4   0x0000000c   Data   RW           42    .data               main_1.o
    0x2000000c   0x08006db0   0x00000008   Data   RW         1015    .data               sd_diskio.o
    0x20000014   0x08006db8   0x00000005   Data   RW         1149    .data               fatfs.o
    0x20000019   0x08006dbd   0x00000003   PAD
    0x2000001c   0x08006dc0   0x00000009   Data   RW         1456    .data               stm32l4xx_hal.o
    0x20000025   0x08006dc9   0x00000003   PAD
    0x20000028   0x08006dcc   0x00000004   Data   RW         5830    .data               system_stm32l4xx.o
    0x2000002c   0x08006dd0   0x0000003c   Data   RW         6909    .data               tasks.o
    0x20000068   0x08006e0c   0x00000018   Data   RW         7551    .data               heap_4.o
    0x20000080   0x08006e24   0x0000000c   Data   RW         7614    .data               port.o
    0x2000008c        -       0x000001d0   Zero   RW           39    .bss                main_1.o
    0x2000025c        -       0x00000254   Zero   RW          509    .bss                freertos.o
    0x200004b0        -       0x0000004c   Zero   RW          848    .bss                stm32l4xx_hal_timebase_tim.o
    0x200004fc        -       0x0000000c   Zero   RW         6290    .bss                ff_gen_drv.o
    0x20000508        -       0x000000f0   Zero   RW         6908    .bss                tasks.o
    0x200005f8        -       0x00000bb8   Zero   RW         7550    .bss                heap_4.o
    0x200011b0        -       0x00000060   Zero   RW         7736    .bss                c_w.l(libspace.o)
    0x20001210        -       0x00000200   Zero   RW            2    HEAP                startup_stm32l433xx.o
    0x20001410        -       0x00000400   Zero   RW            1    STACK               startup_stm32l433xx.o


==============================================================================

Image component sizes


      Code (inc. data)   RO Data    RW Data    ZI Data      Debug   Object Name

       188         26          0          0          0       4701   bsp_driver_sd.o
       494         10          0          0          0      32719   cmsis_os.o
         4          0          0          0          0        460   datacollect.o
        78         14          0          0          0       1556   datasend.o
         0          0          0          0          0      18864   event_groups.o
        28         12          0          5          0       1062   fatfs.o
        24          4          0          0          0        573   fatfs_platform.o
       102          6          0          0         12       1691   ff_gen_drv.o
        24         10          0          0        596     773668   freertos.o
       692         62          0         24       3000       7355   heap_4.o
         8          0          0          0          0       1722   internetconnect.o
       148          0          0          0          0       3590   list.o
       936         80        117         12        464     786685   main_1.o
      1046         92          0         12          0      12081   port.o
      2106         14          0          0          0      18093   queue.o
       586         40         36          8          0      22850   sd_diskio.o
        64         26        396          0       1536        848   startup_stm32l433xx.o
       106         18          0          9          0      11990   stm32l4xx_hal.o
       994          0          0          0          0      10451   stm32l4xx_hal_can.o
       266         22          0          0          0      33598   stm32l4xx_hal_cortex.o
       204          0          0          0          0       2003   stm32l4xx_hal_dma.o
       482         28          0          0          0       2971   stm32l4xx_hal_gpio.o
       744         66          0          0          0       3850   stm32l4xx_hal_msp.o
       156         18          0          0          0       1366   stm32l4xx_hal_pwr_ex.o
      2820        118          0          0          0       8085   stm32l4xx_hal_rcc.o
      3324         74          0          0          0       5597   stm32l4xx_hal_rcc_ex.o
       884         22          0          0          0       5844   stm32l4xx_hal_rtc.o
      2140         56          0          0          0      11695   stm32l4xx_hal_sd.o
       796         26          0          0          0       6466   stm32l4xx_hal_tim.o
         6          0          0          0          0       2172   stm32l4xx_hal_tim_ex.o
       136         18          0          0         76       1479   stm32l4xx_hal_timebase_tim.o
      1942         50          0          0          0       7332   stm32l4xx_hal_uart.o
       100         30          0          0          0       5367   stm32l4xx_it.o
      1978         46          0          0          0      21978   stm32l4xx_ll_sdmmc.o
         0          0          0          0          0        392   stream_buffer.o
        80         12         72          4          0       1249   system_stm32l4xx.o
      2824        350          0         60        240      27247   tasks.o

    ----------------------------------------------------------------------
     26564       1350        656        140       5924    1859650   Object Totals
         0          0         32          0          0          0   (incl. Generated)
        54          0          3          6          0          0   (incl. Padding)

    ----------------------------------------------------------------------

      Code (inc. data)   RO Data    RW Data    ZI Data      Debug   Library Member Name

         8          0          0          0          0         68   __main.o
         0          0          0          0          0          0   __rtentry.o
        12          0          0          0          0          0   __rtentry2.o
         6          0          0          0          0          0   __rtentry4.o
        52          8          0          0          0          0   __scatter.o
        26          0          0          0          0          0   __scatter_copy.o
        28          0          0          0          0          0   __scatter_zi.o
        18          0          0          0          0         80   exit.o
         6          0          0          0          0        152   heapauxi.o
         0          0          0          0          0          0   indicate_semi.o
         2          0          0          0          0          0   libinit.o
         6          0          0          0          0          0   libinit2.o
         2          0          0          0          0          0   libshutdown.o
         2          0          0          0          0          0   libshutdown2.o
         8          4          0          0         96         68   libspace.o
       238          0          0          0          0        100   lludivv7m.o
        78          0          0          0          0         80   rt_memclr_w.o
       138          0          0          0          0         68   rt_memcpy_v6.o
       100          0          0          0          0         80   rt_memcpy_w.o
         2          0          0          0          0          0   rtexit.o
        10          0          0          0          0          0   rtexit2.o
        12          4          0          0          0         68   sys_exit.o
        74          0          0          0          0         80   sys_stackheap_outer.o
         2          0          0          0          0         68   use_no_semi.o
        10          0          0          0          0        116   fpinit.o

    ----------------------------------------------------------------------
       848         16          0          0         96       1028   Library Totals
         8          0          0          0          0          0   (incl. Padding)

    ----------------------------------------------------------------------

      Code (inc. data)   RO Data    RW Data    ZI Data      Debug   Library Name

       830         16          0          0         96        912   c_w.l
        10          0          0          0          0        116   fz_wm.l

    ----------------------------------------------------------------------
       848         16          0          0         96       1028   Library Totals

    ----------------------------------------------------------------------

==============================================================================


      Code (inc. data)   RO Data    RW Data    ZI Data      Debug   

     27412       1366        656        140       6020    1837714   Grand Totals
     27412       1366        656        140       6020    1837714   ELF Image Totals
     27412       1366        656        140          0          0   ROM Totals

==============================================================================

    Total RO  Size (Code + RO Data)                28068 (  27.41kB)
    Total RW  Size (RW Data + ZI Data)              6160 (   6.02kB)
    Total ROM Size (Code + RO Data + RW Data)      28208 (  27.55kB)

==============================================================================

